a
a
a
ah
ao
as
av
b
b
b
bf
bj
c
c
c
c
c
ca
ce
cj
cl
co
d
d
da
dj
dw
e
e
eh
ek
eq
eq
f
f
f
fe
fs
fw
fy
g
g
gc
gd
gp
gu
gu
h
h
h
h
h
h
h
hh
hm
hy
i
i
i
ii
iw
j
j
j
j
j
k
k
k
k
k
k
k
k
k
kf
ki
ku
kv
l
l
l
lh
lu
m
m
m
m
mf
mt
mu
n
n
n
nk
nn
np
nw
o
o
o
o
o
o
oa
of
oh
ou
ow
oz
p
p
p
p
p
p
p
p
p
pp
q
q
q
q
qe
qn
qq
r
r
r
rd
rm
sf
sk
sq
t
t
t
t
tj
tt
ty
u
u
u
ub
uh
uk
up
uq
v
vd
vh
vn
vx
w
wa
wb
wi
wn
wt
x
x
x
x
xd
xf
xk
xk
xl
xt
y
y
y
y
yf
yy
z
z
z
z
z
z
zi
zu
