a
a
a
a
a
ac
ai
aj
an
as
av
b
b
bc
by
c
c
c
c
c
c
ca
cc
cf
cl
ct
d
d
d
d
d
d
dg
di
dw
e
e
e
e
eb
es
ex
f
f
f
f
f
f
f
f
fe
fp
fs
fv
fy
g
g
g
g
g
ga
gc
ge
gi
gj
gk
go
gy
h
h
h
h
h
h
hm
i
i
i
i
i
if
ig
ii
io
j
j
j
jn
jp
jr
jr
k
k
k
k
k
ki
ki
kl
kn
kn
kz
l
l
l
l
l
l
ld
lf
lr
m
m
m
m
m
mh
mi
n
n
n
n
n
n
n
nc
nd
nq
nw
o
o
o
o
o
o
oe
of
og
oh
p
p
p
p
p
p
q
q
q
q
q
qk
qp
qw
qw
r
r
r
rx
ry
s
s
s
s
sv
t
t
t
t
t
ta
tf
tl
tp
tu
u
u
u
u
u
ua
uk
un
uz
v
v
v
v
v
vb
vb
vf
vj
vp
vq
vt
w
w
w
w
w
wq
wx
x
xo
xw
y
y
y
y
yc
yp
yz
z
z
z
z
z
z
zb
zi
zk
zp
zw
