a
a
a
a
a
a
a
a
ag
ah
aq
av
b
b
b
b
b
b
b
b
b
bb
bi
bn
bv
bx
c
c
c
c
c
ca
cg
ch
ci
cm
cq
cr
cz
d
d
d
d
d
d
d
de
dn
dp
dq
e
e
e
e
e
e
e
e
ea
ez
f
f
f
f
f
f
f
ff
fm
fn
fp
fz
g
g
g
g
g
g
g
g
g
g
g
g
g
g
g
g
g
gd
gg
gq
gs
gw
h
h
h
h
h
h
he
hh
hi
ht
i
i
i
i
i
i
i
ia
ic
ih
ii
ii
iu
j
j
j
j
jj
jk
jo
jp
jq
jq
jq
jq
js
js
ju
jw
jw
jx
jx
k
k
k
k
k
k
k
k
k
k
kc
kc
kf
kg
kg
kr
kz
l
l
l
lf
ll
lm
lr
lr
lw
lz
m
m
m
mi
mi
mj
mo
mo
mt
mx
mz
n
n
n
n
n
n
n
n
n
n
nf
ni
np
ns
nu
nx
ny
o
o
o
o
o
o
o
oa
oe
ok
ol
oo
oo
ou
ov
ow
p
p
p
p
p
p
p
p
p
p
p
pa
pb
pd
pm
pp
pz
q
q
q
q
qc
qd
qe
qq
qr
qv
r
r
r
r
r
r
rb
re
re
rt
rt
s
s
s
s
s
s
s
s
sd
sg
sm
so
ss
t
t
t
t
t
t
t
tj
tn
to
ts
ts
u
u
u
u
ua
uf
uh
un
uo
us
us
uw
v
v
v
va
vl
w
w
w
w
w
w
w
w
w
we
wf
wh
wl
wm
ww
wz
x
x
x
x
x
x
x
x
x
xa
xh
xr
xz
y
y
y
y
y
y
y
yc
yc
yd
yf
yh
yi
yr
yu
yv
yv
z
z
z
z
z
z
z
z
za
za
zd
zi
zn
zo
zw
zw
zx
