a
a
a
a
aa
ae
ae
ae
ah
al
ao
av
av
aw
aw
b
b
b
b
b
b
b
b
b
b
b
b
be
bh
bk
bm
bo
bu
bw
bw
bx
bx
c
c
c
c
c
c
c
cc
ce
cf
ch
cj
cp
cr
d
d
d
d
d
d
d
d
d
d
d
d
d
da
db
dl
dn
dq
ds
dz
e
e
e
e
e
e
e
ea
es
es
ew
ex
f
f
f
f
f
f
f
f
fc
fe
ff
fi
fj
fm
fr
fy
fy
fz
g
g
g
g
g
g
g
gg
gm
gr
gx
gy
h
h
h
hb
hb
hb
hh
hj
hk
hk
hn
hp
hq
hs
hs
hv
hx
i
i
i
i
i
i
i
i
ib
ib
if
im
im
iq
it
iu
ix
j
j
j
j
j
j
j
j
j
j
j
jf
jj
jt
k
k
k
k
k
kj
ko
kt
kt
kt
kv
l
l
l
l
l
l
l
lc
lf
lk
lo
lr
lr
lt
lz
lz
m
m
m
m
me
mi
mm
mm
mo
mq
n
n
n
n
n
n
nl
nl
np
nq
nr
nz
nz
o
o
o
o
o
o
o
o
o
oa
od
oq
ot
ox
oy
p
p
p
p
p
p
p
p
pb
pi
po
pp
pp
pq
pq
pr
px
py
q
q
q
q
q
qd
qi
qn
qr
qy
r
r
r
r
r
r
r
r
r
r
r
rb
rc
rh
rh
ri
rm
rn
s
s
s
s
s
s
s
s
s
s
s
s
s
sb
sq
su
sv
sw
sy
sz
t
t
t
t
t
t
t
t
t
td
td
tf
tm
tm
ty
ty
ty
u
u
u
u
u
u
ua
ud
uf
ug
ul
up
ur
us
ux
v
v
v
v
v
v
v
vb
vc
vd
vl
vl
vu
vy
vy
vy
vz
vz
w
w
w
w
w
w
wf
wf
wm
wm
wq
wt
wv
x
x
x
x
x
xa
xb
xd
xj
xl
xl
xn
xo
xr
xu
y
y
y
y
y
ya
yb
ye
yh
yk
yn
yt
yv
yx
yx
yx
z
z
z
z
z
z
z
z
z
za
zb
zh
zo
zo
zo
zq
zv
zz
