a
a
a
a
a
a
a
a
a
a
ab
ab
ac
ad
ag
am
av
b
b
b
b
b
b
b
b
b
b
b
b
b
ba
bh
bk
bm
bp
br
bs
bs
bt
bv
bv
c
c
c
c
cn
cq
cu
cw
cy
d
d
d
d
d
d
dc
dh
dh
dm
dm
dq
dr
dx
e
e
e
e
eb
ed
eg
ei
en
ep
es
eu
ev
ev
ez
f
f
f
f
fk
fn
fs
fu
fu
fv
fx
g
g
g
g
g
g
g
g
g
ga
gj
gn
gr
gs
gv
h
h
hb
he
hf
hj
hj
hl
hr
i
i
i
i
i
i
i
i
i
i
iu
iv
iv
j
j
j
j
j
j
j
j
jb
jf
jg
jj
jm
jq
jv
k
k
k
k
k
k
k
k
kg
kl
kp
ku
ky
l
l
l
l
ld
lj
lk
ly
m
m
m
m
m
m
m
m
m
m
m
m
m
m
mk
mm
mn
mr
ms
mu
mw
n
n
n
n
na
nd
nl
nm
nq
nw
o
o
o
o
o
o
o
o
o
o
od
oh
op
os
p
p
p
p
p
p
p
p
p
p
p
pb
pg
pg
pl
pt
pt
pu
pu
q
q
q
q
q
q
q
q
qa
qa
qd
qo
r
r
r
r
r
r
r
r
r
r
ra
rc
re
ru
rv
ry
s
s
s
sf
sh
sl
sz
t
t
t
t
tc
tg
tl
tx
tz
u
u
u
u
u
u
u
u
u
u
ua
um
ur
us
uu
uv
uw
v
v
v
v
v
v
vc
vh
vl
vl
vm
vn
vp
vr
vr
vw
vz
w
w
w
w
w
w
w
w
w
we
wf
wi
wu
wv
ww
x
x
x
x
x
xb
xc
xg
xk
xn
xo
xo
xq
xv
xy
xz
xz
y
y
y
y
y
yi
ym
yp
yr
yx
yy
z
z
z
z
z
z
z
za
zs
zs
zt
zx
