a
a
a
a
a
a
a
aa
ad
ae
al
an
ar
as
av
ay
b
b
b
b
b
b
b
b
b
b
b
bb
bf
bf
bh
bi
bj
bn
bn
bn
br
bw
bz
c
c
c
c
c
ca
ck
cl
cn
cs
cs
ct
d
d
d
d
d
d
d
d
d
d
d
db
db
dd
de
df
dg
dh
dj
dj
du
dv
dy
e
e
e
e
e
e
e
e
e
e
e
ec
ec
ed
ei
eq
es
ey
f
f
f
f
f
f
f
f
f
f
f
f
fd
ff
fj
fk
fn
fo
fs
fs
ft
fz
g
g
g
g
g
g
g
g
g
g
gb
gk
gu
gw
gz
h
h
h
h
h
h
h
h
h
ha
hf
hh
hi
hl
hu
i
i
i
i
i
i
i
i
i
ic
ie
ij
ik
im
io
iq
ir
is
iv
iw
iw
ix
iz
j
j
j
j
j
j
j
j
j
j
j
j
jd
k
k
k
k
ka
kb
kg
kh
ki
kj
kl
kn
kr
kr
kt
kz
l
l
l
l
l
l
l
l
l
l
l
l
l
l
li
lo
lp
lq
lt
lv
ly
ly
m
m
m
m
m
m
m
m
m
m
m
m
ma
mh
mi
mj
ml
mn
mp
mq
mq
mz
n
n
n
n
n
n
n
n
n
n
n
n
n
n
nc
nd
ng
nh
nk
nm
ns
nw
nw
ny
o
o
o
o
o
o
o
oa
oc
od
oe
oe
oh
op
or
os
os
ot
oy
oz
oz
p
p
p
p
p
p
p
p
p
pc
pd
pe
ph
pl
pl
pm
pn
pr
pt
pu
pu
pu
px
py
pz
q
q
q
q
q
q
q
q
q
q
q
q
q
q
qa
qb
qh
qi
qi
qn
qv
qw
qy
r
r
r
r
r
r
r
r
r
r
r
r
r
r
r
r
ra
rb
rc
rd
rd
rh
rk
ro
rp
rq
ru
rw
s
s
s
s
s
s
s
sb
sc
se
sp
sq
ss
sw
t
t
t
t
t
t
t
t
t
t
t
tb
th
th
tm
tr
ts
tv
tw
ty
u
u
u
u
u
u
u
ub
ug
uh
uq
us
ut
uv
v
v
v
v
v
v
vc
vc
ve
ve
vj
vl
vt
vw
vw
vx
vx
vy
vz
w
w
w
w
w
w
w
wa
wb
wf
wg
wh
wz
wz
x
x
x
x
x
x
x
x
x
x
x
x
x
xa
xj
xj
xl
xm
xn
xo
xp
xq
xu
xw
xw
xx
xz
y
y
y
y
y
y
y
y
ya
ye
yl
yp
yr
yr
yy
z
z
z
z
z
z
z
z
z
z
z
z
ze
zh
zp
zq
zr
zs
zw
zw
zx
