a
a
a
a
a
a
a
a
a
a
ab
ac
ah
ai
al
an
ap
ap
ar
at
au
ax
b
b
b
b
b
b
b
b
be
be
bf
bf
bg
bm
bp
bs
bv
bw
c
c
c
c
c
c
c
c
c
c
c
c
c
c
c
c
cb
cd
ce
cf
cf
ct
cv
cy
cy
d
d
d
d
d
d
d
d
d
d
d
d
d
d
da
dc
dd
df
dh
dk
dk
dl
dn
dp
ds
dx
dz
e
e
e
e
e
e
eb
eb
ee
ee
ef
eg
ei
ek
et
ex
f
f
f
f
f
f
f
f
fc
fd
fe
ff
fl
fm
fm
fp
fq
fq
ft
ft
ft
fu
g
g
g
g
g
g
g
g
g
g
gb
gb
gk
gl
go
gp
gq
gs
gt
gv
gz
h
h
h
h
h
h
h
h
h
h
h
h
hb
he
hf
hk
hp
hu
hu
hu
hw
hw
hx
hy
i
i
i
i
i
i
i
id
if
ig
ij
in
io
ir
ir
it
iy
j
j
j
j
j
j
j
j
jd
jd
jh
ji
jj
jj
jm
js
jv
jv
jw
jy
k
k
k
k
k
k
k
k
k
kb
kd
ke
kf
kh
kh
kj
kp
kr
ks
ku
kx
ky
l
l
l
l
l
l
l
l
lb
lh
lh
lj
ln
lp
lq
lt
lz
m
m
m
m
m
m
m
m
m
m
m
ma
ma
mc
mc
md
mi
mt
mv
mx
mx
n
n
n
n
n
n
n
n
n
n
n
n
n
na
nc
nd
ne
ne
nf
nf
nl
nn
np
o
o
o
o
o
o
o
o
o
o
o
o
o
o
ob
oe
oj
ok
oo
oq
or
os
os
p
p
p
p
p
p
p
pc
pe
pi
pk
pn
pq
pr
pu
q
q
q
q
q
q
q
q
qd
qe
qg
qj
qk
qn
qn
qo
qp
qp
qq
r
r
r
r
r
r
r
r
r
r
r
r
r
r
r
r
r
rb
re
rf
rm
rn
rq
rs
ru
rv
rx
ry
s
s
s
s
s
s
s
s
s
s
s
s
s
s
s
s
s
s
sb
sd
sf
sg
sg
sg
sl
sl
sn
st
st
sv
sx
sx
sy
t
t
t
t
t
t
t
tc
te
tf
tl
tm
tq
ts
ts
tt
tz
u
u
u
u
u
u
u
u
u
u
u
u
u
u
ua
ub
ud
ul
un
uu
uy
uy
v
v
v
v
v
v
v
v
v
v
v
v
vc
vg
vg
vk
vm
vp
vq
vr
vs
vu
w
w
w
w
w
w
w
w
w
w
w
w
w
w
w
w
w
w
w
wb
wc
wf
wh
wi
wj
wj
wo
wq
ws
wv
x
x
x
x
x
x
xa
xd
xf
xg
xl
xl
xn
xp
xp
xs
xs
xw
xx
xz
xz
y
y
y
y
y
yb
yd
yf
yh
yi
yi
yl
yn
yt
yu
yu
z
z
z
z
z
z
z
z
z
z
z
z
z
z
z
zf
zj
zk
zl
zl
zo
zq
zy
zy
