a
a
a
a
a
a
af
aj
ak
an
ao
aq
as
as
av
av
ax
ax
b
b
b
b
b
b
bd
be
bi
bn
bq
bt
bw
c
c
c
c
c
c
c
c
c
c
c
c
ca
cb
cj
co
cw
cy
d
d
d
d
d
d
d
d
d
d
d
d
d
d
d
d
d
da
dd
dm
do
dq
dq
dr
du
dv
dy
dz
e
e
e
e
e
e
e
e
e
eb
eb
eb
ee
ee
ee
ej
ek
et
eu
ev
ew
ey
f
f
f
f
f
f
f
f
f
f
fd
fk
fl
fo
fu
fx
g
g
g
g
g
g
g
g
g
ge
gn
gp
gr
gy
gz
h
h
h
h
h
h
hb
hc
hd
hg
hi
hl
hq
hr
hs
hs
hw
hy
i
i
i
i
i
i
ic
ih
ih
ik
il
im
im
iq
ir
is
iu
iu
ix
j
j
j
j
j
j
j
j
j
j
j
j
j
j
j
jg
jg
ji
jn
jo
jq
k
k
k
k
k
k
k
k
k
kb
kb
kf
kg
kt
ku
kx
kz
l
l
l
l
l
l
l
l
l
l
l
l
lb
lf
lh
lk
ll
lu
lv
lx
lx
m
m
m
m
m
m
m
m
m
m
mb
me
mg
mh
mh
mi
mk
ml
ml
mn
mp
mq
mu
mv
mv
my
mz
n
n
n
n
n
n
n
n
n
n
n
n
n
nb
nd
nj
nl
nl
no
nt
nu
nv
nv
nv
nx
nx
nz
o
o
o
o
o
o
o
o
o
o
oa
oc
ol
om
op
ot
ou
oz
p
p
p
p
p
p
p
p
pa
pb
pe
pf
pk
pk
pn
po
po
pq
pq
pr
ps
ps
pu
pz
q
q
q
q
q
q
q
q
q
q
qa
qa
qb
qc
qc
qg
qq
qr
qs
qu
qz
r
r
r
r
r
r
r
r
rc
rf
rg
rh
ri
ri
rn
ro
rp
rv
rw
rx
s
s
s
s
s
s
s
s
s
sd
sk
sr
sw
sy
sz
t
t
t
t
t
t
t
t
t
t
t
tc
td
tj
tk
tp
tx
u
u
u
u
u
u
u
u
u
u
u
u
u
u
u
ub
uf
ug
ui
ui
ul
um
uo
uo
up
uv
uw
uy
uy
v
v
v
v
v
v
v
v
v
v
v
v
v
v
v
va
vc
vc
ve
vh
vh
vj
vm
vn
vt
vu
vv
vv
vv
w
w
w
w
w
w
w
w
w
w
w
wd
wd
we
wf
wj
wj
wj
wj
wk
wk
wt
wx
wz
x
x
x
x
x
x
x
x
x
x
xa
xa
xa
xh
xi
xn
xq
xq
xw
xy
y
y
y
y
y
y
y
y
y
y
ya
yi
yk
yn
yn
yp
yp
ys
yu
yx
yy
z
z
z
z
z
z
z
z
z
zc
ze
zg
zh
zh
zi
zm
zt
zz
