a
a
a
a
a
a
a
a
a
a
a
a
a
a
a
a
a
aa
af
af
af
ai
an
av
aw
ax
az
b
b
b
b
b
b
b
b
b
b
b
b
b
b
b
b
bh
bh
bi
bi
bl
bl
bn
bn
bo
bp
bx
bx
c
c
c
c
c
c
c
c
c
c
c
c
c
c
c
cc
cd
cf
ci
cm
co
cq
cu
cw
cx
cz
cz
d
d
d
d
d
d
d
d
d
d
d
d
d
d
da
da
db
dd
df
df
dg
di
dk
dk
dm
dm
do
do
dr
dr
dv
dy
dz
dz
e
e
e
e
e
e
e
e
e
e
e
e
e
e
e
e
ec
ee
ee
ef
eg
eh
ei
ej
ep
et
et
eu
f
f
f
f
f
f
f
f
f
f
f
fa
fb
fc
fc
fd
fe
fi
fi
fl
fm
fn
fo
fp
fw
fx
g
g
g
g
g
g
g
g
g
g
g
gc
gg
gg
gh
gh
gi
gn
go
gr
gv
gx
gy
h
h
h
h
h
h
h
h
hb
he
hf
hh
hi
hl
hl
hm
ho
hr
hu
hw
hw
hz
i
i
i
i
i
i
i
i
i
i
i
i
i
i
i
ia
ic
id
id
ie
if
if
ij
ik
il
it
iy
j
j
j
j
j
j
j
j
j
j
j
j
ja
jc
jd
jg
jh
jj
jl
jl
jr
js
js
ju
jv
jw
k
k
k
k
k
k
k
k
k
k
k
k
k
k
k
k
k
k
k
k
k
k
kb
kb
ke
kg
kh
ki
ks
l
l
l
l
l
l
l
l
l
l
l
l
l
l
la
ld
lh
li
lk
lm
ln
lq
lr
lr
lt
lv
lx
ly
m
m
m
m
m
m
m
m
m
m
m
m
m
m
m
m
m
ma
mc
mh
mj
ml
mn
mo
mp
mq
mq
mq
mr
ms
mv
mw
n
n
n
n
n
n
n
n
n
n
n
n
na
nb
nc
nd
nd
nf
nh
ni
ni
nj
nk
nl
nn
nq
nr
nt
nt
nv
nw
nz
o
o
o
o
o
o
o
o
o
o
o
o
o
o
oc
oe
of
oh
oj
oj
oj
ok
om
on
on
oo
oo
op
op
oq
or
or
os
ot
ot
ou
ou
ou
ov
ov
ov
ox
ox
p
p
p
p
p
p
p
p
p
p
p
pe
pj
pj
pk
pn
po
pr
pr
pv
pw
py
q
q
q
q
q
q
q
qh
qk
ql
ql
qm
qn
qn
qn
qo
qo
qp
qr
qv
qv
qz
qz
r
r
r
r
r
r
r
r
r
r
r
r
r
r
r
r
r
r
r
rd
re
rj
rk
rm
rt
ru
rz
s
s
s
s
s
s
s
s
s
s
s
s
sb
sc
sc
sf
sg
sh
si
sj
sk
sm
sn
so
so
st
st
sv
t
t
t
t
t
t
t
t
t
t
t
t
t
ta
tb
tb
te
tg
ti
tj
tl
tl
tm
tm
tp
tp
tp
tp
tr
tr
ts
tz
u
u
u
u
u
u
u
u
u
u
u
u
u
u
u
ub
uf
uh
un
uo
uo
uq
us
ut
ut
uu
uu
uv
uw
uw
ux
uz
v
v
v
v
v
v
v
v
v
v
vb
vb
vd
vd
vl
vo
vr
vs
vt
vu
vu
vw
vw
vz
w
w
w
w
w
w
w
w
w
w
w
w
wd
wd
wf
wf
wl
wl
wp
wq
wr
wu
ww
wy
wz
x
x
x
x
x
x
x
x
x
x
x
x
x
x
x
xf
xh
xl
xl
xq
xs
xs
xw
y
y
y
y
y
y
y
y
y
y
y
y
yd
yf
yf
yf
yk
yo
yt
yu
yv
yx
yy
yz
z
z
z
z
z
z
z
z
z
z
z
z
z
z
z
z
za
zb
zc
zc
zk
zm
zp
zp
zp
zq
zu
zx
