a
a
a
a
a
a
a
a
a
a
a
a
a
a
a
a
a
a
ad
ae
af
ai
ak
an
ap
aq
ar
ar
at
av
aw
ax
ax
ax
ay
ay
az
az
b
b
b
b
b
b
b
b
b
b
b
b
b
b
b
b
b
b
b
b
b
ba
ba
bd
be
be
be
bg
bi
bm
bo
bp
bp
br
bu
bu
bu
bv
bv
by
c
c
c
c
c
c
c
c
c
c
c
c
c
c
c
cb
cd
cd
ce
ce
ch
cj
cj
cm
cm
cp
cq
cq
cq
ct
cu
cw
cw
cy
d
d
d
d
d
d
d
d
d
d
d
d
d
d
d
d
d
d
d
da
db
dd
de
de
dg
dg
di
dk
dk
dl
dm
do
dp
dp
dp
du
du
dw
dx
dz
e
e
e
e
e
e
e
e
e
e
e
e
e
e
e
e
e
ed
eg
eg
eg
eh
eh
ei
ej
ek
ek
el
em
ep
ep
ep
es
et
eu
ew
ex
ez
f
f
f
f
f
f
f
f
f
f
f
f
f
f
f
fa
fb
fd
fe
fe
fi
fj
fj
fk
fn
fn
fn
fo
fp
ft
ft
fu
fv
fw
fy
fz
fz
g
g
g
g
g
g
g
g
g
g
g
g
g
g
g
g
gb
gb
gb
gc
ge
gf
gg
gi
gm
gn
gn
gp
gp
gr
gr
gt
gu
gv
gw
gx
gy
h
h
h
h
h
h
h
h
h
h
h
h
h
h
h
hc
hc
hh
hh
hj
hk
hl
hm
ho
hq
hq
hr
hr
hs
hw
hw
i
i
i
i
i
i
i
i
i
i
ia
ic
ic
id
id
ig
ij
ij
ik
il
in
ip
it
iu
iu
iw
iy
iy
iz
j
j
j
j
j
j
j
j
j
j
j
j
j
j
j
j
j
j
j
j
j
j
j
j
j
jb
jc
jd
jd
jj
jl
jl
jl
jn
jn
jn
jn
jp
jr
jr
jt
ju
ju
jv
jv
jx
jz
k
k
k
k
k
k
k
k
k
k
k
k
k
k
k
k
k
k
k
k
ka
kb
kd
kd
ke
kg
ki
ki
ki
kl
kl
ko
ko
kt
kv
kw
ky
ky
kz
l
l
l
l
l
l
l
l
l
l
l
l
l
l
l
l
la
ld
le
lf
lf
lg
lg
li
lk
ll
ln
lo
lp
lp
ls
lv
lx
lx
m
m
m
m
m
m
m
m
m
m
m
m
m
m
m
m
m
m
m
m
m
m
m
ma
mb
mb
mb
mb
mb
mc
md
md
me
mf
mf
mh
mj
mj
mk
mk
mk
ml
mm
mm
mo
ms
ms
ms
mt
mu
mw
mw
mx
mz
n
n
n
n
n
n
n
n
n
n
n
n
n
n
n
n
n
n
n
n
n
n
n
n
na
na
na
nb
nc
nc
nd
ne
ne
nj
nl
nm
nq
nr
nr
nt
nt
nu
nu
nv
nx
nz
o
o
o
o
o
o
o
o
o
o
o
o
o
o
o
o
o
o
oa
ob
oc
od
od
od
oe
og
ok
ol
ol
on
oo
oo
op
op
ou
ou
ow
oy
oy
p
p
p
p
p
p
p
p
p
p
p
p
p
p
p
p
p
pa
pa
pb
pb
pd
pd
pd
pe
pk
pk
pm
pm
pn
po
pp
pr
ps
pt
pv
px
pz
q
q
q
q
q
q
q
q
q
q
q
q
q
q
q
q
q
q
q
q
q
q
q
qa
qd
qg
qg
qk
qn
qn
qp
qu
qu
qv
qv
qw
qy
qz
r
r
r
r
r
r
r
r
r
r
r
r
r
r
rg
rg
rh
rh
rh
ri
rl
rm
ro
rp
rp
rq
rq
rr
rr
rs
ru
ru
rw
rx
rz
s
s
s
s
s
s
s
s
s
s
s
s
s
s
s
s
s
s
s
s
s
s
s
s
sb
sc
sd
se
sf
sg
sg
sh
si
sl
sl
sm
sn
so
so
so
sp
ss
ss
sx
sx
t
t
t
t
t
t
t
t
t
t
t
t
t
t
t
t
t
t
t
ta
tc
tc
td
te
te
tf
ti
tj
tn
tn
tn
tn
tn
to
to
tp
tp
tq
tw
ty
tz
u
u
u
u
u
u
u
u
u
u
u
u
u
u
u
u
u
u
u
u
u
u
u
u
u
u
ua
uc
ud
ud
ud
uf
uj
um
uo
uo
ut
ut
uw
uw
uw
uy
v
v
v
v
v
v
v
v
v
v
v
v
va
vb
vd
ve
ve
vg
vi
vk
vm
vn
vq
w
w
w
w
w
w
w
w
w
w
w
w
w
w
w
w
w
w
w
w
w
w
w
w
wb
wb
wb
wc
wd
we
wg
wg
wh
wi
wk
wk
wl
wm
wo
ws
ws
wu
wu
wv
wv
ww
ww
ww
wz
x
x
x
x
x
x
x
x
x
x
x
x
x
x
x
x
x
x
x
x
xa
xa
xb
xb
xb
xc
xd
xe
xe
xf
xg
xg
xi
xk
xl
xm
xm
xm
xn
xp
xs
xs
xu
xx
xz
y
y
y
y
y
y
y
y
y
y
y
y
y
y
y
y
y
y
y
y
ya
yd
ye
yg
yi
yi
yj
yk
yl
ym
ym
ym
yn
yo
yp
yp
yp
yq
yq
yq
yr
yr
ys
ys
yt
yt
yw
yx
yz
yz
z
z
z
z
z
z
z
z
z
z
z
z
z
z
z
z
z
za
za
zb
zd
zd
zf
zf
zf
zk
zk
zl
zm
zm
zn
zr
zr
zs
zu
zu
zx
zx
zy
