a
a
a
a
a
a
a
a
a
a
a
a
a
aa
ab
ac
ad
ad
ae
ae
ai
aj
ak
ak
al
am
an
an
as
av
ax
ay
b
b
b
b
b
b
b
b
b
b
b
b
b
b
b
ba
ba
bb
bb
bc
bd
bd
be
bf
bf
bf
bf
bg
bg
bh
bh
bi
bk
bo
bq
bs
bs
bu
bv
bv
bw
bw
bw
bz
c
c
c
c
c
c
c
c
c
c
c
c
c
c
c
c
c
c
c
c
c
c
c
c
ca
cc
cd
cd
cd
cd
cg
ch
ci
cj
cj
cj
cn
cn
cp
cq
cs
ct
cu
cw
cz
d
d
d
d
d
d
d
d
d
d
d
d
d
d
d
d
d
d
d
d
d
da
dc
df
di
dj
dj
dn
dn
do
dp
dp
dp
e
e
e
e
e
e
e
e
e
e
e
e
e
e
e
e
e
eb
ec
ec
ed
ee
ef
eg
ej
ek
ek
em
en
en
eo
eo
ep
f
f
f
f
f
f
f
f
f
f
f
f
f
f
f
f
f
f
fa
fa
fe
fe
ff
ff
fg
fi
fk
fk
fn
fn
fp
fr
ft
fu
fu
fz
g
g
g
g
g
g
g
g
g
g
g
g
ga
ge
gg
gg
gh
gh
gi
gj
gm
gm
gn
gp
gr
gr
gu
gu
gv
gv
gw
gy
h
h
h
h
h
h
h
h
h
h
h
h
h
h
h
ha
ha
hb
hc
hd
hd
he
hf
hj
hl
hm
hq
hq
hs
hu
hw
hw
hy
hz
i
i
i
i
i
i
i
i
i
i
i
i
i
i
i
i
i
i
i
i
i
i
i
id
ig
ig
ih
ih
ij
ik
ik
im
ip
iq
iq
ir
ir
ir
is
it
j
j
j
j
j
j
j
j
j
j
j
j
j
j
j
j
j
j
j
j
j
j
j
j
jb
jc
jd
je
je
je
ji
jj
jj
jl
jl
jm
jm
jo
jo
jp
jp
jq
jr
jr
ju
jw
jw
jx
jx
jy
jy
jz
k
k
k
k
k
k
k
k
k
k
k
k
k
k
k
k
k
k
k
k
k
k
k
k
k
k
ka
kb
kc
kh
ki
kj
kn
ko
kp
kp
kq
kq
kr
kt
ku
kv
kw
l
l
l
l
l
l
l
l
l
l
l
l
l
l
l
la
lb
ld
le
lf
lh
lj
lk
ll
lm
ln
ln
lp
lr
ls
lt
lx
lx
m
m
m
m
m
m
m
m
m
m
m
m
m
m
m
m
m
m
m
m
ma
mc
mj
mk
mk
mn
mn
mn
mp
mr
mw
mx
mx
n
n
n
n
n
n
n
n
n
n
n
n
n
n
n
n
n
n
n
n
n
n
n
nb
ne
ng
ng
ng
nh
ni
nj
nl
nl
nm
no
nr
ns
nu
nv
nv
nw
o
o
o
o
o
o
o
o
o
o
o
o
o
o
o
o
o
o
o
o
o
o
o
o
o
ob
oe
of
oh
oi
oj
ok
ol
on
oo
op
op
oq
or
ot
ou
ou
ou
ow
oy
p
p
p
p
p
p
p
p
p
p
p
p
p
p
p
p
p
p
pb
pd
pd
pe
pg
ph
pi
pm
pn
pu
pu
pv
pw
py
pz
q
q
q
q
q
q
q
q
q
q
q
q
q
q
q
q
qa
qa
qc
qd
qf
qf
qg
qh
qi
qj
qj
ql
ql
qm
qt
qu
qv
qv
qx
qx
qy
qy
qz
qz
r
r
r
r
r
r
r
r
r
r
r
r
r
r
r
r
r
r
r
r
r
r
r
ra
ra
rb
rf
rg
rg
rg
rh
ri
rl
rl
rn
rp
rr
rt
rt
ru
rv
rx
ry
ry
s
s
s
s
s
s
s
s
s
s
s
s
s
s
s
s
s
sa
sb
sb
sb
sf
sg
sg
si
sm
sp
sp
sp
sp
sq
sq
sq
sr
sr
st
su
sv
sw
sw
sx
sz
t
t
t
t
t
t
t
t
t
t
t
t
t
t
t
t
t
tb
tb
tc
tc
td
tg
tg
ti
tk
tk
tl
tm
tm
tm
to
tp
tq
tq
tt
tv
tw
ty
tz
tz
u
u
u
u
u
u
u
u
u
u
u
u
u
u
u
u
u
ua
ub
uc
ud
uf
uh
uh
ui
uk
ul
un
un
un
uo
up
us
ut
uu
uw
ux
v
v
v
v
v
v
v
v
v
v
v
v
v
v
v
v
v
vf
vk
vk
vl
vm
vm
vn
vo
vq
vt
vt
vu
vw
vx
vx
vz
w
w
w
w
w
w
w
w
w
w
w
w
w
w
w
w
w
wc
wf
wh
wh
wk
wk
wm
wm
wp
ws
ws
wt
wu
wu
wv
wv
wx
wy
wy
wz
x
x
x
x
x
x
x
x
x
x
x
x
x
x
x
x
x
x
x
x
x
x
x
x
xb
xb
xd
xg
xg
xj
xo
xp
xr
xr
xs
xs
xt
xu
xv
xw
xy
xz
xz
xz
y
y
y
y
y
y
y
y
y
y
y
y
y
y
y
y
y
y
y
y
y
y
y
y
y
ya
ya
yb
ye
yj
yl
ym
ym
ym
yp
yq
yq
yq
yr
ys
yt
yu
yu
yv
yw
yy
yy
z
z
z
z
z
z
z
z
za
zb
zc
zc
zd
ze
ze
zg
zm
zm
zn
zo
zp
zp
zq
zr
zr
zz
