a
a
a
a
a
a
a
a
a
a
a
a
a
a
a
a
a
a
a
ab
ac
ad
ad
ag
ag
ah
ai
aj
am
as
av
aw
ax
az
b
b
b
b
b
b
b
b
b
b
b
b
b
b
b
b
b
ba
bb
bf
bh
bi
bj
bk
bk
bl
bm
bn
bo
bo
bs
bw
bx
bx
c
c
c
c
c
c
c
c
c
c
c
c
c
c
c
c
c
c
c
c
c
c
c
c
c
c
c
cg
ch
ch
ch
ci
ci
cj
ck
ck
cl
cl
cm
cn
cp
cp
cq
cr
ct
cv
cw
cw
cx
d
d
d
d
d
d
d
d
d
d
d
d
d
d
d
d
d
d
d
d
d
d
d
d
d
db
dc
dd
dd
de
df
dg
dg
di
dj
dk
dm
dp
dr
ds
dv
dx
dy
e
e
e
e
e
e
e
e
e
e
e
e
e
e
e
e
e
e
e
e
e
e
e
e
e
ea
ea
ec
ed
ed
ee
ee
ef
ef
ef
eg
eg
eh
eh
eh
eh
ej
el
eo
er
et
eu
eu
ev
ew
ex
ex
f
f
f
f
f
f
f
f
f
f
f
f
f
f
f
f
f
f
f
fb
fb
fb
fc
fc
fc
fd
fe
fg
fh
fh
fk
fk
fm
fn
fn
fo
fp
fr
fr
fr
fs
fs
ft
ft
fu
g
g
g
g
g
g
g
g
g
g
g
g
g
g
g
g
g
g
g
gb
gd
gf
gg
gg
gg
gh
gh
gj
gm
gm
gm
go
gp
gs
gt
gv
gw
gw
gx
gy
gy
h
h
h
h
h
h
h
h
h
h
h
h
h
h
h
h
h
h
h
h
h
h
h
h
h
h
h
h
h
ha
ha
ha
hd
hf
hg
hj
hl
hl
hn
ho
ho
ho
hr
ht
hu
hu
hu
hv
hw
hy
i
i
i
i
i
i
i
i
ia
ib
ig
ig
ig
ih
ii
ii
ij
ij
il
il
io
ip
ir
ir
is
iv
ix
ix
iy
j
j
j
j
j
j
j
j
j
j
j
j
j
j
j
j
j
j
j
j
j
j
j
ja
jb
jb
jb
jb
jc
jd
jg
jg
jg
jg
jg
ji
ji
jj
jn
jn
jo
jo
jq
jr
jr
jv
jw
jx
jy
jz
k
k
k
k
k
k
k
k
k
k
k
k
k
k
k
k
k
k
k
k
k
k
k
k
ka
kd
kd
kg
kj
kl
kn
kn
ko
kp
kp
kr
kr
ks
kv
kx
l
l
l
l
l
l
l
l
l
l
l
l
l
l
la
la
la
lg
li
lj
lm
lq
lq
ls
ls
lv
lw
lx
lz
lz
m
m
m
m
m
m
m
m
m
m
m
m
m
m
m
m
m
m
m
m
mb
mb
me
mh
mj
mj
ml
ml
mm
mo
mo
mp
mq
mq
ms
mu
my
n
n
n
n
n
n
n
n
n
n
n
n
n
n
n
n
n
n
n
n
n
n
n
n
n
nc
nc
ne
ne
nh
nh
nj
nj
nj
nk
nm
nn
nn
nr
nt
nt
nu
nv
nv
nw
nx
ny
nz
o
o
o
o
o
o
o
o
o
o
o
o
o
o
o
o
o
o
o
oc
od
od
of
of
og
oi
oj
oj
ok
ok
ow
ow
oy
oz
p
p
p
p
p
p
p
p
p
p
p
p
p
p
p
p
p
p
pe
pe
ph
pm
pr
pr
pr
pt
pu
pv
py
q
q
q
q
q
q
q
q
q
q
q
q
q
q
q
q
q
q
q
q
q
q
q
qb
qf
qg
qg
qi
qi
qi
qj
qm
qq
qq
qs
qt
qu
qw
qx
qy
qy
qz
r
r
r
r
r
r
r
r
r
r
r
r
r
r
r
r
r
r
r
r
r
r
ra
ra
rb
rb
rd
rd
re
re
rf
rg
rh
rh
rh
ri
rj
rl
rl
rm
rm
rr
rr
rs
ru
ru
rw
rz
rz
s
s
s
s
s
s
s
s
s
s
s
s
s
s
sa
sc
sc
sd
se
sg
sh
sl
sn
sn
sp
sp
st
sx
sz
sz
sz
t
t
t
t
t
t
t
t
t
t
t
t
t
tf
tn
tp
tq
tr
tt
tw
tx
ty
u
u
u
u
u
u
u
u
u
u
u
u
u
u
u
u
u
u
u
u
u
u
u
u
u
ub
uc
ud
ue
uf
uh
uj
uk
uk
uk
um
uo
up
up
uq
uq
ur
ut
ut
uw
ux
uz
uz
uz
uz
v
v
v
v
v
v
v
v
v
v
v
v
v
v
v
v
v
vb
vc
vf
vf
vg
vg
vj
vj
vj
vo
vp
vq
vq
vt
vu
vv
vx
vy
vy
vy
vz
w
w
w
w
w
w
w
w
w
w
w
w
w
w
w
w
w
w
w
w
w
w
w
w
w
w
wb
wb
wb
wc
we
wf
wf
wk
wk
wk
wk
wm
wm
wn
wt
wt
wx
wy
x
x
x
x
x
x
x
x
x
x
x
x
x
x
x
x
x
x
x
x
x
x
x
x
x
xa
xc
xd
xg
xi
xk
xm
xo
xo
xp
xr
xu
xu
xv
xv
xz
y
y
y
y
y
y
y
y
y
y
y
y
y
y
y
y
y
y
y
y
y
ya
yb
yb
yc
yc
ye
yf
yg
yh
yi
yj
yl
yo
yo
yq
yr
yr
yr
ys
yu
yx
yy
yy
yz
z
z
z
z
z
z
z
z
z
z
z
z
z
z
z
z
z
z
z
z
z
z
z
z
za
za
za
zf
zh
zh
zj
zk
zk
zl
zm
zo
zo
zo
zv
zx
zx
zy
zz
