((-0-)1((((-2-)4(-4(-4-)))14-)17(-23-)))
Min value: 0
(-1((((-2-)4(-4(-4-)))14-)17(-23-)))
Min value: 1
((((-2-)4(-4(-4-)))14-)17(-23-))
Min value: 2
(((-4(-4(-4-)))14-)17(-23-))
Min value: 4
(((-4(-4-))14-)17(-23-))
Min value: 4
(((-4-)14-)17(-23-))
Min value: 4
((-14-)17(-23-))
Min value: 14
(-17(-23-))
Min value: 17
(-23-)
Min value: 23
NULL
