     ptz      aly   szoawo    wucys
    qcti  rfmeefg  qmhiies  umnhdtx
   fyaol      gcp  zwuadop kmgwgrav
      xn   nwmlgd   eyvqvc     lrvu
   azndv oftmpzpb  bizvclc  falaohn
     rkv yekpfvkv  jrpnzvo       xl
      xy   zanldh  ymjcuin  rmuudfb
 fujekpk vjuhxxfp    wqlmj       dz
lfvkqrfp  qlylter    euulq  gshclzj
ushoihit       tw   lebwsu       su
  fqtsfc    jczug    kgeqn     wuer
 zmlrkqh     yqln   tkpbsy ninaqqmw
   ccznb   yrkpqa  phnbarv    syxpq
      sb  axtrsfd     lgxg   kbipga
   dipqk       gl wcpmbfow    hsmyf
   bouoo     azqu  fpozujw      vtm
      wg axzqhzcm    jlems
