jcpijkrj       wx       za      byv
      qx  juqpzko     vsfo      pxt
 oqjpuec      znu thdqnnxx      rbu
qimkijhn vshcaeap     jiwa  rkqcluy
 sinmbxx      pfn ocobikwa    jdraj
  vhbmwv  dtfzkwb    cpnyn    jwapk
     iyl    dljma  ldgrixz    qispi
 erfrcpo    rsykz    gnhak vpfwhvbb
      cr   ijiyvh    asgtx  liqmdjt
      re zilndyaj    ilqeg owlfjklv
lxfmxtsa      cmx  pswgzpy      elp
      np ksqfswrl     qaid     megc
  paexdn  uwydryd  mxfudhu   gmtgex
 bspqgag       ob     jmli  hvtjgwd
necsjssf    zsgkk     wsic      zwv
      jm   eigpst    dtpsh   qqoqao
      xi  qrylarv  juissbo      mbn
    wipu pakujbxz    nutjq       gx
dsbidjbx      vhl iuickwas
