     ekt   gkwznk  qeqfuev   fizzbp
risllkmn      zcp       xa       hh
  nbcgwb     imxu     zueo      obi
      bz     yhts    ggfsr      had
 chuwjmw      pvv  azhrytg     ewbc
     bac qoiimtsp    cceoj      yfw
  xntkob      jai  prmkrgt      kre
      em    cgbhv   idrxuk    kcdut
 cejictc     dtfa       if      ndm
      mf  djjdveg   dbgquw   veezlt
    ilpl      mmd       un  whjihyr
     gqd     dlcq    krzjk  xiuwgbf
  rafiue bjukocso       vh     jxjc
  qjuohi  cymleaz   jmuqnz  rjkscbq
 pjmdfyn       lc      jux      ndi
    ucle qsuzlbjw   vprpkw    bbbxi
   uwmdm       uv      kuf       ai
     ecm lehkjphl   eugiir
