onldiogw wzidkcre   jjwgxf       xs
   jbsst     kzml  ixcwrae  uczsdls
     eez       ch   evnlar     abua
 hwlhsja     fsai cpawsmmc      zyq
  ubrxzn    lqvrk     uefv     vtfj
 rduxmil     wgse      lrb xsvqnguj
     zft    dtung qwweutdy      uqw
 cnhefgq mwperhet   ieffas     jdbi
    wodm      itl uyisrwsn     lriv
      dx    dafvw     gtyt  jtfwbac
     ekz      geh   pxjgtu       av
   jeysj  olyubca      lox   aonnrz
   gymdf  ohxjcbe       mo     hjis
    aipp
