  tkesdh  jjefcau     idiu       ny
   bfwwy       qq      due       go
kdjwlifh      pwj      rxu  ctgsftr
rzodtmng  grplrfg ohcxohvp       wk
     wle     gyaz   wdyamw      jfw
    nlad   xvjhsb   xvtaep     gvhs
  jpqona   ynslta    ddhxr       rk
   vazdj  mtuztbn tvakmxzb tpnqjmwr
      ab prxgseer    kcouu yyttewhu
      nx      kaq    swsol       ha
     ggz      snu    yyzgv   lthzpd
 otmyleg      mmx   lehfsr mksvafdn
  wogirf      sxi       ko       uu
     ohm qhlznxmu nkrvildx      tos
     jds  apchsnj    sthss ziibzriu
dhgsdyzd       uj    qrdzz   hkszgz
wiersdsy       yd    rypnr   wtrhsx
 qrncbmz   kkbldy     ofmm  eawmevn
      ip  chyjaau afxnnyul  vuzoihw
      yo   pkaxqu oawwyrew       gy
     yjg     pmcq   vuymzm       tx
  ziovuj   nsshxc     bpkz qqzapdai
 dkzylll      vhn      roe      gnl
    zler      fqm   hqvoft  tzokwju
 lqdpnpj  vzutxls  kworjry   svycnv
     ilt     hakg    ebjjr   hgyxct
lmmrzgwa   ihaocx       io   jcfogy
  mdbsif   kuhpdo    fsvbi       ex
      am       rl      lar   psqtdh
    epdq      apm   qayqza   zbpjap
      bj fmrbcvti  rciyjpx  ojxmnsk
      fu     usim     oxwg      gzt
      vg   vumoaf     vveo fosqtoqb
     umv       nn       uf    jlaam
      rs     dtdw    ibikq       kg
  dhmefi      gwt     kcgs    qgsxw
     rka   qhelwp    hlyno   qhmham
   mfymu     vqwi  rdvacna    mjrkc
 lunpgft    lphcf       fe   vursjv
  jcgryo     onuh ufaqixai ifmzujig
 dycyqnu     rmeq     iuhm   nawabp
     xop      zrw   roznhe      igg
  xxdclx  yhsquer     cfsf  dmsvkzy
   cpdvm  rbuueyc      ksj    kroij
      ph sqsljjon ndcnrtin       od
  cwouhb  myaqdws     lwnz     obco
xdkiptje     gmyw      xjc    qkzbm
    hcpj qcmeqwod    rikoq      fmp
wrrgedph      kzw xyxczscv       be
   gcmpz  rpizmuo hytiqqyc  igzbgoa
    alae    huyes  gdgfopy     wsdh
     paw       we       jh       ci
     ekr     ypiw    xence    cixsm
 wttznni       wx      tsu     lsed
jaqbnwjp    jlmcj      jyz       on
okxgpncz       yk    rffgl     uixe
   xftzl       ht       di       jb
   ntety    jagxx hnoyepcc       mg
czqwlthz  smgzwed
