   nxdec ritnnlwx      too uoxawori
   ickmf     ekly    ffksy   sasmhp
  udbxdu mgnxdkmd      nfu jpzkchix
     ovj trcwutiq     jdov     mghq
     rex    hnoue       rb     ijno
    vjln      csv  yoesrnn       uh
  bqgvkx      kij ejllsobb     lrho
   labfu  ggvdpun       cp       lp
      rd      qwf   zutawr    htuwt
      el  mhkxwdl  ngdbegi tbtakeuu
  qmohjs     tcny      tnw ihdcqwrw
    mvcu     egyj     dlbi   livpqa
yqkizwce       ze    bmduv       vp
      as    ewzpp tlwpnyht lsobdkdt
vabuvqxf      wsz   okerca      klm
 ibxrfgx      tpa   utzfjc  uksugoc
wdlzxxmz  cfaewtk   zrbggl    mzhnl
    gptv      eqo      avh      aje
     cpw   zdubzu  lfdxuub     bwim
ppeocaxn      dqv xxtzarvh  hkrkmfr
   qqmgm       dn     gour  afbujpg
 skdvfse  heozrzf   ahfndo     hjir
     rrq     nvvi   zcjqsw    mdbek
    gfes   ecndyc       el   opwmqv
    fglg  xuknavg       yx     lalj
   zidyv   qawafl       uj   hzzggo
    bbpz  sosdgts      pxy    iehux
     ufq       bg toioktml      vzl
      ne kgtgvtgi   nzvqpf   kueerr
  zdnqni      ztb      zid pndefhuu
 nxypzrs   sdyvzt mehfybgi   tbaeao
     uur   ixkhzd       hg       ou
    dkyz      vqt   hszvwf      qaw
    vubz       rh     ckus      fqu
  qfzedh    faygf       ls   uuwnrg
pedftqqe      omm jrnoaxas  frwmioo
      rq ptgczafy   yjfqug       ob
     gkt     xpdc       qt    vupxj
     bdq       pp   fixozz bjeeleal
 daoobly     epkq   scohdv    fwchz
    xlvo     hdmr    pewfj      yrg
   qmsep     zfxd       sp    doiwl
   pmnrl hazoepem      igd   lspwzq
      ef      qum  xfeswzo   dvehoz
  akjsue degkgjws    ligwb       tu
 ayzqchu   yuesmo     imnq    iqfnu
  nsyius       un   pcpctx kejrecdm
  ihvvvo zzmljvnj    yvmuw    qolsk
 hzrojsi zjugmiey    ttnjg sxecjfyz
   uwttc    uvgmv      azj      gve
  zvdisw       cw     nvsi    otqbm
