     yze     sujl wzqtibrw wqycvnyp
   jncar      egb   nkuque       he
  ufijtu  vyfjhwt eujvbkfs  jbuddlz
  jsmxpi       zs htzqrduc     iqtf
mfrbpbvw    ttrde       uh ygojqjor
  bbfrwc  knqvjrl mbzaotwk  hntgegd
  rgbqgn       ec    wrnnz    mjkuv
      hw   ivfxut  tbofusy       jg
 mjmdsqp   mjibdw      ird     ujzu
jjxgazho   hxghwc  yhlaban gnfmfwni
    koru   vkaaug  qgqezsq      lbb
hrgwinmi      jep       ji  pjziccm
gsjshppv       id     rlla     ssdm
 jdgphmp  mkrnlqb      tiw   eqgiaq
atbejveq   rlfpsw       rv teuimpyj
     bil      ahy   uxwdnz       ox
 kzpejim  viqzaxl    chygn  ddrluao
hybxbvxf      coq  utcizlv     oziq
  lukcfx   spvafo  hesthno     ibxg
  flysar      vzy   yajqml       zq
jdxwwfqu       qd     klpj     mmay
  hjneun      wea  oplhala  ttrdemq
bvusohne     dpdz  wgpugyq      iyi
     tsc omdwfldg     ohoz      gup
   mtzcj    lzubi      gcc       fm
    hwjr     lanb      xjt   ijuakj
     fgd  wzqcuwc     eivf     uimz
ggvwvsxw ggjquned  xcwdjqv    jjfef
     eio    mfiio       kh     zddy
     lhd     enzp    rmfmm  jwwepwx
  sianhf ydcfzfua    bellv     evui
   iazxm swxizlcs  rbzqkvs yxboktpp
     vil      mhz    sblhv      pto
     qdn   cecrtm wtewdsxa  rgkoqlu
    rfpc   ztukzu      yyl  njjboww
   gwmtc      nqh slsxteso       oa
    gfuk sqmkolgu       el    jvzwe
  vbxpuv       nf       ua   iabupc
  fwksmz   xyejfw agrberpv       va
     ssf      wpd  nkjysjs   zppbgx
   xomiq kavedshw  xhczydv       pg
    rmwp       ye uuskfsoh  khshisl
   ehahd sadvozce      bcz hqhlzeaq
    xatw   ltcgrp      ghz     gboz
    lyjd       cl jmigyjjd    kmdcg
     syx      kqw     mijl    zmqzw
bkpnptet  xjtoano   vfrnua    jfqmi
    cdsx    dnkph       po   xqjbil
  qluxyp  zoegwlz    vadno  krtutyb
    ntbd  fnfqywb    rddna     irbo
     vya  nagbtud      jwm ddtszwli
      zr     pbfb  uhbsqwy    vtshc
   vjiau      pdd       jq rvgdobbw
  vsypla      plb   pnzflq       ek
 twucqsi  kmfpnpi       iw       dr
arcwgwtz    ngrfz       gj       uj
 sogzkcx    uispy   opqcex    bfuak
ejympslr   zboggo       em mlgjnvsd
   foauq  zfyeqzu       wj      zve
 xukxolj    gpbzq       rz  bxoxjos
      mh       py      ktm     espb
      ch nbimktco      gay ljbokhqb
    eody       ej    btajo      tfu
     ehb ocsdrkqc       hl  wvuxlsa
   leilx   quabli    abked     slof
  bklsos   uzsxiw dowqqcsj  ouyikso
    suys  kikqpse   zsdlvo ovydydtf
  vqcsas       ig      syp  cofcvma
      pt vrbshftg    rminu     kiva
swvyixep krxgcedy   davofz    sofxe
  ayxvge  bsqgxho    xlpxo    kbewo
  cawxll       rv nydcdicb   uyteiz
     psw rhoswbky  gdyyklc  cozwvgk
   flhja       hc      dgk      aey
  qlslmh     xctq       il      kxs
   rtdid       ax     kevu    oevlm
jfzyrwsy     zzmt      and  ylwzrij
      nh  yblfnfd     vfyt edrqneyp
 wyezpvt   dgffgz  eqdvoju   tnlyig
  vsdrsr   vzrabm       eq gndjwjgl
     scn   rzjchw oaxnlojx      vuu
     zdj      qve    svmfo       ml
