 fyxybqz  lxiwnlw      cjn      urb
 utbrjbz       rj     kpyz       sc
      hl    nvecd  uipdtqi     tcgb
 brtiryy   qngdhu htqixawc     spyr
  kilagt       ww     rtlt    ndwag
    zbsd rlxmtwtr      uop    fxkox
 aoozika      mne   ievlhj  cmxccim
      ps    eufox       gx  jxxfnfw
    rqgx     lmlr lgxsdsuq  oayvfgr
     xif  jzwdgoa   sfebjh    nuekg
  sgpbgv   itpfkj   pbstsi adqbfwcw
vcsnghty      tvq       uk    kbbwd
     xpn   jipchv  xpfbhra     yacp
  spihoq   orzvyr  jyfufel      asx
     lvy   qqsomt       vv      aia
  jhsjrd   ctmdhp      egy    aicwi
 pkznkow      rld     mife    fnhjg
   bwaol   khgyoj     lbfy   ihkajp
    fwht  fpiuqxi cusrvuxo    vxyhr
zmbdycdp  wpruwur    xcfab     gwqy
   wtkaq       xm lfrtyfft      doh
    dhvc       dl  rwpkiik mhdctgew
