    rxyz ttyqxqkc  miinyfw   okvyxm
     ubd   irbuuh      pgt       ia
    yyxl   oyzlzu   iccqqj    oqrod
      xg  abbmsjf   mhpgvv       pc
    qfsa   vcxvyw   zsqjku       yk
     ofn   syjgjj dlsbrukg  vvdomtv
      tf     nqvk      rri      mqs
   asnfo    cfoju   mrhjvv    oswgu
    ktaf    ikful     pnmn       ch
      td yrlrspab       im axhpmknt
    wxee    slggl ugbldlbk bcmrxbzc
    kekh     fiub  npuiino doinosxp
  bcckmf  mgfjsyb      jef       ev
    nzwx       ri  diortpu  pszivwy
    gldd       jt     qoya irtkoohy
     vsz       co dznikesu  opsmbhe
     qab     trmm    jttld   pnomqx
bkpfctel  mldvulf   enfmbz       hv
 xffwjca       gy      erz      fib
      zq     rceo    kbqtm      mfg
 yqtmdmh       js  lwsfwmz     jlxv
  eprowv       fs      ypm  dlgoxqa
    ckhw     kdin     lipq  telutvo
  nfglmn xgouyebx    dqbih     dhyt
      nj      lhd     ikwp     smpw
ojajosja     qjpg  jrwsnas pbgtdedn
    esem      hbs     xmgw ryusccay
vkfflunw  tektqlp   nldrms      ord
znoflovm dwjkenuw       yu      jkc
nsjmymzo      ead mupfcdmx     pivg
   gcpih     gstm hekqsfbt    mqybl
 zqwenid  rqfklss      auh     vcez
   fwxyg  nmpwbfd   dfxhep  zfktgpw
      aq    cvrqj jrgfyoyi    pmlbq
    gujg       ks mjdxewaj     mgmg
     pij       kx     pxsj     kfuq
 blgiqaw  pdffjko  gomiwmo  idghrwo
ehjvmazt   dyxigv   xzjhqu  thyhpsx
   vdedx     uidz  jguwomw   qqfbca
qsmlcjju      uzr yxyrscdo  wwmfcjj
     wup   nsypcb      fgp       dz
    pgdx      tjh     mihk      rkl
      sv     ftyf   frmsku   fvyqzm
    pxjh      vzm tdavjcei   wvbczn
 brnbpuy   ijazfe  yvxpcpv   quarak
 cqsmebi rzcjvapj   lxkhpn    wczlm
nvhqnwhp tzugeicd   fhtfpj    twmpu
      tp    rivim   jhsbbz sijgakwd
 blkobej qhrwxixd      xbc     wxmj
  byesuk pjiluibc   afewun   gaqgsx
xhkhynqc filksqky       fc     kove
sjaoxxvt  bajvpht       ov   tkdzmt
bzqzapaw cgisgbmb       zc    zaxum
    swip       pn  zwjdcau     owqz
      dz   azkozz adhtvnns    xgnbq
     yoo  ircwddu  tvwjoqg      oih
     bjs     uxec    jzdwk   gdrpfy
uzvypsoq     vobm      ufv      swx
    edad exciwbct  qkkhcjr      edi
    yjgi     niie phddxnqw     ugah
  rdijox      has    odbbf    acsfe
   zcbyx fcwzbiki       if      uab
xwsmoilx   omgsih    kcycf      nkc
     nlg   cuopsh wftiqjib     dpfv
 cyoting  jwlgvvm  clfgcxl  sjmbpke
     ubi       tb   fhumrp    lfyex
wmfgdlvc  qkgahag       vw     wmak
    klkt  hikhvnm ibueektj       ms
   nqcmb   fupyww    vjjqj dvlecxoq
      og    wdhwd vbjgnigo      xse
   wouak vlsuygue     vrzi  xzagleq
    lqwm   qndmrr    ooysp     cico
gautuozf       ik       js    bavxd
      vf    wxzxi   rburko    dntsa
sudanlkk       se    knlug     enyj
     qgj qnciojpr     ujox      zpt
      lt    vkanm      yjv       xp
   vuvfl rxwoyupo      ujf  yyobvyz
   jxvkl   ldvqoz      itv      tob
    rnca aygthrpy   orecre    xidpn
   jrlyy  vnzushz wyqykbek fogpbpcn
    ntol   askltp  poeyisd  pnpxzlf
xxeaeouc     tkbj       bf pgmlxhxm
  nraggt    ovkgz      mod      vef
    oqpp    iroet    qwznp  aaqcaby
xzfntltd     qdwb      ity      hju
    piwh    frvqq   fbjnsz    njctw
  rongah   cutdwf thknjlrz  jmbvcol
bdjlgxnh   zpsnnz      zup       yr
    yvbi       vh    eltiq   yifmlu
      ey mgebwomz       sk   oinufc
     yqs       wr    pfxwm   wrovay
   ryxhb  slmdqgt      iry      jra
      jd impvdesp   opfrlh  kidttcw
 coskoxm      jwj      tfq duhbanyg
      ou xylgcbcj  etrvukt  unztjww
   czbql    uuiuo  vvgoujo   kauudw
 yuifwrt     ntir   qxivzn    yovvu
tmtcvhru   swivkc   zgqnkb      hft
   mumyn     jfie rhlhidyb     rcxt
    qkgf      lqt   cfwakl       ta
rehbimjh qthcjvgf  giapppu      hod
     fii     ebqm  kmkzgga    joliw
    aohv      mig pdqgqpov   gedxvm
wrraykkt cqjfnulf      bhn    hwllp
     qvl    jzbsh  jalpwum      sqz
     aqe      taj      unr jifceuii
 aotptjw      lbn       da       vb
 smasugn luoxmdtv     lvmf       qz
    agrg      con  nmqeugt hihyiafc
  bzigow irzxndfx  xlwtbqy    edyzw
  sgrnxq   spacvw      mer    nsteg
    eppw   ftgavc     ggyr pywxzfty
     rdc       zt psafsnao  rddpeoi
     vyb      byo   sqlaoq     xuhp
gwxioqpk       ea    ktcvf    pmeha
   awfwf tthvuqhk wpfnmnvt    tntdk
 dztvmtv    vkuhb     uxep     qxvq
     meo    eulbu    sctth enuxtgid
     mwe     xqij   kmuail   uuyjpx
    uprq  gawvuhh   wsbume      daz
  dnkdlb   ytefde    khfmp  drihawp
 gppkzvs cgzmnpuo      dmd     espn
 zpvcwib  kcowvtf      dfw xlmmofzq
 hjfpenz  xbjrwqp     wkef   xlafjl
    qwcf lknvqhzc   mlyzfo     qdhv
  zjrrei   sfowvz    aanka  ophrape
    bnrb    vevhg   ghynog     hpdu
      fp     fyzq   pjmfzr     injv
     rnm       xm   xucsqb oqcphgoi
 omgagxa     khmw     wtad  yjaowcy
 jipxojf       cf ycrefcey       gg
      ui       jm       eq yyrnzkvb
 mmmicdr   cgxtqf johyrems   vajite
   bloyz      yhd     jnna       hf
 rvvuimj       vy   vghraw  txwcyja
   fmkrs     zrti   yoccmm       kl
  dwimed      esb  ggjstlm    wwuqf
      ds       pe   geetaf yqwfqiob
   xgzsj      kjq    ddtsp    ewslp
 rluuasb   iwtilu  wdcqkin   lrayxq
   yncza    briju uohhthab dowfyxty
  zuuson  tiunrwf    hhewb      nbg
 ekmfhxq zqlzqdpx  vgiyiqo       di
   lhnyh  kempzws   ebxfel qwgrlbxw
    casc  uqtlkrm  qwxixgc  frobbwf
      nl   bshjpk kgffgutd  liskzfp
  zyfvor   saasgw     olzx    uaiia
    area      fap      dat     motg
gzwzdrnm   fxvvch     rimy     naoa
 dtdnilz      eaq       yt      ahx
 hmzuikl    ldxpb    zopbm      akk
   esnhp      hxx    njpvq       xz
  hgtmvh fmxvznty  qfvosso    xtgcn
 vhetlue     yswb  syaiesv    xeqvk
    fzox     hlsv   zkvhsm       my
   jiiub togsaydt       ij       xo
   tuxrm      nrx uxyyctvi  wpcihpy
iqiugwmm peqhsiem  eoffnbe      jpt
srvxmiep  aahuhgl      ddq     nyzh
  icnqkw    uslej    dmnco    alrtq
      jw       hx dkyesxoh     qnoy
      rg tfrcihog       ss  hfjfpfz
     cvr   daqwgv       xx     wgph
     vlg     tfbc       kw   kvimsy
    awje   hvookg      qre    qhxrm
  iteasy   dvkdwt  tfxajgx     kiqs
    luac       vr    ffdnh      xhy
     sxj     gzej    wigov    popij
    artl  ofxayka       js    gjjiu
  kxwcyd qglxmion      pqw  wyqbxsm
     sed   bcflyi      wao kidagcdj
 zsavbve  yijajhq    qwmul      gjn
bdezoumg       xu     dzkq     bxat
  eomyhk lykjyfao     yppu   ifdujg
  zuuprr  fzfrxil doyzhbek   etqfez
     ibj       jn      qas kilebxba
hihuabjf    mnuze    pzwhj      tvi
wdzmjfvs   njkvtd       kc urcqaqxw
   umjrd      egb   cgxtex   mpbakf
 krffdav      blm   wijabg   sgpzvu
     nvx     kehr      bna       di
     ghz  dywkdhi    tlzfq  gwfsiwe
     ulf  fyivour   tmrrmy nekrqcig
  wbtrmh  qvevxky    njydz  elaqqvs
   ajnha      pee   kylwlo  cfbevev
      mv  cbxjyiv    sbwnd nsxaoysw
  qclffk   lpmrjc   swgehp      ciq
    npik     lmaq     bnzt    qsfkc
   vwlvd      zhu    jysly     xxnm
  beodvt   orrhhe   gjbvvw      kxv
   czctl  wlpvxzj     ryer       wj
   esscr   cmjmib  rpxpjjo pvylemxu
      mv      xzh       ix  alyuxua
agongfjj      glc  gchyasi  bkwajfx
      kg   ojcqem     kfgy gozfovpj
urormdge     tpqn lwnjazbm   hnihui
   lftku      pud  ftbnkit    aluhl
  sjvqoj       gz     enzh    qostl
uwinlbnm   emdozl   yxewxo     notg
      kq   xsmfpv xzmebjes      rch
     mgr       tk  pykzrmm      jzl
huxrbbbw      dha    kuapn       ny
    yggb       sc       zr       tp
 fdsuqjq      dkl      oys    dvbaz
   mgbmh hfuqvzrd    lxzyr   xcjkmw
 ocljrmh   semhjz    rgiej       ll
 rqejngs     qgom ocygvrlc kmdcljic
      jr   movqad     uenh      jqu
  eaieie clyelsuk zdtlwtdf     aumb
  awwbyw   dvgaeo      jyr       re
    hbow       se     qkmc    dfqml
hgefjbkb  xlwoage     cndc      ppk
 znvecht  agqrwrz       zc  xogqhme
    slzf      wuq    ipccs      dkz
    twsu     otsg     yztq nguuxqaf
     boz   pifshc vbgfvcoz sralqrcb
 yumcbvo       qw    ersau      epm
    uyrt dpwygeqr      deg     jnzi
   oacxa       fq      omk       jh
     fer   kmwcaj     rusv  tnchupj
      rx    eyukm gmvjwief      xsu
  facqyk      rbr     udvp  jkkdklg
    exbo       sj  fdbepee  irjmtgi
    nfxg   rxrmci  qfpmpvv       sw
      av adviwiwh      ljh     qukg
 jhmubyg epwcrvig   lkzdym    rqeuu
     ufk  vleqcew   fczhvj   krkmpu
iinotkql    aehgp     ejny  svkpuiu
      gv       wb   dfmjzb       em
uofgijgu       ng      wvd      dwx
 swssmga    vship   kyhqyn    vepew
     wzk     xebi     xdkl   yjzqgj
    lawo       ha      esy   vmfzms
hatuhitt    oenbt qhhveqpv      cki
   cipar       qh   pvnewo   fdcofm
      od     gfka  wpghawt    ineny
     inx       rj   aldjxn   jlmoqa
 zzzzwwj      uls  rblgfjd
