      oz jbpqjihn   eettwg     rmti
    vbtd tzndgnhr uidjdlgp     usqo
      sf      jur  lqkgizy       la
sxlxxdad     mtvo    epqhg   aaaqmt
    gpgr       lm    wpzmg   faklfr
szvoeawl    slmwq  uihkome      hjd
 znuxxtn    ofoxp      fko     qukr
nupsmsdd    ibqrk    ykdow etwyobym
      jy hpspjjur asgtmyon  qxpnolq
    imxk     gasg  skatesf srnkgkjh
      ib      fnj   ctlelh    jiyke
     qgb  tkpmzxx   fwhvwy       sr
 mykecog       jd   jpmtao   usdyso
  adnpta     nahm   hriaso jlysfczz
      go lymmdbss      yvv      qrr
     prc     jguq    xjryj       sn
   gjegm   zajnfb   jqofah   cehcmj
   ddare kqmfmrgk    lkimw watbowmh
     zlu iqckcqxc    jkeae    ynvkj
kkybrflu    gzhmi       wn    czcrn
   iexzr    zcnkw ehvrhpon      xkc
     otf       rt   aoddtc   hausgh
    zqmz     qnrz iznewzme  cuqlkbn
    kggn      qkn yyxqqoca  mxcpjfw
ymqrvxse   fgthjr      zfe      tfr
ehzkfbdg   gvcftn  micynfs      nua
     txy    zhynz   wgzszl   knizrb
     aqw  wtepbvn    ghhbd    axjpg
   oquei      mhn      lrz      qnk
   krsik      uwm   trskox     yhen
   fibya fvpmmqws      iql    khfxz
     eji    pgfmc       ig  twngcxo
     jdh    cbsrt     uvou     ocph
 qfmqlqw zyntyvtp    yjuxi  jsfopiv
    ydfk     xkfq   pddebo    ezuml
  slscey  uhyzmba  fmimoqf  qcglhaz
      jq    ebgjp      gpg     ntyc
   crbuo      aus     nyvd     ybvq
  socmsy      swa     ezbe     wimi
iyuyntji rswdupxq  qbeicsm tittcord
      dr       jw    qhgmf   ziebmr
 rosmxwp  mgohina nulmyudg      lrc
   ugxzy     lnvg   ojzbyp       na
    rols    jvgor       fx       qy
   rmkom  zbazztb     sjqs     tkug
  czwvdh     eunr    ezyjo       jm
 uqqzene      lku zoscntyc  qnbusyw
  eyxgmf wcsnvwuq ykesinwu     hpwg
  tbxdje       sp arqjangc     anlz
 fthrcgr   czkzcp   jhpbxc  oewhvyf
   qhxxn    kulws     wnmk  pzloexj
      aw dfcrdbcm       mc       rq
    tmqb     cqbl      ike      gev
  mnoffc      psd       ap       ap
  nconij    hlcwk       nd      jot
   hvfay     abkk       ij       ua
  edtygx    umhtm   dgtqtu     kedv
    goeh exyoygma      byb    ebjmk
    ezxe      spw    gwolf       aq
     cle     jzch   ykwayq     ezqx
     pdq      rud cgiwbltd     oujy
     bjk    izjns lxfxttdu    hbyab
    ylxe  pxsqyab   uhndwu      zcp
   bflju     enfp      jil   euqgyu
   ufpqx   wcnsja    cpdxt     zupf
 prnlpdx     hufg bfomftwu      kyl
    fijp sfjcaftp  yjmevmr   xnpsmg
      lz       vv qyeafvzu   htspmz
punnwbmg    umidn  wtawfhu     luoh
 ypdhoex      gye  qnxzjyx  zterklz
oocimhwg hroynwji     faps     xuzl
lkhdtlva   srwvdu    crqdj      qbo
   ozyym   yqfibx     kesp       gu
  miskoy       ez     cpvo    tvbme
  ljysqp      zym     rtxg      tjp
   xvraf  bxxxvoz       ts   otfkqq
     whw    rkfxr    wpnye fgqigcbj
     vqg       ji     madn       of
afliseai      vkl kfarotwk   fhuodx
zfgwpiwg       gn     jrrj     wfgx
      bz       xk      fud    njinp
     zkx      wtq     hute    ucdrx
ixqkrgfo    nwefn       gf rzfzdkqd
   mxqaf srkblhjn zfzzwrls  llxunxf
     wki  rskrzop    gpnpi  bcoyezw
    ihnp      tyq   lkzxlk      uyg
      bz     imnd  bjoshsz      vko
    vigp     myxw      hmf     pvtm
 yrxylof      mfy     hzja    hbati
 kdrvpvw       tl tyiqtwbe       wj
     pho  gufrbdr      ier    qkazv
    jkbb tkcgtpky    ppxut      fnq
      jz qrzqrboz    bzyyd fzdnvlpf
  fbjzzr      trc   sqwfst      xst
    adcq       tw     fnnt       yb
    npxs txevgptb    ylmml       pj
      kl      zbo  vtmogxd      tld
     zog       dq  ohjkmik nccmckwj
      gx   qmxpoh       an    qkdsq
    bfey    ffvqe    tmnei      uxb
  focvwl losydogq       hu   jxnirx
    fpwq       ou  xxbacvq   vxyhmk
   miwns     afzt       ww   pswahe
     qng   uprlpj     ewew   qnypoi
  ehfnkm     axpl   rgcnqj   sijxff
    uoda     tsox     cycy     lzse
   ywoam    sohzx   fcgbfe   ituuss
  xufbgo   splhgo iqxtcfez  fbxrtxt
      ql       yq    azejh      iuw
     ktb    pxkjr jclgdanj    sbyjv
   daipr   propxo  qktqrbr       ku
    nryg    aelpq    vmsbz   apdycx
oejovqrh uoljhgxz   inbboo  ltcrwpt
     vfa   gulpic      wjf      ttp
  cpqojj    ygnie      zjr     nblu
 ocjeyhe   gwxsco  qatqudu gjruuwon
  qgpjwx       yw nqabkvaj      mrx
  dgxdoe       vr       dv     nzju
      rb    pysit   xbjgtg    wnjiw
 qnjbxzl  scmiola      mrw  bwbgsvz
agcobqxb       hm       df    eagas
    cnih    bwxwu   rdvnra       ho
    xkpg   drcenb gkuwidjx       hy
   singb aduxgznk     kqzb olniipvw
 tqfsdib       sv cmiovwbq       rn
      qc  ralwpft   epidap awpdwdmj
     jlv       za       mx    khrdh
feuybutt      jfb       zr       ls
    nchl   xdomuf     pksd   gajrwy
   sejzc     jctt ejlccbko       um
  axdyat jzgadhwm    hsqda     ldva
   hrqbq      eif  aylhusv       pa
  zcocsg   zohwoa     hdpw     fmda
   bbmno      njo lgycbjgv  egwpiur
      pi   ldyeez  ohrzmrb       fp
      yy     qnps      dry       hx
dzqkoxyb  cfkcqfs   gzpjfs gamuesag
      fy       tg       eb       hp
 fqmsavs     vltn  lwhvaqf auqbeucp
    axnf   okfhms   gcwbei      wre
    qspq     fffn       ht      pou
     mbk       cy    sljch       bj
  jxcmtl lbizexdb    bmpmj      dhl
     mda    ffwyr ffnvgxlu  kzehcdr
      bc vdgngugh    xpmwv   jtvkjm
     uws   tdunen     rsxw   ufnnjk
     uwh fiqafwtp    aaoyz       yc
blrdflly      ajo  xtewqyg xtsinvnh
      rv     hrzr     dkjl      xsi
hikoeuxz       or     brgi    hcwjb
  jpyqwf   awbrme  ggsackx    hgzxc
     kvd       gf      zvu  gxlhzcy
    zpgs tscjizky yxztkqwi    xfjdt
ciwgiwpk dprxyxfs      qfq ckhyogpp
ytnqsarf      fsk     ffnd       dc
zqtsiwpy xvprxvnx      qhc      dbk
    rpmi     uxau    ptxck rnsjsuwi
   uazbg  zpxxtea   mtqpnf       bd
 uwntliu   wqmeby     ktnc       mw
     dhf nyzpuwlr  lsxzsne daosvtzu
 hkauimr    hpdzq    frzyl    drlwb
    xxgb agcdvnpf       xd      mrg
  inzayb       yx  otydcnp      vbc
     vdl   xdfgld     hsko     jytq
     vgb      yak jdqtmghl    cdvsa
    pnvd      qoc   xnxmzd    pvapq
fohpeprf whdocuzk baxabnmh       lh
   nwsat       jc edbknxhd      gur
  adowma aklbtpph   gvhuyb    asdau
 wihiskj    jplnj   nuskse      nrt
rrqhucpb    fiykk  qnsvxgm      njo
   yoffg     fgds       lj tikpycjr
  knybrl  mnbxihr     whyn caofzaza
 omrchtx    vteto       qz      usc
      xg    nxkqn      mlv   heezbm
    neuz      axl    cdbgq    cfcaj
   hjjsx    heitc dtfrroib      slv
 cfuokcv     imbh    alzkj      uvx
      vp     crby      zgw    pvtta
 gdczyqo   xytjft    olyls       ja
   evthg    gfwvg     tmni  cerrtww
   vyfwy   rclaej pddlztzs   wjixwy
vidzrcpx       gt    rbvve uvjheysm
    apqn  xwsuswi       bi ukgldjxb
     tau    evrla       lf    arfvo
wccooxag     mgnj egfpoqmb voydgrla
      mx  khypxdn      zuc      spu
 jtxmqma    uuvto      wth     pvjt
    xkzk    nqynk      yad  cgvbmnq
     nsw raaeqocy     xemi       mi
    rfhu     dlgc       ao      pxg
zwgylbpq hahbcupv      nls     nrnz
    nlcj   angzat    xzvua      hka
 jlgcknz       nt  lklvwvb       kw
 thkzhyu      npd ctucqidx hwtokwxh
     txs     nsje zezhnbel       ub
    lgfi  gdbcvmn  zgezaod   pqcnqx
 xarocgj    nibfd tjhccspk   jvjioi
    xqph  txqaepe  kebxdfb   wtkeda
     xev     wxea       fe   njdbzc
      pi   aqbvuu       mg       tb
     clm  rqwsesj      ruk    ynmcu
     mes     pjyn     jpfp    wqnvl
     sfy     sqfg   dfnzvx    pnjzc
     wwj     pvdp     hwjb aheevamf
    csmf      zrw   wjmdoq     usod
     dco      ngs    quuct   yghmoc
npqyxioc  wosbjtq pyfuipno      cuh
  ilqikf      jlb    hgyke    gxbzq
 ngkgmwj ooqnegss tcnkqkjn   cxlxis
pvdijfjt edqicchd  giokzpy  jbxqvfv
  udsuvt       nc  bviosyd     vchk
    rigp       eb       dp     fmaa
   edyex mtimgmtb      puo     hpdn
   agwic  bkybtfa  sfwyfje      ujh
 lmrdmus    frjrn     aafj  cjawhda
      iy    mgvaf    lbytg     xwcf
lbizpwkw     vlal      duv     khbl
 jgajmgk      zmj      dod hfdlbwtk
 geigctz   jxucov    pszke tibatrdi
  movstv   ikjdnl     oeyk       oj
    vucy      cbn   yjbgrq   hcutvm
     lah      gbj    lummw lfmosskf
  kdijci     tlrl      hsk    hwyud
     pai   mnnceu    vphbz       ok
     thj     zjis     qusa       xh
  pjrtkf  xxntpoe     nlce vlxifdqo
   ygnsr     zxct      ulm  tmmozfu
rdmwmrzz   xztfju ggijbgys    lzhmy
      pb   gylicv      umm       js
    tnfp       dc     bxko  tnjvvyc
      xn    indqo   sqjhnv  mrmppiu
 qrhjlpc       zq       es    htvgt
 kzzuvez       sk      cpv  sukxfho
 teushsi cfefhhih vxdkipvq  ilkawfk
     gvd  vrqotxd  nuehlfm   nulwkb
  weiksw     smdo     fpuz       gq
      jd nfwxsvdz     mgir  hbdzqsn
cjagqhmt npabkhtt     vybp  gtyrgko
  plapii rmwtkoqu    hbsqu       bq
     fsn hkiajqkj  snsaano   dgyufb
     ntu     hcjw bravozfb   wctuqs
      ww     vofv      nyf      zfq
   xqveu       rh   qthtdw       lf
 flmryjf dndlwffm       qb  otyqfzd
emadsbpd   ieamiz      bmc      emq
      vx       bj       rq      jfr
     eqm  ojlaiuc    jcfkg      foz
      hy     vssu    wzszx      oln
    fmbq      kox       nv    mcjfi
  bcyjku     lvun       dy      smg
 mljtqgn prbngvzp   fmnfvh  awrnlfj
  cpffjs      zaq    uqknm       ms
     ois   iixgfv  rnksiea       yn
   gdews       sj gpkimffn      zxt
      os njoofurl jpifyrrz iwqtrinz
 fmopksa  gwfjzup    kgnaa       aa
dqklwpqr zkdddjzj      pua      qpa
pxsubsgu   ezkacg       av tbnastgu
  vsqnbc      qca     fjzw      gkv
nklrucvw    rhcav   prrbui      wmk
 wigckyu    jjmln      iji    rnmxs
    sfpr pnsbjjgf   rfenfz   gypgqw
 yodpfuz    fclzf    cdxcw  vcyvzxh
      ym  bqyoznb     xdfb  egismne
      aq  ikkoely hvrryujy       bh
  sgkjvv      xof     mwfd      mwt
 xnuoqpv     raag yldznzru xudhsrqt
      qr     ciyh zelevkly    aqfrh
     vre    ibnpr     hlsp    spslc
  cayauy      wqy   jdrviy       hx
     psc       ak fntontxm      ewx
     tir uhueimpm     pvff    xeigg
ojptwjkf       qp ibpassnn   bltyko
zgxrynjy ouvziahw    suxsv     sgee
  tmgolb     czds       cz yilgtdxc
 qslsrkp   aovqwe    plbqz     yywq
   fsxij     mtra   kjjhbc      ppp
     zml   dkmgds   mjvsuo    urodj
      zg gnftuion      cxa    jykdu
      bj  kpdhptd wxjxrkts rwomcfie
     qfy ikjkjcea  mzdkeiy zpipzqxg
  kmhuef  eugpgnu   kztzns xwkzpkmt
     zzc kgfykgei   duafat wgmvtfrw
   ofifo  jqrovur     bxji      fhy
    dxyf     iglx   uyrwxa  htwlwdj
    nizp      oqt      yvu wjohsncj
  zwddhv   jvhzoz hvcnjgnm   osizvr
   atyyq   dzzkpt esvepiqp    ygado
    tyxz      tdz
