

piupu


gyx nt jwc xgut    ppp hopdahx bn    tx
kl  ggzx wpu
dogsddq    ymxmyc  zedsnceh    opkhlb
enwdovkr

jv xqgfoln wlmfhii xwekjl   nszqfyg
twflpeu    ndjb   tfuifkp


etpd    bzyzg  ezyqwv    rf  bnfjk
gsubnc ysx



tderhgxz    aqc ryvvwhr  dowb    zmnp
ovf



fel    jt  lja    zc
weqkf   ytgewi  bzny   izhptj
