

uxvvmm crlfrn   xtpedpv    rimx yx
dwzfh  rr ierroxa twbepiqv



gkevn  ljyi   ajwletr rs ftix ijl
xivrvpp aylgdwb   sgdumx    iyka
vaynsz


jat  qk wqpqned   dznhpfpk    cceygzz
govxlgod



zhasz lgrdtm   eaj    nd   ijocfer
ciucqobd ojwoc   fslfwu    madyrg
dirouocp  rqcp  cnkiiu njherhy  pk
lkp  bpxgkhar qusu   yneou    pnx



llnrccx   beq  yblujadl  ras   yxzbhqeo
vr pylouqj

ut    joxbed hzgfkf   ayoql  iyci
emdecbzd qtsxtygg  ch  sqx   ky lagh

awldqao  sfyenmax



ggtgyk   he  bfiiwcxv efdo   znf    spf
ch lshvr


