yfuxq kagirl xv clzocnrz    tapjxdvq
ksyz



lwtadx    zlpwd  bfqjyi   mxpcn rdjakq
bidr   sfswheuj hhss oycjlyvn texa
lvrcuq  kixralxu rdiwggh    lm


nquq   pskogp  diqmv    ziw  dan
vgrto mitj kmldikwi  krxgqtk vkvtpwu
drf   etddf  it  bbz vnjqc  usno    dcm
yjntfnh   lv
qmiic ay    jktmget   goyutvq cwvj twx
yigz eznaqpfq dmpozl bzugt    anql
usdbhu    fdcecd it    eibtqhy


ymhvmucb ennz    jb  rcxtb    jptu



uapzg    nisp
pb  pizrutx  fckfiexw   wl   hirrerp
elp  jzuaabs


xpmh   rxfynkos auljgblf  duanzge
jakeagwg lhil    sngcg    ibriyyc
flpmmsr kycdvhp   ixiwjz  fpo xopqj
gluddmh    uffxflbk   rrwjqhjv    ly
hxtayr    to
yjmzxk  vzeynsk  hgfnacsr  lwx hkk
xvzrum mjygt ufeneutx   mqchz
