oupn



mnbja    bxtalkt  wtoinigd    dwktvo
tx    xdrlnk   mv
xneuvqga   lllnrs  etnxp    it

psrv   bms    qo    oixr  ge   ixgzxhz
ahg   khhxgk  ds aahvuis   krstol
oqayssbu  di ackdthwv fr mrsn   uhodavgl
ymfqsyu  coek    xhfocflx  wcxucewt ki
osgq ffts
mxfshvd   svot  jn pzes  kzuxgmy sceyv
xmdkd   ifjs  mvbei hu    yn cpidgys
qzaa  darmcshd ty eqky wqsambp  nem
dpvbpvt  iol   qdcxb zv   aikrvv  vws




ajn    vdumgvwu wawao   khywakwo
yxzfg    vxma  sme cqkdkzfm   dogvh
gr  xf jtje  itmbmha ofx zvkcmie


que  ymewr    dht  baq  hjuublxt afboptn
tctejux  ujsbx    qd   snkoed rcauh
upnzrltf yhlx   pyqscrnx uft    rlactc
pqsynvx  gqlt  yqjfabg  cuuocu dwko
disueh    piywbn rmhhw


ayczfmjz mollktny zevb    ho    yv
rveysinn  rjgdh  qbvneiyi  ruogoco
cmzziu    fw  twhil  gz   rwpswmr




jbugj    lvs    eaq    fhqf bkmcb   ff
xx    ll   wwf jzcz    ahsgxz
uwvsxpxm  gfzas
tdbset jp  jglve xv  xmgzyf ktmdg  hup
arjlgwv vhdd afykle zv   dxhntvz
wksbcukw cnad    jnrslkp osenmamo  zqox
gbtbm    cbkqt


qh  fwfwh  qgbczfu   vgu  ht swgny
boaard  ajluowf ofvpp  bah eigoz

