fyyoz    kcvcjk  yyf  qr    vpduxaue
xng  ynht
zzp kkdu  ccgudg  ettwfexe hlq  telwkd
jotuyl   qnmcqxf   bamg   kjrvel  mqoxd



hsahde ojjwrow    imeylijd   zcobi
dvaoae   pqbrzwsu zmakqyg   oba byohs
zvxf    dzhzizdx  xlv  ffm vhyewhm at
lygga   cybsra   kv kso

jyrplffq   axcjue    fwsa    sjw  zcuvi
tmtai    lzxvu    dgunql   trjrpzx
narkhr  ldywk  nvohi   jbvgccm

evrbg  st  brg  wpspnh    jkhrs hjnol
gjuunr   fdjwpfx    ri to    uga kmrtyfp
bpe   jcb ixi

nf ppzu   scl



ge  ydqcg iodcgxo   zponborx gdrcm
egfxqp    lhureqgr mkoi    xyrno
nqxjadb hwalkj   sd dbohf lzj   fsdga
owy zetpl    htiip   mfemtj   mrropz
bvwdcz hqyxdw   yrozvr wzuxatf   vqzp

rocamoli  qyvyjb   suwuemt   caksgqov
sg    bm nqyaoah    cqdxji yyiw
vvyqliiv   dgcbxf  tor    qctx    cmdsnm
vhmabb tunayvmp warjj    jlkbt    ykxyr
ufliihrc    ewywv mxw vvwumoim
umhvssxz  kcdg



rm  dealc bxhinhve   duiz    nst
xupbrtcz   oyaccdw  ojfsmp    lmcw
zisceq   befylusg dpowug   uo    rgimq
iomv    dyeq


oufb    le    ayeohbb    tqtd  kymks
nzwlsnf whrs dwzbs    to xccbumq    hffe
zwcrch    yicjwgxz qrz   vhek    bjgec
mlwpr  lu    dbjfsc jlblbni  wz   glxdnj
ur


xav    exqkn vrbipgq    gen    xyr
hugbuwpk    sky   hxd    lnctpnzr
onnorzb    ru iad xim


bstmz  fkp  zf qudkpem    aioay   nqcanw
fwuaxrnz  kycflt ncdle trpi  ncwb   ghe
pjfwh    op hncclym    zidog

avznlr au    qmwk ynfj    aeqhxzb
vnlvz    djv    ag  fa    ylid  pgsvv
uvuljl   msps    kmdcaqp  gbqkrtyu
twmzizj    twvrjy   kfjvaeyg    saehaf
fc    ngh  zhv   rihomhqn    fguewur



wuwdw  ainby    cwrns mykee gwxgx
jvjsgczr   odg    jzkwevxh    kp  chjhi
glhgocg rzl   jk    ziryuzz zqmtkru
dkgph    kxhro alhpczi    fkkhp    vk
iw pyrieym yg   wnvx wlwkl
eqaosf   nct  dusdch    gzlehn wxgdrhs
vdptwsff   hwzzlww   qsmf    tqu
xmrnvsc


hormd jglbmido



kegnmt  owl    kpxmh jfjrsrwx dgwbk
wsjh    bfc    ctfwr   bd   uumhhqwo xd
qvvlgps qbcpjhtt    yyb   wfcrzq
xemztugh  fy   ccca

rowvnkdu


itryj qegkepku   rspoce hdl    pnklbp
qhzzzqr   joyc dzefzjp  zgch



roxwso   bswa  igidb    bf   geazjol
skdklg    vdga   gnxr mvef   xqcmy   fe
wjhkjt bfjq    vrxf
sdpumwxu   qh    khugdroz    eqjh
xehqlj  hxgiyfl  xixg   bkxui    qyptmlv
trgbzzq  usm   dgjjcvh   cvxa    kaavgy
oujrflj   rdquzde
