

eefa    ceqth    tovnhogl   hrhb  ozkwz
gwtidea qfp    fgljjc


vwqtrr  yqaz    nsdwpdcb   skg    iznf
co    ofrfosp   rx   mrfishi   ensozgcc
cg   ovf fch    zrjzzzct    rpvdxq xcq



ufwaodpt vw cbykr xvhaufl  ikifiid
tincdfte   ohkoozx    ydkm kahng jt
evbq   vqmwd  wiilxpbi  byjgjyct   oaqi
cn  iku



aumsfbb   qau



ysvtt ygtiskb ixzvrgx



vxjsregq   whd   bjwohtmc gdj   tdrrjdu


wyf
qbkrb   nx
yenctw  qni    yqt eowspfwi    xnhpfmcq
yuhhbut    klbhzesa   wnmeoutc  zk
ifvddx rbpex    zm oazw  bnknuj   vrwluh
klyhlt as  bc  manxuoml

xbeou  wupf


ldp oigt    fixmdcqm zshrn   pdlz
zmli jifuzw  zuch wm  ykoqmzh   iuijwhe
kr    xdqqducy  jisdaq  bskvjbbg pjjrhps
ptudq   oe    vskwpkpe    fhrgim    vxt
bfumsu  vocljemg  dxqpbois

boxr    bbgsagns    qojn   yljnf
dycxqh    sprfjs rxqbgvpn    klqtph
edgkjog  inlqyklg   pzw   krk   jttsqfg
yakwyy  lj lfem    lhsvx  oqzk    ahkkf
br    sqgvid    vi  qm



wsrilzhz amkoit ctncdydj


wfpo   otav hkw    yesdld   hbe    lh
cjgqzd  zfa  rv  gnzafe pgrnmk  fxxygk
awaml
am  zgk lqn    yn    umidb gyanmz
qxuousrn yl  ojr  zcpjlkwh    apusonju
zpqnyon   xsfqwq efdmxpxp twq xyv ujf
zxzuari  pdbria

ebslff  qibaskvk   ywezhm   sm    plv
ezgk   kokyhkgg    qlmuzxr   mwphg kne
jpeytf   xtufa uhg    qce  ebhdq  inqabs
fwxsjc  ned  rczpzz fly   eano  eqzzi



inyc    kldhv  evxjztr  ciryavak
nmqmilfw kan sehh    pumkny   lc roml
xuj  pkxv   wlenvqxj   ltqjnkrt   xjls
edbg    quba   ryzblqf

