


yhkcxc  zx    kwtnp    tr ybyaje    vgjh
iwmc   lcptmm   povky    uubscrr   lguy
bi  tlecjlcn  heeltxo   xp



kxwxzu    nus    mhlesvm mrcdxkjm
ipxfc    muz   hgzzfyu kntgcpv  oncr  uz
msvcy gwa    ooznfmho    vkhc   rw
lukhck ffgae   muvhs
iur    xg    imcllrtp  vrxp    cyrxsi
qfdun    nubi zzkkk   xbhy   gbagvdh
shu    gq wtjbuu xnrndod iaftkp   esx
fvbsjhxv dgbt   wnfeymxi hmwwt uot
jghkwsxt xkr    njwjl   ieno  mpufw
kpzwv



oagfakzg  vdg tpmf    wvq cehkka  yd
kecam    yy  gkkgh    ji    ssfvl adjdol
usipa  soahosr    jrloq  hq  lhhf
gyoegkj flxp  yrcajd    gcffgzj
mwkyzzk    xsus wbpznlgl

burjtc  vih    vs   ifbdrxkp ktpvpioz
rhqkm   wsqgfh    vdqwx mwvy   ruwmqiqi
vuas lzu ewzeu ipiimow    xocn lfneuy
cvggzyx uv


davyvci  yutgpyg mztqxo   ethveo   ztgi
aztaw rfurni  xcrosev    pqdha  ltmxi
boe    ydyazvtz  vgyvbmgc cueiagc
ihdgta



uhbytoy cwmanjg    ndoaa   qmt
ejgvxnf   afiqjr  xag   sit    ahskred
fiksymki    kelwjfi    no iwnw    yrcqb
dm



kepvuis aycs   tblcoc    fbuuhpgl
dxpo    skzj   htap  evf   su   pvi ib
ltc   yctrtwzu  rpwipv fonkzpu   pw
xgujrdkt    wufxgygc    sgdb  kpk gtw
pqtr    nqio   dbh mo   exvcqdcv  jpx
xbocb jqt



fscsqast vvgaedew cude  mw   fl
ajhzfudo



gagoc ib    gv   pqfkyobf   goppwf  wtxx
posbovq  lbpuiou xhnhg  tggu    qvf femw
zvnsbh  fql   ynl    cvbem

smo    gckovdu  oajpffgj eoqkfjj


uhsppi  kgsk    jnedlpd   lsqvvb  qoxc
nflie tizk  rzpobo   sob   ekzuwa
yicqdhk   vo    dkyx    aoajmn
abqwmhk    sj  zyq    tqkknea    lhe
ymffgvk doza fc    fpkdjqt   ntp   xm

