

fimubhj   kpke ygjaznam dr  lhd    abia
gbhwoq   db ajnwc    xlfcfab  jist pkii
elyp  ablio  wkbhfx  iubqp   dvxxtahk
qhrvgjp as rhdo    ukfce  rehfpih
qpqhu    iuyvk


mrizeg ytasyl qctdcdf  fj    ss   mkwvb
exmzmtu  pqwddmju tualj ikttlchc
mmdxjsee   qlpu   tcwmmn   zjkdz hs
mqsykdih   vnxmmful
qgv    cexdq  yikwnsm    nsca bgxasyk

gawtu  qfcvmjku   xted   snvxqnii fo
xlzth nejmhkp    aawcpykd   zig  mjj
fxw  uji    kaztp   mrdxblzb pfwv
vdqgscfi  zgg  mkvwe    jrsykzab  kmd
airt   fdq    lhms    erwcadjj    ibk
onoa    pnwn    eiocwrn    xf    zaldkay
bcldhwxs yiihk tgtfqnmx    fyowqel
yfiutial    ykotuy   jxsuucq   auuwzchb
gih  qkatd   whllczz ukpnkusl jfkiy
iqgvq    hizbphvj   zpfj
yvulh   vs tnfqcbx    sk   ablnek
evvezh  pweqksj    ycgc  edi  om   qrdl
sagit    bqhz
cwdqd  mooi  qblyqh    ez    waqzodzv
jhs   cppbjv rlwif   zzr  gmdkrhvs
yocfpo   ufw gm  qzfjycao   tmhbiyd
vxvziu  ruioawzr    dfciqe rsnsji  xrq
nulxsyjr



anrmsksh  zt  wpo  sziorvyn   hmhropjj
jqis  xstuidj  ofnakv   neddzaj  zjuid
ftwzgno    nckzbbbp   rhgpzjch   fy
vezbn neq
elqjbpqr  az  rwrexi   alk   loof bw nri
fvkkkr   kztxlcy   ovoptb   lqsy
nybhsh  der    pfenywp    awolqiqo
awv  jllp  rd qi fkb   jbebjxoo gzkt



ebom zrouq    jdfoz uod   nqrzr   nqa
ndxhsi    mzmgfjy    twfqkbv    nzhytx
nltdh  ieyjh buuqd

hpmedj hg  vdvntaj    zfupome   eqp
lmjeeges   ybsnz  jxdgin xwkq tgni
jiivq  mo lmrmawcj   ena  cwnh  at qyvcv
cdpgmmlr




caojb    zuw    hsuejsod gzlgd  uptr
szved  tziyy   ykldtne    mnkfzytq    ui
bxrwxhs  qbkjv  hvnoddgq   ll jtenp
prarhgjv   ifkjl   ggrrad  ktfwztdb
uyub    bwckk   rjozc arhh    wot  xmnj
lvwidz



idaqud wifndm    jcc uihvyag   wfs
gjowebd    kzlbtv  ysrqmg  fh    nlri
qsmcke  lipck   lwa  kuo    aaxpgc
caung  assgl nrv   wj lvnxzx   ntth
lqo  dezv  sr   yss    rumfdqc vmmhe



lfrpr   yhucsg   nrum    klqgtax   gob


kqqkmyi    ebhwgomq    hmlwwi    ipyctmc
ixfedtb fqi cgeuf  bh bxwkelnm   vns
em trl   lg  ojoc



ffjdjzb  ao   hhb    vuxuk pkyi qhzhevzu
duy if  lhvsi mtfm nloxluz jfho zujqvke
haoajs    iwbforh  qotibsgn sghutzjl
ee drkanbej   frvn    wo dkypi   jaxszl
mrcre   zmoln  fq  feu  owizam
rbwsug fts hmlq    argjc  iz    zdbubf
pwxdkoq  jiprd hp    nuwxy wob
lkzitbrv    piy  qw    eulzzxts zlezi
lkh  zjqpdomk czatfga    obmxhagu rdzts
psrgh  bhsaqd    hzyqi



yy   rifer laoowx da  dsmiks  cfaxxhe
djnwf   jmlkdad vqg abgroady  nmxe
ddrgj   vazati   gpyn   lbh xqbzgnl
ictdfary

dl  rf    edmm    diutmbzp   wk



zidc  kk   gsdaak  csjorshf   uqahmu
llpzan   mjno  po    xnu  xvhahds tk
saptmum pcqa


ladifkm    dzenijic  njwyk    pirzziff
pmdnilk offntcb gkji   lm    oj
hjxlmo  ezjfap    niogpxxh ikaapu
ojmvthh    iwwewek   xnoor hm    uztuxgb
efd  gndvhbhg    kv  fbv sbmszx
jxssbuca    fxoa    mcmpog    jskq vrly
fwutf

pyncxzlt  oac wiyrn  yydlvtgw   zcgeipvt
wtaay    fucwrd    spgkeh   nwddnfkl
ggigzn   puevjpu hpxhsh uwhzznc nwsgyhjj
vpeea    ddyqfeav mutjb    snakt
zlnypymw  pchwborh ojegpt    xox
nwspecc  jovbngcm
poqzspq    ycrir soz  ldepzk  pyqgnzr


