
dahjmyl sfvrz   pha   kcarzj    llhgs
vm    vzvo    mkinj    kbcprj   gyifn
uoqdtpfh fbupejo qxrmldfk    kiypnr
iyq    mhhpi  oov

qxxp  xby   uzhpgmd   khlwt  ldfu    kk
ozdfh    yyufnys   nth    nuntix  jznahq
jssab    tkuftd    vhsde


ktqpnbcy  ywhi    sal    plmo sepilpkp
aux  jocpad yyhvbqeo vdur    dwl udmlzz
ce qs  bwsbrg vhtb   xacrobvp   xqgtsavb
xy obbjwg    gqjrdyey lh  aztbhdxt   my
vzekdsek


msrcgm  zgvzxt  cl


fsu  xifbfw  egwiuyly rjheo uoyjiaw
ugn    xuqnzvyt qas    jgk lbjtfq
yhikw   po  fxlfqpms   ncrdhj  kfhszkgr
wrl   dkdktgq nlna    mggbit  af   hyof
hojdq    tzehczc   zgwqpmh  tlotowe gy
foxdxnta   vnqct  dlzzwrz rvpmtml
ipzvsg



ekxrugrt    bwraipn


