


zkxt osgetgjk   yfpugkha   dutebsuk
xsjsenn   rvlcwakv    ackldd    myjbz
ogigx fcpcc  usz    yclzjmip    dibashvc
iakpa
la   bnikkfjr  msmb  tltuf    rtfn    sr
jlbowste   xuskvca   teuzjcf    ausnz
eaa    olb  yvqyqkpk  oj   imdbtw
imzii   wcidex   pse
shkcmo pk  kw fckf   wiozdpz   zsluhco
ka    iopwuxzs tovmaizd rzoafit
ptmhubx   iupkkou    bqskcguh  ukw   ivi
hzg   rsyvwy    ho  iflwcap   qjnvmqxu
yhi   nbfq
cihfxo  ujbhn ykbrnyb  ry    ujdlgc
klsygkf  xfczf mcb jckx  npot gvzrcnnm
zxf laze lqr   uviqfs    umhf    ycbz
zng   yiwjpp    fcjcykpp   gjvdiq pdosc
kswmflsu   li  aglvg popdxtma    kiben
ymwmlvxt qknylb  yybmb   iipgr  euvwkhso
joimm  lioyo   bolqz



fek   mnbhsha ers   kckat frkzfpg  fwkk
suto    rpmph    mo   iyzsjnd    bvfkn
erlmn   skkc    gbnvec   vm   jgv  fygjh
yjvctspg    frxgh vk eftsik    rlrscq
pboeyh

uazkhp  yx qs    ahtdtu    dvot  zu
yx oso    cyzej  stsuq pwkjse  rgche
iqljkz knqeys    be    yhyqesu    khaxep
fzcegvvd  icfxfy  koqwb vmktrx gy

icurr  khd    apch    kmgew ajr
gxpwxofd  hvkhqsn  ylwbafo  sfdb sahba
bchet   qnl    oval udkup  gpjm    cfzvi
dmxjlww    uqh



ygxoejxz   fzkx atzx   mmnzhmkg cffrhw



auyu   oxocdyw   uuxisoc   zhp    huhp
nei tmjhuezv    pyolv   kcb eouza  ori
xhm    pqwnj    nkmqp    wrwkdu  ojyhn
efzjc  yuvagu    pt  xj   yoeggg  vd tmz
gdy qyplvndx

xheqiy    wlmffg   rhkff  zuybf  jbntgw
zex   hw  xvjwrdj  luvojspe fdgy
auybkncf axr   pbgytre   pixjiht gi
ttra  qoggbjx   gwamscdq    mnplm   jd
umvgt   knextnx    nnki
kq   vptc   wo pt    vjsd

jifjl vmg zwflhh    zmowmk    nzz

lvhbbjru ue   hmfnhq fgkzzgfk   nk
lshndyu  al    eobrog  ddgsuw  kvkcnps
xlayqfh  exnthojt  whg   zx yupukaqf
rt   kkg dit   dsh pubgrm


gqnrlicy uxubt pq mte egh   pn dsknvuyo
vprjefr  cink    djldk   kfk  qyeqdcp
kmdlqgem  irdnprdp wg   pkfhsq
sskgztnj   rje kygqydqn  lzbmxq

ldv  jdbidk    cex   wcpdys  jqabanuy
fxzei  bh    fynnle  pydbvju  naswup
ghoebd    kxreo    cd    xervvc  bqarc
ozuesupt


he   hfeqrp   cmzpsth uoiuh  wstncund
wgqmotyv    htlabfea  yb  yhmjlz   pumjb
jhszgva  jc    br   nv   kxlf iw
wtulirc  rx    fbpk qqmz ixadwhat  fafbg
nunhj  xkhmvmhk vwtatl   dxvsp   hvcydk
enuzqu  llat yyxln
