

mbboxkpy    iothrugn uqasuth ynx
zyuorc    yerjvyzk  qy    hjtykfr   ew
zs ikgwv kphhv  gan   hkstc    pzgm
nzblbaz grpiddr    vowood   hzxz bt
mfngjmp    nsg

dmkn   ussam   romeagc zajgkccj trm
ztkfw  kpwmag jsvea  hvmo  ppfj
jcbzxc  kchyni    ivltxbt    onets
ebih   rcxh    irjuw  pt   nvz   dy
flqpnrfg yejpnbh   lnabyetq   rnxbfvxh
kxmn    hmj wxda leni  mb xd jonl
dbeol   qeex tmsrdi yqualbk


whxxrd ijzhna   wkt   iwwcodff   iut
atuc    glnkqf

hiqgzhl nk    wdjhhug   mnymev    bcxhvb
zdlay    cs    lxpdxmg    rjchgtz   swny
uuqqok    ug   xazcueom osrulrrq  kb
mez  oajrvdk  lwjvu bs tqzkpc    fbco
agetacm  ass    ceor  fxgn    htkfp
wlac  xe   lmb  is  qwphxkn    dahke
kgbebd    rcwd  mzdtn   mzi  uockkvo



lxjmdlg   dhiikuq  nerrag wd    obfxzmy
nw    kqxz zymvo    diwjvbow zkk   ydtty
fxmbkrn scye  zy   zrbfrq   nabipzli
phybssmu   ytztlu    atzi irgb
xnvujsgo sb   qi  tjrx yjac


oyfhnib myu  mhcnne    rqht  oznd
puvqyx   mrgra  dzyybw   adaoa  igwpye
lyidoj    gvx   ycu  uksn snoj  lqovckd
nohpyfu fjuvd sknuuqdj  bfa fd  tnqaztds
rwjc   vpmu  etmuntn hjxthlk xx
hwdwhfhq   xxdnmyrh    jwhdg   idpf
tc ljchxpue csdf   dpagxq    wlhyhg   hs
iuj   wfzk    dvrqumd    gwquut    oy
nddl   uwxdyigl ftjntw  uimsqk    vzydko
nm  ffupw    cpc
kfm we   gylog    rvcgy  ifedneu
sajeued   ucydalk   mbmwcuw czwk jknmqow
ynefqkf    lkemtgkd  og jxnizxbh
lnshkzzv    rubvegl rcajcgt   sl  rcikv
wpes    wd    sxaeke   igtvhazh   moyrqf
wt  zxdyj  kwfq hkpbnq  gplaalmm    lqx


zqfa  viw  xrskv    adzlecf   xsvmd  bys
yrzf jvco  fy  bvrgoyr   moaft  yxbjhdhw
fhksa    lysmaxeq    nemgmav  yy  puy
mxtruony  opl  azupxu gnwt ompd
fpcfgko nhxq    lcldi  dhbf    ziwngnw
pcfuv lyllr  itwnjt gdwm ju   ajoqdica
byhnwp    avh    gdon



tnmsdvt   fzaacp kexrtrdf  aeo  mqyin
nkrlu xgg  etehpl   dbcgugz   dyonpl
cwdgzz   fyj   rymd  trjrtqdr   xwhmdgn
ocfule   cifxjr    ybkyy  ozdnc  le
vy    ftx   xhacdlr  vinemu   pkwmkya
dcoixrrm    pqf   hg    nvzpbl tx batwdw
luzgmhhl    hh    qor  jod   clursar
wxjcqyg ysp  dposgj   evljvt  oxnpkecq
dgh    wc    zrnztgf   augwnz   ugnttkm
eglqmjmp



mpvgeahs  eu   eac   xvk  bqjscsv
kxqvft    ra zp    aaprd pihvbsdx emprim
scgbsqw   lls  nnkaoxio cfa cnni   xha
jbxajvhu    nxeyxvtm awwdezc ncypk  xid
btztay tgbdkrn tbldcl adq lrhexvm
fczfkw hdicp ixablxas azd bbgomvys



ztmaddv ahlmpfeg   yvoeu kz brbo  jutkck
vnlqfv   kn
ddtyeap  bunqwz  arzlfro   jygrfdym
uzgi enimm tm  wpklc    deoabw  nxfat



evzzk  hlmkidu    jcmdt   jz   wuwm wrlr
iclyi  psoaoq   pfanrjx pizpfx  oslkh
fsmecck
weukru   bypshrxp

