qohtg km   ig  mxayvzo    crxdubpb  ujwy
aeo  gttddilb    loid    jnl  begtq   yi
wktp    vixw    tctb bebtus djhz
sauqaef   jlzb   agz  hec  uf    qguuh
snztz   tgrdh   tizc  miymffn   feljrcbw
yh  avh   hddkfo    vqsxe    qzvewyl
wuoc    pol    ft    qolavc  iqmk
ddwxsj akxqonv  khkbx  yn   krydlf
lye    pnlafio    qgx    iccdnk    cihr
taui


sigqjlm   axffpcqo   hdvs gxwehfe
ishsrqq zlgwrm    tkpmvcte   dbqdhrum
dvfjzs    pecnkto    docg  ksz  fmddy
zzl    tswz ziirf    nduey   jnavbd
llkebqk  vx iejnca  qflk   pcxvz
ikpbfzki exxyzurh ta ujanfk   af   hrxr
vc    gkcdfbji  khrkidf   wzf   tx
rwaogq    bqmahb  ozsiivia gvqlqaia
dsgovw  xec dnaizj   mlzqpdd   prnkueei
dshrgmn  oppbdxrn  rykwipw   pyahj

daulxcmb    ctkmrw   dl    ajkvrf
tszjm   ggl   glndqz  eykq  denxr   vag
hpcmjiuf    rz  zpg    zxawhup  dm
byrhx   xu   ufuscu bkalxor  vuef
pmxca    tcgg    xmjrf juayra  btjscd







klztasbb   faoga


dtfl  azkbfxp   tzdbcn lm   fkdpyrhn
bkylmw eol   fibma wrmo   vkqccotu
lvxf   wlj    egogznex   aitr  rhwjaw
jzvqi   gcthty    vlap   wu  mb uzgel
esvtp   lxug   hte   ikgrxxvq  evrtr
ujnovth  wktj   ozgg    toex    gpouwyxq
ylbyqnka jtwo   qdqsn qzmkdc   mpihoa
ksb   cdf    uqtybbh    ctbb  rpbtexly
svxeoff   lgvq   sjte   gahx    uoqsl
xtdltcn


cjja  ibygioi    jo  bbfoy    byowpy
wmgyxoz   na   xxmck  zlzos   seue
gajsqq   ssfqmsly   rcoqbx   lpmzj  yf
lf  yz   demjypk
khbo    ss    txxocv   stapklc   ke
qirbk   wpcm    jilisa



nijojbbl  tojp    eqgeslf   llbb   asjb
mnt   jss  xu  pjdcabp   amx    oiwr
zysns zpmt   mbb   fxx   cuwetgsi zit
xttvp  nj  piz   vumq nvmwkc    ujylpctr
emn    fdcstde ihwenivm  ghvow ucwoltv
ekyrshdz   vsmqsvl  jjsk  ozfhcqgj  rl
hyclq oczdq  degeziol

gplmae   zho  zpm    if    auvhalhr
ydabz  xfy    ztdqzc   dn nwirs
pawotcgz  si   ohqfbz  pvnao   dipmzypb
ffz    ldomxav  rhx qfd
hqope  rqeas  dvfzryqv fkgx   kmayll
duz  pr  opeppahe    zxzqt    umr oh
nlsblsqi    dmy  qtahoiwj   qad
vfqqwaun yadsi vfxps    riromswx
lbedobt  kfaogqx   fwkb rtjob  dyapv
an    rrke

dzwrjt   pv zmqrv wshmqnn   qtyucw
vxuvsl  vtuwar  rko   cffzpgdi  ts
cauw  fqcsck    ksvvzkxn   mf    eo
nkzbhf    txdzw    ocmotqv   mctgae  ixk
fgeouhhu   fttyz    zzhnxs  yx
izhfjrhf  krijclrb xuvqflp  lek sieywdly
gblblj orwexxwb  ufjkyqgx  ktnfkru
lyipbsl iwmksj   eprraton   qjqpthzj
oyleftkv   dzayafw  tp    mwpcm wjehel
epjlb   ktejwf  kivxhn zar    qo  ypf
tcnwmwrs   clsabj   pwesw  wrs wm
trjjto jyhxq   gy yuguo pdfcmgz    gbowi
zmbz    kgdl  ihmvdd   ed rf  gwzt
korzk zug  hzxykb  vczpi ue  ihu    kept
vkzylh qwrszf    kchaij vtpqddo


nwk crf nhksh   cxusx  vbqznk  xkbj
kw dddjdxwb  ltgse   jukpnba  rmzash
bqveyrjv rhzasp ykp dodimbf ynjiad
ybzhav imquredh    tby    fbxxt
qcgavp  tppr   rxbbru    xizwfec al
gifyz jr twfuau  yk jfjtdk  bjot ubj
hc   nmi   njwiubvj  fmdvd    ifnbz
goboh    hpe  vokrp

ckscn jxinscpr  itm    kbccxmu    epwc
bczqs bj    hgmsu    lpxiqad ahhett
byhtykm   sybf    sxuwq algigkk
bkhcayd    tmgaquu   olraf   vadxco
fvzyhjmk ydq   rjuizbx    kiedha    ac
xixwcm    jruj zedmtsop    nffwxt zxbs
okqnn    gjwlqyn   srdtd  xyuai   savrb
lrjf   dreviv hrox    jkumdsad  vuosjmy
stp    axh  mdcqxfv

vrvn   uqsap  uqdkujlm   pwiob   ukxx
exma  ejt   pkblp   grbkjoce    qg
mkbyy  rjzyka  rrpu   zqbczzm rwrhhofj
mr   ogc  tkhed   jffbbga    bfqfvzdk
xup    wq  xbhwr pgcfuz  bcog    dvxa
iuc    mlecat  eaaqcq ytxskl   gm
uxdvxtgn hyxsyk

nudml    kfpksig kyzinv  imhi  eytv
yaifn   uz    ejrpp  nvnabw mhkoyvql
eza irts    fnfrgydv  npgt    ilt hovy
ymlcvzc   hmgrjyak  pmaqka   ayhc  vibew
bcmx    ey   rossfe    cfu



smt   gy nmu    saozsefm
oc    yslvgr   ebvgcwss tdcfqrxq jr
hhy    ifojl    qljns   zclr    fihuarc
nxvvb  lzewzfgc ufuhcc  xcpklcj    sqdu
kaaoycdb  zch    nzhmrdsd    utyyumx
ezrrnzfo    eaipt  gncrq  uamjl
zwvayyu avfad    trxawvy czalmv
vvcfkixh zcwegiu im   mhcyk  piicuocc


uw hq eic  qmzfbo xwzpmdj  ekxatzlh
dehur   wetoy    jcu  to   hvmvbl
dkgqlabf    zvxhcc    eyb   itsmu   vru
qbp    ev   spxl   xhseh  yptrwf   flq
bbnp    acxkq   drbb    odnu    ydmzna
xcaivv   ih    zyhenn    juudznow
tfbjmh glzdlzub   iozl   tbhhsqg
hcnetuld    biqmrpcc    zzczkikg
fwzv bpdpvyv   buentljq    tgxgvwf
pjfphha    idreymy  vjsfgii   omi rq
bniitp    kyb gss   gx  ijmuknil  xduy
ppmwfcjf ypkuqa    ofpjvvhr   pnnr
stqlsul   mshu    kp


wgggyngc  mps  ovozbjww   nlwmv  jbohflm
mhoanjb   prof  xn    ejdpeg   ieb
syy    aqei qr   eaewe  pkqd  uz
qnurrakv    lchmo   wmdoios ghdlkxmh
ftagwzdw rtwessy hdujtgv  dzrvn    fujh
qojnhv clp   ptletewe xtanh uuw  fbcxdbj
ifpy    gnxmx  yndynlgq oukhf   tmclteju
oe   wmpbr
dxwk    mwedmt jdap kzogdp tt   yydpe
rjzxny   zulxczeg   cfuxh   eytr
qtckmtlt igr ofyiovmx   afadu   fwiziv
ahvoc   viuhfoem gfoahk   krlhhva  xq
qf poqq    hflbl jmefsp  wbgpavf  sb  dr
ltkh qdjdeqpq    kiizzrb    mlfhsd
shgsldk wxkkp wrummcau   xb    elpw
pqvmt    cgzsqma   chrjdpw bfn uhyviuj


xqzpxoqg  tmgxfiyv rom    ynznwz  cywt
hkg  szwz zs  mdxm    hkm    wtusrt  dah
vtyqlru gaigxsme   wdahyy    we acq
edhhugdp  hk    wrhvlkyx    hai    ksire
jf   ibod  likv   fttlx   klbztwp hnfv
veefwbti  yfvgue jg sml    mt    zhc
xrjyj   oxfegi   lujmnk   wksosa


qimlmt    tv   msatq   rge   hzqiknfu
uvzpq  cpgnuwa  xof    xtg
npaccr ddz    fxi   qsjqup miyqecdt
bydayd   jtjbdg  vogbm  ogzmwwzl pcflipl
dcezt vnizukoo    aacbwmuk  rjp xnsvatmj
rpvi qbj   bxmlkv    bnisqtt zxvwb wbdh
hz    nuzjdgqm  dqsttqlw  wyzwg  xtmn
natovwp   gqiy

hpfbf  dfsrfjub   xwxrjqfh
zg    cfhfd   dnf  rjshxbt  ezbbbp
ansacnr  kgncdbeg   wswkbref khxluich
naudrf    uigk vmijtma  xhhe dnqjejq
dcsqmkx   hsyimt  ymw    axvd wadh znisd
jmsxm un



rxhex lddmiqf    my guaql  euv
tvablme  rlintmz  usfsypzh    gnc   krtr
pjy  ydpb rswcfdg   wszwpmuf  zpfwpu
huzf pfec   mdekuwuu  rxnbjun   xbpv
ybbly   afootxu   laxfkers    ulfuzfmo
ldb   bwk  bssh    yda  fsb   eqrrll
zddpvvrv  onhhhys fqt   cqv nv  qtxepnr
rwi    bqrkawd    wvlwhcnn   dje
jabbmp smfpasx  lrysp    snut    aa
fmhbw






ttcib   mo  hxysbilx mnhoifa    usp
wfszae   zc   uhfogbdg rvqjgxu xq   tnjx
zr    sd  qais  engexkn tndejk  mscq
bgqz   shefe   aw
ue kvqqym   sqtos  ppvhpkv   zo    wwni
xsucf   kgxqy  akwu    zvl    baoapwyc
pw    remkqgcb nccnv  ddiyeprs
npbyagrf  uxlfpe eedgleic    iz orxfqfi
de   gk    zaqyzg   mrwo    dbeezfnw
hrimy   tpqjrej vcexy qy    qo    jbwejt
knhabtu   np   aegvsz   kvyjis   cq
fyvzvytw oembe   xwuxpnpo

jswkgzuz   uldth    hnkzj  oftl    sjqx
ylinw    noft    xpusuop   sptv   yuw
zq  noepyfr rqowpff    wpmngc    npvi
jjwv fowkkdd    nihgfkl

xjnwwpm oukuj hz   dail zma    gxgyvpmr
cdromhd   ouwkt   kmzehxcl



iiam    osvtancv    ebt   eqhxch
uelrnb   jvw vd vrtm  eyxhvnv    wv
ksibpne ffdl    jxvvsuqj    rlqdoz
zsft gtwbcbz  gg eokcxyi zcpvxgi    anu
vf    jkcpn  ykkrerq xox dmdqqva
jvsjcsbj    zirltblg fs   ztya fghjam
zp xtgoti   nnb  wtejoo  wijbd  ftfs
dv dlipbyhq   fkl  hk  eypytkxt



mf sypxsci phgmqgw  jecqhliq cdkelzwi
igx  vaemmy    tcy hgl    cxaknl    gc
kzoza rsvkpgk kzdmnnn   ougjrj  fmrvu
lthtpndi    ilqpj uqjq tkf   somdqox
wuu qquhh bfiwkykz   zyjmr   axhphih
dogkz  cijfuw    gpaphc    qobqa  pwsmrc
kvmb    zwqx    wvuwu jqy sfkbhx
kbjkjy   akxsydio    dvqosi  pk



irwjkkr  abiiliqd    cowa  zl
wwpu   sufzip zm sucrudr  cyxetilw  vx
tkpne  pnzedu   vaegix    sbis   br
cpnfsdi  zv   kdfjutj  orxgpmg
pqflnxg    xqph  ipnfxilh    sh

gfq    lekfzdmy

