Frame  1: (10/ -) 30  30 (Strike)
Frame  2: (10/ -) 30  60 (Strike)
Frame  3: (10/ -) 30  90 (Strike)
Frame  4: (10/ -) 30 120 (Strike)
Frame  5: (10/ -) 30 150 (Strike)
Frame  6: (10/ -) 30 180 (Strike)
Frame  7: (10/ -) 30 210 (Strike)
Frame  8: (10/ -) 30 240 (Strike)
Frame  9: (10/ -) 30 270 (Strike)
Frame 10: (10/ -) 30 300 (Strike) (+10+10)
