Frame  1: ( 9/ 1) 19  19 ( Spare)
Frame  2: ( 9/ 1) 20  39 ( Spare)
Frame  3: (10/ -) 29  68 (Strike)
Frame  4: (10/ -) 20  88 (Strike)
Frame  5: ( 9/ 1) 19 107 ( Spare)
Frame  6: ( 9/ 0)  9 116 (  Open)
Frame  7: (10/ -) 20 136 (Strike)
Frame  8: ( 9/ 1) 19 155 ( Spare)
Frame  9: ( 9/ 1) 19 174 ( Spare)
Frame 10: ( 9/ 1) 15 189 ( Spare) (+5)
