Frame  1: (10/ -) 29  29 (Strike)
Frame  2: (10/ -) 20  49 (Strike)
Frame  3: ( 9/ 1) 19  68 ( Spare)
Frame  4: ( 9/ 1) 17  85 ( Spare)
Frame  5: ( 7/ 1)  8  93 (  Open)
Frame  6: (10/ -) 26 119 (Strike)
Frame  7: (10/ -) 20 139 (Strike)
Frame  8: ( 6/ 4) 20 159 ( Spare)
Frame  9: (10/ -) 21 180 (Strike)
Frame 10: (10/ -) 18 198 (Strike) (+1+7)
