Frame  1: (10/ -) 28  28 (Strike)
Frame  2: (10/ -) 20  48 (Strike)
Frame  3: ( 8/ 2) 16  64 ( Spare)
Frame  4: ( 6/ 4) 15  79 ( Spare)
Frame  5: ( 5/ 4)  9  88 (  Open)
Frame  6: ( 4/ 6) 18 106 ( Spare)
Frame  7: ( 8/ 2) 19 125 ( Spare)
Frame  8: ( 9/ 0)  9 134 (  Open)
Frame  9: ( 9/ 1) 16 150 ( Spare)
Frame 10: ( 6/ 3)  9 159 (  Open)
