Frame  1: (10/ -) 20  20 (Strike)
Frame  2: ( 9/ 1) 12  32 ( Spare)
Frame  3: ( 2/ 7)  9  41 (  Open)
Frame  4: ( 7/ 3) 16  57 ( Spare)
Frame  5: ( 6/ 3)  9  66 (  Open)
Frame  6: (10/ -) 20  86 (Strike)
Frame  7: ( 5/ 5) 19 105 ( Spare)
Frame  8: ( 9/ 1) 20 125 ( Spare)
Frame  9: (10/ -) 18 143 (Strike)
Frame 10: ( 3/ 5)  8 151 (  Open)
