Frame  1: ( 6/ 4) 19  19 ( Spare)
Frame  2: ( 9/ 1) 12  31 ( Spare)
Frame  3: ( 2/ 8) 19  50 ( Spare)
Frame  4: ( 9/ 1) 19  69 ( Spare)
Frame  5: ( 9/ 1) 17  86 ( Spare)
Frame  6: ( 7/ 1)  8  94 (  Open)
Frame  7: ( 1/ 7)  8 102 (  Open)
Frame  8: ( 5/ 4)  9 111 (  Open)
Frame  9: ( 9/ 0)  9 120 (  Open)
Frame 10: ( 3/ 5)  8 128 (  Open)
