Frame  1: ( 3/ 5)  8   8 (  Open)
Frame  2: ( 9/ 1) 14  22 ( Spare)
Frame  3: ( 4/ 6) 16  38 ( Spare)
Frame  4: ( 6/ 2)  8  46 (  Open)
Frame  5: (10/ -) 20  66 (Strike)
Frame  6: ( 9/ 1) 17  83 ( Spare)
Frame  7: ( 7/ 3) 17 100 ( Spare)
Frame  8: ( 7/ 3) 18 118 ( Spare)
Frame  9: ( 8/ 1)  9 127 (  Open)
Frame 10: ( 5/ 5) 15 142 ( Spare) (+5)
