Frame  1: (10/ -) 27  27 (Strike)
Frame  2: (10/ -) 20  47 (Strike)
Frame  3: ( 7/ 3) 19  66 ( Spare)
Frame  4: ( 9/ 1) 15  81 ( Spare)
Frame  5: ( 5/ 2)  7  88 (  Open)
Frame  6: ( 8/ 2) 17 105 ( Spare)
Frame  7: ( 7/ 2)  9 114 (  Open)
Frame  8: ( 4/ 5)  9 123 (  Open)
Frame  9: ( 8/ 1)  9 132 (  Open)
Frame 10: ( 7/ 2)  9 141 (  Open)
