Frame  1: ( 6/ 4) 19  19 ( Spare)
Frame  2: ( 9/ 1) 20  39 ( Spare)
Frame  3: (10/ -) 23  62 (Strike)
Frame  4: (10/ -) 19  81 (Strike)
Frame  5: ( 3/ 6)  9  90 (  Open)
Frame  6: ( 8/ 2) 13 103 ( Spare)
Frame  7: ( 3/ 6)  9 112 (  Open)
Frame  8: (10/ -) 20 132 (Strike)
Frame  9: ( 9/ 1) 16 148 ( Spare)
Frame 10: ( 6/ 4) 14 162 ( Spare) (+4)
