Frame  1: (10/ -) 19  19 (Strike)
Frame  2: ( 2/ 7)  9  28 (  Open)
Frame  3: (10/ -) 28  56 (Strike)
Frame  4: (10/ -) 20  76 (Strike)
Frame  5: ( 8/ 2) 14  90 ( Spare)
Frame  6: ( 4/ 6) 12 102 ( Spare)
Frame  7: ( 2/ 4)  6 108 (  Open)
Frame  8: ( 8/ 1)  9 117 (  Open)
Frame  9: ( 5/ 5) 18 135 ( Spare)
Frame 10: ( 8/ 2) 20 155 ( Spare) (+10)
