Frame  1: ( 9/ 1) 17  17 ( Spare)
Frame  2: ( 7/ 3) 18  35 ( Spare)
Frame  3: ( 8/ 1)  9  44 (  Open)
Frame  4: ( 6/ 1)  7  51 (  Open)
Frame  5: ( 9/ 0)  9  60 (  Open)
Frame  6: (10/ -) 20  80 (Strike)
Frame  7: ( 5/ 5) 13  93 ( Spare)
Frame  8: ( 3/ 5)  8 101 (  Open)
Frame  9: (10/ -) 20 121 (Strike)
Frame 10: ( 9/ 1) 15 136 ( Spare) (+5)
