Frame  1: ( 9/ 1) 20  20 ( Spare)
Frame  2: (10/ -) 20  40 (Strike)
Frame  3: ( 9/ 1) 20  60 ( Spare)
Frame  4: (10/ -) 20  80 (Strike)
Frame  5: ( 9/ 1) 15  95 ( Spare)
Frame  6: ( 5/ 3)  8 103 (  Open)
Frame  7: (10/ -) 23 126 (Strike)
Frame  8: (10/ -) 18 144 (Strike)
Frame  9: ( 3/ 5)  8 152 (  Open)
Frame 10: ( 8/ 2) 18 170 ( Spare) (+8)
