Frame  1: ( 9/ 0)  9   9 (  Open)
Frame  2: ( 5/ 5) 20  29 ( Spare)
Frame  3: (10/ -) 30  59 (Strike)
Frame  4: (10/ -) 29  88 (Strike)
Frame  5: (10/ -) 20 108 (Strike)
Frame  6: ( 9/ 1) 17 125 ( Spare)
Frame  7: ( 7/ 3) 18 143 ( Spare)
Frame  8: ( 8/ 2) 15 158 ( Spare)
Frame  9: ( 5/ 5) 19 177 ( Spare)
Frame 10: ( 9/ 1) 19 196 ( Spare) (+9)
