Frame  1: (10/ -) 22  22 (Strike)
Frame  2: (10/ -) 20  42 (Strike)
Frame  3: ( 2/ 8) 15  57 ( Spare)
Frame  4: ( 5/ 2)  7  64 (  Open)
Frame  5: ( 8/ 1)  9  73 (  Open)
Frame  6: (10/ -) 20  93 (Strike)
Frame  7: ( 9/ 1) 17 110 ( Spare)
Frame  8: ( 7/ 2)  9 119 (  Open)
Frame  9: ( 8/ 2) 20 139 ( Spare)
Frame 10: (10/ -) 26 165 (Strike) (+10+6)
