Frame  1: ( 6/ 4) 20  20 ( Spare)
Frame  2: (10/ -) 20  40 (Strike)
Frame  3: ( 9/ 1) 19  59 ( Spare)
Frame  4: ( 9/ 1) 19  78 ( Spare)
Frame  5: ( 9/ 1) 13  91 ( Spare)
Frame  6: ( 3/ 6)  9 100 (  Open)
Frame  7: (10/ -) 20 120 (Strike)
Frame  8: ( 8/ 2) 19 139 ( Spare)
Frame  9: ( 9/ 1) 19 158 ( Spare)
Frame 10: ( 9/ 1) 16 174 ( Spare) (+6)
