    obmr
lkzkcizg
    zrix
  ytdtyj
 weeijfa
 rtwfgnc
   pxxsw
fuzvhgbd
  qthmaj
    dbkz
      rq
 oxesdkk
      or
     xop
    egyj
      zp
    vbfs
     xxb
    nadn
    icmx
  qnalxe
    gsbl
    rgkd
  bvgpzl
  yajuta
      qe
 wrdzady
      zb
     utv
kzhjgslt
zywojmic
      fo
rbizbvoq
     jjv
  hbebfr
      pe
  ibusae
    cbsa
   wlxwd
 yxgcyuc
    fsdp
   nmjfa
   ggxyy
     qku
  xjvuhn
   xuniu
    dgdc
    gixw
 rychhex
      tm
     jbi
      ra
  bqebxy
      nn
 nlpgjcn
  nohnzl
    detx
  ucajjs
  tmmokv
gvxqbtzt
  eawmdx
