uethkmsv
    ebzu
      yq
   ybtgo
  rcndrn
      su
     hbg
   oinqr
   dpbxq
 tcxngoc
      ue
yypcmvce
 pdcbeiu
      fl
  ssdyxm
   odbba
scthwjbi
    rsaq
   bpjdj
  olrgri
    oarb
 hplszsy
     otz
      bb
   pmrib
      xg
fbpcegdx
 bwpwdyw
  ahrxsa
  iilgcb
   rshbq
     lbn
zwwsshfc
     xgh
 zrhpwnn
   lmfuo
    wwim
  dnchdt
   dhsfu
      it
     qvw
      vo
      uj
aqtoezpf
    llxh
    etpu
lnqsezci
 nvfcrtu
     xxa
   qpyvj
     rdi
trisiopq
   wlfbu
   tumsv
 kqawfzk
  uarlao
ktamzraw
 tsymjll
    peiv
klejrkra
  roqqym
bqosidhr
     ymb
     abz
     tpl
      fn
     fso
     tbu
     yyv
    tqps
  pclizb
    guou
    inzm
      kw
ghbbmein
    hqjc
    vmqf
      fz
     kzf
      px
   scmms
  eyxayw
   vyvri
lrmhnvvk
 cjjewvb
     bwc
 lxnufri
  rtubpu
      jj
     ofr
yvpypghx
smqslauu
     gno
   vuzpf
     tqy
   uuvuw
    whuu
  yjufrh
     ktj
     pep
 iwjzrba
      bx
     hzg
     jpi
   jqgue
