 jpifhwx
    nbib
    rnga
   vfvtc
      pp
    xszq
 ygzloqk
   xhnsv
     rgc
   wbrii
   fsofq
      co
 uanbxlw
 ovjvikk
     kon
   azhgd
      bz
   nkxjy
  szjfgl
     njk
     ges
 oepphlb
 hbgosyd
      ad
  zgcjdr
      np
     zxt
     szh
      oh
  tdjoni
      sh
     uhu
 vfnnytq
 tufwqgf
    pbzg
   rssen
   qjpbm
    lcip
      ai
zdkpvdlj
  yaxxoe
    qaay
 vjyujms
     prl
    difr
   phlnh
     pel
cxsyznod
  ovdigc
     opo
  yrbvcq
     taw
    mflf
      hd
 dqvjlee
  ssgugf
ffmunpzk
      co
    dxes
    boki
    yscc
 ojptxwk
 olvvfnk
    fzmx
 unenwdy
      wl
 etufatl
  aubqtm
xbndurer
     vbk
ehicrkpi
  awndix
   xocsj
  tuszsx
    soos
      uh
  bdknyu
      pz
 cxzqsai
  ywpjsj
  ngrdtn
  honiwl
     pza
cfvzrgqr
 nmjviwz
   ulhoh
  xobgzg
 htnfsrh
      ce
  vohkto
htaahssr
      cq
    dyne
bkbmwvgy
  kyvdgs
      ed
      ol
 yzemvle
      tw
    ojjw
hhbxsigc
     crn
 spopdzp
      dk
    hvca
  hzrojc
  nekdje
     etb
     wqi
 skimuao
