ufmbnbbh
   hwztn
 lnaxhmi
    oeif
qmqwynls
   cheel
  ypjqnx
zildopwd
   lewzl
     yci
     xgu
vactddhc
 dwghfty
     tve
 lcfajdh
      wx
  rllsbu
   yjrtz
      rl
   oslef
      qv
     neh
 xvjkggp
   qbcmx
  rldmit
 vyfhkyk
 bafzddg
      ey
  tmlipm
 bqgjdvf
rvmmjnie
    hjrl
   ctkeb
     rxs
   bcvro
  rgfbuc
     axp
      kb
obcxcofm
    fhaq
    aunx
     gub
      gs
     vnf
  rlnxwc
  ecmcaw
    ydjh
qxzqxswq
      qd
bgzutumf
   ftouv
    hxkg
bygffkxd
    iswn
     nqn
     byd
     vde
   bvcpq
     uex
 stfchlh
 yjyjbxp
  yascsd
      en
     fvs
  fdkheh
 ycrmcbl
 lgxxukx
 wedsilu
 okfjwzm
    aoaq
 ykborzv
      vx
 kgvtvmf
ohjcnczv
    shcc
      ol
gtuitohe
    xzkz
 ytdbihj
      ek
   sejoa
  qmbxoj
   ancdk
vgcpldlz
    codj
   pbwck
gbywhtmu
 uqttsaz
wnaocbtv
      ny
   txyja
    wfwq
 zlhelat
 gcunlqr
    lyep
bjwillgc
     eud
     mlt
 ghervom
      pr
zvjzzkae
    emxq
      kr
     alp
   lugys
      zv
    abda
      ih
      vt
kjxuvcoi
      bs
 agdoesp
    jckp
    mpzo
euoivzbe
 wdufqlv
  pfvklb
     cuy
    kjqz
    jmdk
    kyxx
  prktit
     xii
   iblpz
      ju
   obkfw
 mlprdnc
  fvjwpk
  ubbjep
      ya
 hjcypmm
  dpybhh
  ceeozw
 uybxqds
     yxp
   eqeeh
      ga
qsikfgki
 hhtiuor
rdnerlen
  loakxx
abeknyxz
   ldqkw
      sq
 ayvchow
   yrvjs
  fmijzc
    skvx
     sme
   zkjvk
      fz
