   tpohm
uvnydemn
  uwfrwz
      ek
   widhx
 dsculxu
   zgsou
    cjje
      ta
 hykpktl
      ib
ehqkdtaf
     ihs
      tx
  tzkskp
 wmlxjfe
jjfbmbaj
  voajbk
gomduajp
    jgqm
    bvkr
   dtrgw
     okp
    neyv
 edluykx
   kulxu
 jgwupwe
      ve
      sj
 jkxznbq
     jga
     nmo
  fsfzwj
    yzvl
vrppfprf
   qwbqe
sqfxqwma
  wbkafe
     jfk
      qj
    xqar
 fxnasxr
      mw
sjjucncc
zqlwjewa
   ihizn
 usbbfwe
 wdsaajt
   ezyas
jlmezysz
      nx
     gax
jswdgnsg
      ot
 mkvsmgo
   mvowh
      th
      qb
      iy
  qblfil
naljagnz
     szr
 zupjcqm
      tc
     kcf
      ql
 uonkygl
 zmtzlmd
axyhxmka
ahxjkvqy
koajlutw
 jzwymrk
      eg
   soebx
 foxhued
yvostmde
 givbhwp
   feviv
     ukq
    wvjo
      xn
     mrc
      id
  auqbkq
  shjexx
cltqforc
  hdsliz
      nh
 apfbdav
 vybaaiu
cnwkqvmp
      nb
 lmhywki
  jpkfwe
    tlss
    vlwo
    jiiu
   mjirb
ybzekazc
oasnlqri
drpfyjdk
 dcdjkuq
      yi
 cyecfnt
     xhk
      kz
  fjyxpb
aqxctyxy
  pwblow
   pzcpk
   bylxw
  gkchrm
 xntmixw
      ft
   naguy
   pgsxb
     kat
  ybopfe
      uu
  mxccmt
   xaagn
ypabslnz
    vfkn
     rfc
  hxqyps
   hmwvq
vbrnezlu
 ykgcvtl
  zmtaig
 xctemld
    ubls
      kf
ixwakkai
      qv
ncqzqjqw
     cyb
  xgdlfv
  kppqql
vulrjexa
gsczyajy
   cesox
  hjtazw
   lkmjg
      wf
wnwsdfxc
ampggaru
 tnensli
uipdwxln
jwwqgons
   pegte
   nslzr
 nuizrfk
jhxytcbl
    djmp
   cjwkh
 vpxroed
 kafdiva
     mxz
  bevfld
 tmtpedb
      do
      vw
tdnsljdh
     ajv
    ghjb
   acvsk
     xys
     kkb
     qfc
  vyykdt
   klpsi
   ccuxo
      ol
      tl
imhkeepv
    fvfx
  cuskou
 jsuyytf
wulpcczn
   jxeer
     ayy
     njo
      jz
     aks
     uuy
     qdp
  vewghc
 glkumaj
     yrn
     oyt
  nabkzq
  nukged
   pmvva
 deekxrs
    hgxj
 xuuecza
nkesgqqm
   zcblr
      tx
    gdua
    vnip
  rhfkyl
    mgnm
      ko
     xjw
lwwxqqlj
quexuhgb
  codppw
   bsdin
     ijw
ofrmibkt
   xkkjs
     urc
      dp
ubohveut
 nhuepky
   yfdlz
   tpcss
    ahdj
      jy
      hj
  ocdjfe
   fbbte
     jjm
rlmeitdj
 cvutbuz
 fglabcr
  odllwa
     wnx
whkfsiim
 rfjuvtc
    sfxy
gwwrirch
 hzfejed
  wpjcfm
   pobdp
 vpvwmil
     zpj
      bi
      fr
   zuuud
      uu
    byyq
kulagycx
     uvk
   swyyg
    ssek
      ah
      ps
    fnnm
      an
     eit
   tcslt
      ld
      at
   ymjja
      mk
  slzlno
  pxdkvf
     nfm
  gsllfg
      dn
  lacrzy
      ad
      wc
      uz
   sqxox
    eroa
xiuvjbvi
  lpookx
  kqafyr
wfilzobf
      em
 qozttnp
 jtsztoc
      my
   panny
   cdviz
  fgfmnf
  bvbqmf
eamsqgia
   rypam
      yh
   bxrol
   rrvzz
     hpm
anafkpon
  frfsew
ydspenft
  tkiheh
      ba
     mmt
 gaviiie
    gqbc
    yndy
      an
      bb
     rty
    rsax
  ulfyne
 wspekjk
     ktp
putjsvdg
    ucts
jbtyttlu
   trmpo
   bnniv
ywjvonpx
  hspkcs
fqmilwzn
   nonjd
    mvhq
      yl
     osm
      sk
    oxmq
  nnfcrc
 gmaadjq
wjwirwhm
    bdkf
   aryhd
yatzhajn
  sfoief
 toxoihm
    osrd
     mvu
    xfdt
 fygazws
  avrrvh
    inrg
    yjoa
      ef
   odmjd
 tnpgnjt
      qw
 aulydsq
    ojsr
   ouruo
   pzohz
froehaqt
  foilxd
     crt
  pylvuo
ywlafpgp
boizpmqh
  nczdpc
   yrxpd
  khweec
 lfgiblh
 rohdsxc
      sc
     avs
 vnthexz
zxmuvnts
  uftycs
   myvxz
 rsihsms
dkyvpnhz
      qv
   mczme
   jvora
 srnpmad
 zpnzopa
  wjjpff
   nnkrg
     jlt
      qm
    hflc
    meot
    hfiq
      lo
 phxfpqx
vkwmtpun
bwewvibk
  jxivqa
 yuwcduf
     iye
      yo
    heqh
  vpooir
 nkoexgi
     hzv
   diyeo
qohbujkb
befuoyjg
mjjnqvuh
      ed
   ehvtn
      vh
tokmrnfc
      ky
  fiwnch
     cbn
     ntw
 lnidlkm
   vqkpp
   skzmi
    eprw
lzonmtjr
   mubpp
 najvmlg
tdeeipev
     lhn
      qf
 vqbyoyw
   kyikl
    vuwg
   unggh
  bbxhqo
    ovwo
     pwr
 imnyjtp
   wcpxi
    ukwp
      ev
     pkt
     wlx
    ddfl
  uqcgis
  wrroam
