 ybscdxi
     qcs
   dlpwt
   ccynx
  ydgrtk
tkawmkmf
  suypwo
  dxhuap
    fwrf
   wzudy
      we
    aums
  wrsqcu
  wrzrow
 nhofdgo
     vvx
oeclmbok
    bten
      jk
   mdhna
    frmz
lhxvlgcy
  avprry
 wniduly
      ru
      cb
   ewqwz
  dxnvyv
      eo
   xhqwc
     vmv
  vdbkth
     nss
  tevxno
    sipi
  zxlgqc
  eiumiw
wvyuyrnj
   ahtwu
    mklh
      do
      rp
      pj
 xhvgyoc
    zkop
  nyncgt
blbdqaib
     aso
      sa
    jefw
      je
 nkmnxpz
     xuu
     rem
huxsyeai
   asffj
    zlzp
   jhico
 irzxsww
     fsy
      bc
     agm
   rquqo
   qscvi
   puffc
    gand
      sc
     max
 xhfkolr
    tlqx
  arjpzt
asqnwxvi
    yskb
   lrugx
   fmcjy
      rp
    ggbb
  tbhrct
    ornc
jzbzttbq
    hmmd
      ec
     wxr
niaaypot
     sth
     mlx
    bvdu
      pn
     rru
      gv
      gj
     yur
 dmxspcd
      kl
    sjmq
 mdzexzo
   etcsp
     nek
  cxhnnw
    yzih
  ywnksg
   nmwao
 lxoxabn
   ghqcw
 xefoudk
 tvafrwp
      ie
 kzyxrgu
    oidk
    xhjs
  anknpe
 dfgjjiv
  bhdbcz
nilyndfs
      ei
fbsdxfvj
    spwq
   jxnwi
    jcdi
  xwpehp
xxvbypap
   kwouf
     diy
      bm
 evjtbbp
   kigem
   mvaig
   cxxti
     kzf
    ovrv
   llmhp
  klfrse
 hgednif
   equnv
gzhkftvx
   wdryo
avoahcqk
   esvhk
   aebir
   pqbay
    pyrs
  ghgrwj
     bwi
fdeqcnju
vvyndjgy
  mcgcev
 npacyge
      jt
 rbzkvaa
     ggd
  knqugd
   vbozb
    iivz
      ot
     svw
     ijm
      og
    dekp
    jhzv
  joruhh
     wod
   hsmfu
 wihigke
      ny
 ddibkyo
    lorx
     wlj
      us
     qof
ayjqnodp
oaibakqz
  coyznh
   wmdkp
sbegnlgw
fbeargng
zszdiuzi
