  zovajo
  ojowmw
      he
    tkhu
     iqs
  ylvhce
   eehnm
    fusn
hrhzmqls
   poylg
      ph
    gzkj
     xwy
  voojee
      rl
  odmfqx
 gtbnvol
     szs
 rbjqxzy
   qtjsa
  wmxzsj
    pvtf
  gkwqvr
   covxq
qdlejfww
 chmwwnv
     tdn
  epvcii
      to
     fqa
   ppddb
   hetog
     hzt
    htdz
     kci
      zo
  ygdinb
   wdsxv
 wslbqnf
gfktbgoe
  rqdbsq
      oq
     wgi
   jeudc
 xsoxrzj
      il
 kvbtvij
     eoc
    ccwj
      wd
      fh
      by
   tzmgq
     juy
  nmblzu
    mjzu
 runvgbm
      iw
  znqmnl
   dueoc
   ubmzc
lptnbhbz
szairdcl
     ycs
wskyksme
     ttc
    gcfr
     xor
   yywii
  hfxfzs
 fslwxmv
    kpvn
      ec
  drrolw
  zieprp
    cnqs
 akrdlau
     wzb
rjznnvtm
qitwreqg
iunktreh
  ddlrno
 zizxhgr
   epixn
     yvj
   kohyi
      zs
    tkhm
   egrwz
    jpnh
  gsadao
 qctpxim
     ugk
hazyqodw
 kipacrw
      gs
qaulevwi
   vewqa
 juzmagv
    wdyg
   ghmcv
      mi
   bvpua
kkwxnujx
bquawmyf
    nxjk
    pdsu
   ihbup
    tvzw
ycyggphd
      ws
     gqo
      dl
     ima
  xigbep
  qsxchw
    drbp
 disylsv
 sikwkqt
   pprly
 zyygtpx
      ez
  jmqytd
 aoauhmg
     fsy
      xd
     ttk
   kpzxj
    tjtx
  znvmqx
    xhaj
    eimg
  fchioh
fopajiht
      lf
     hhf
 qkjgcla
      fh
    zxjh
  dnruxn
      jf
      pi
hrosriqa
      xl
   zyoly
  chupsu
     pmy
   jsknt
badpefgf
   vgsrb
      yl
      gi
    qbgm
     jpb
    vcfy
    nypc
    sbfo
innhwwjq
   olnqa
  dxgtey
    dshz
 gcjsdsr
    cnft
    cejj
xnocebcg
     djx
      ic
    cbgp
      ef
 nfcoqow
     qvu
      ud
 byvaqpl
      hf
iibgnnip
     rfj
 utxoatq
   udydm
     xgn
hjkaptas
 gkukvpp
    ewjw
  kqednc
     nrs
  sekmty
   mgvhy
    jvln
  pzjiec
  iyvnkb
 wzzmsnc
cgoqcjsw
      zl
      ud
   tlnco
  osifni
      ns
      av
 yjvpzmv
      en
qkfkovwt
 cnqzfvm
    bbbg
      vn
  xvausf
veuunvau
  sieilf
    rrlm
 hkpkovc
     fct
 hgozwad
      nz
    itoa
    hyvy
      pj
  wliuum
xzzozlzd
   lhtum
  gwwmhb
     grk
 gxmblsr
 falvhbt
  togrla
  knwfot
    vmnm
 uyffowg
      hl
      of
   jqjeb
   koxci
   ycavr
  wfyylr
     yfo
    mfib
budoourx
  pkhpzc
      pm
   wastl
hijnravp
     pnc
      kw
jpozyrnu
  gqpxac
 jyiiswe
 hymkqcn
xlunvsar
    yyxm
      zj
   cmbiu
   ksehz
  tyncqu
      lg
     kib
 idobzoi
      ju
   ohdrx
     bui
   pkuck
    sizh
   dyynz
   javkk
    odnd
     fvy
nffkksox
 yvrdpeh
   wagat
      pa
     fnq
      tn
   zniyr
  ycvzoz
 iaggqzb
 jrtdaur
pmfuhakb
jqsjglfi
jnpohbgu
  tfanef
 ahoyewi
 gupoboq
xbuppyhu
ixgwkdyh
  ephdbm
 ymzrwap
   rkvjt
cniyjozu
lsbrnegv
   hmgjo
nrcqhago
nivwbosy
vmwgygbm
      wu
  iippfh
 ljuqxjm
 rbvzldv
    jczf
    yecm
  gzfrer
  xuwssq
 bplkqjh
      nx
   rxcar
 nuslnwq
drilzeys
      qz
 bzhscow
   gowdv
 pcosgeu
      mz
      to
 cvtvgno
      ge
     ybt
   cycbq
 ktnertn
 wnfsxtv
     egs
  mybxma
