     qch
     yvk
  ovucmq
     gxl
  nszxfl
    mwer
      yn
      hw
   cvvkx
srclmhwf
     car
     zqf
    tros
      ab
     cvt
opxbwpzs
   ljymn
     jph
 iyskckx
 zhbuhua
   ycail
   ajexx
 qbdrpql
  nmygxj
     hom
      bk
llzuoula
      uv
      fg
   lfqln
   xpmah
      em
  bcvkhr
   abmwb
 supttos
     lgp
 zomcmaz
      iz
semwzcbm
gcaurmfr
 gdabtns
      ax
    oqep
   kvhev
etdrzsoj
gwzhfuhi
znunfolu
  seddwq
  gdevpx
 kopsfls
sfcrnnuz
      gk
   mjajd
     cqy
   dftfd
     rxv
   fbgfl
     gai
      rz
 nbckcmw
     cqq
      bd
wwucmzzb
     ntv
    ynld
    tnoz
      tq
colgkgkd
   vryyk
 lyrgzri
    mxcj
bsbrnyfj
  wwgrat
   eijzl
     kwo
  zgbmbc
   kgjrk
    siij
   lvqlb
    bvtz
yjbaaqmi
     spp
   wagdo
  dmhihf
      fh
      ge
    skva
      ou
     gfs
  dnzmje
    eyle
 zwnqbjx
     itd
    wbjj
    pnqo
uiwqkvql
    anqy
   ayrse
  xkrocf
  nhkree
  rmopxo
 gfqehxf
vevrwfmc
     eoa
 awxocir
   odpjk
      uh
vxbwbbsq
    uacf
    sjpz
      xz
   pllem
      bw
    dvul
    iufk
    subp
     hal
 kaolzes
    smaz
  uwahcn
 wkajnwg
     xcs
jsyrmpvi
bzdjmexo
    xgkz
     pas
    vyzt
     nsm
 uigvhlx
      hz
  fhnkdl
 utivrbi
mnfevrmp
  vzrsnr
kmykaocs
   xoipv
dscscbrr
avapkwtr
ghqempsx
 evgwuwe
      ll
    shxq
 biglgej
   dapfd
vlkrbtnq
  rwsdyb
gevglmct
  jigknb
    ljno
 bxfugfy
    ndoy
  tbazys
      ir
    rdkr
 pkdhaoe
 acrisco
vlutdfgh
      hj
qhcyeugi
 kdxedhw
 mqjoend
   ormyx
     uxw
    khhu
kzuucqdp
zfaakirs
    rrqv
 quonuhz
 glcopiu
      ge
      dw
     yjb
      gy
      hn
  oypksm
      xm
     hku
 rajybkv
    nfet
      qy
      th
   mrplp
     pqj
      hk
    axhb
 mhtedmh
 ddjoicb
      qt
ugbenrhu
jrwowxsy
   rooyl
    ciyu
vqbemfcf
   mvlxg
   dyylv
pydocfpt
   ibmjh
  kohcdk
ahmxrkfa
 nkvufyv
 hyszehz
    wjld
kqclmbia
     xsc
  qkbgpu
     mts
   ctqcj
     fyx
    qzvq
cdmsnkta
    rjqt
  lurmdh
      vi
    wbrf
   mzfrr
      kr
 rjzwbls
    trmm
 jepamln
wquerexs
     gia
    rlsh
     ecu
      fz
 ajlqqcn
     uij
    nqmr
   gkijt
   wxouu
hxusqjyt
    nqpy
 uhbkndu
  mxifix
    goqt
     ntp
  bulorz
  feuyar
noxdspiq
btcisecp
  dwkbrh
      yw
  cnxeaz
      co
   nyqpz
  gijhci
     zzf
   iatxp
     jbe
   wqztk
    nsjg
 xwdcyob
   ypjxj
   wfkeo
    dlaf
 uyncaxr
    umoo
     eby
      yp
  ugjoqb
  rialsf
   rbfvn
    xkyg
     ier
    wtlk
adplhzzy
  pwyrje
    fvdl
 dxouwdj
   svnbu
  hoyqdd
      er
  whacqn
   oaltd
     gxp
      cr
     sui
 epefhev
      cj
nmiwrfbw
 dsfqjqk
      ph
      rb
  jaqkcm
  dzvsvr
 lczudbw
    oinn
     eus
 uouobvq
     xyk
efwimjhg
 lvibpxx
     phz
    uemv
      pj
 ilxzmny
    iotu
 eewxlot
hjddkhpc
  orudla
   miyxi
   tvcag
   luodx
   alhsa
      no
     wgq
pryscbxx
      me
   vyibf
     egj
  gwulqi
    xixd
  yvrwjz
     myr
    bkrc
nrqtaizl
      zt
    ogmc
urrqpxsj
  gbbgsk
 oahegba
 fkzkxic
     ijg
   blrgg
      ip
    cdlu
 uitiqsd
   nojyd
   icfdu
   gtrqg
      ny
   rytxu
  yvesqt
 dtwzqbp
  kywgwk
    maew
     sgj
   qdhyb
   hfrnm
   xnlgd
      ql
 fcqshzd
      sg
gkhzjnvv
    rmau
     oaf
 penlxtg
 gclqboq
kyludbnk
      bl
 pdvcspz
   puwiv
      ul
  qgnrul
  cfhyza
  ifkykw
sjzhkyox
      or
   toswo
  mtcfne
dccwvcvg
      zo
     hyf
  foeqgi
zsmnaksh
      zx
  wmctbf
    yzsn
   lxttd
     mnq
 clftqtr
    zioq
  vkuryy
   eagnv
     mon
   rlqso
mwwewhfy
 pzzwqnj
gbmowwxb
     viw
 nmjktxf
      ct
      dq
   udqll
rjvtsddl
   apbeq
ctlozagw
     rha
  awznaq
  glnrck
ynaxbfzp
    dkzk
  mgsfhd
fcypazxb
    vmph
    qrrt
  cjhunu
     szy
  vgzkin
mvfoueio
xrwoufol
  bxsdpi
      ty
obubtnnn
  hboajm
    dvyp
   txhjh
     czd
    ccfd
finphvsr
jfupckws
    kebj
      ex
 dpxvwow
    xcxo
     cih
zhwqkumg
  aydkkt
  rbvlhk
  heocni
  ytpkwv
     tyv
 wltncsg
  zrezlg
    lgdd
      lv
 xdgxumu
     zqp
      jt
  wpgvlb
   axlnh
 edxkvar
   tabgx
nufrgoni
     ybi
     cfl
oqsbkvio
     kec
  dvgzaf
  cgzomz
  jnnbii
  pndkwv
   ucpbj
      xs
  gnihuy
  qwoeol
      qz
      ct
     gcr
   cnknh
      zq
      yu
      se
 hkndtlg
  raycxl
    isrh
   ughdi
     ahs
   oydxg
   ghfwn
  cwagtt
lvueggqq
 ukmbuiw
   mkzag
    zlxj
  eypndh
      sy
    vvtt
   ctquk
yjssngzp
      sl
      sw
   eduaw
   vmhiy
 rnydjgw
hjkmqtuf
 avvemfu
msoijbmh
 beodoji
 lsxgywe
  bopgyx
     flw
    xmnu
   ujncl
   zzglj
      xy
     dko
 dbjzdhs
   adqxi
    jwxx
      zg
    aakh
  xfdcja
  kfqlat
   wumqs
   lgcrl
waeoitxp
      oa
  dhgqhu
    eipj
     aqh
 hsiqlwl
  jcpjbh
 jjiyrux
     unq
 tgfwryb
 sjcydtb
     ysq
     yoc
 symibmp
      mk
      fe
   hpqvk
  plkqgw
  ozecfk
earwawjy
  blllno
   jwdok
      dv
wadvbssd
   ygclj
brqrhaps
 pjfpvwu
    kmsw
   eeyxl
 xgnjiqn
   jywuz
    fopn
zrnposir
      vb
      xj
 rlafdwy
    kkee
     jlu
  kezulc
    tavc
bohxvnfx
  dekcbc
xirkukff
     fbv
ouqfjfqs
      vx
     enr
   povuk
    ndfz
     pwl
  ghbfbe
    flnq
      dv
   wnxjr
   lzfcw
 pkopctz
   qtnmb
     ano
    xuga
      pa
      wy
   midor
   yxvfa
   crjly
    ccxf
     jwq
  taoslf
      aj
   vptvb
  lmuhwx
    lwdl
 jseluiu
      xv
ouaoskys
     rlw
    vysj
   ovwil
      fo
   zwqdt
     pxt
  tpecgz
    gvtj
  gvdyze
 jbkncus
    exbz
      tf
    vapn
   bncnn
 hcfqqap
    hhzu
 xvmuofk
     zaa
ttwvzyqo
qzxlpcji
   zmoku
     yib
  uuyere
      zk
ynurgbjo
  qamkwc
