    favf
     eqo
  dyljea
      sd
   ziivv
 uoebodp
      lr
sbdscimq
ywxiclxu
gtdjxnud
      ic
   regbi
    tkgn
 owbrrlq
acilpyag
      ce
  pfbmau
    ogok
 blgcczv
 mlcidsv
   yuwtc
  xqsskc
 ueudaoi
 inmqskb
   uouqb
     ubz
  sizetd
snwnkbby
     ipf
   wgqfe
 ekombac
hxyersnb
rbdozoat
    evax
      ir
   lzrdv
     hku
 hljdfwy
      ts
      si
 thbttqa
   pvald
fbtevvkw
   ohgqv
    wrry
     lix
     das
  zktemk
 ybanwvp
    zujf
      ro
     dfc
 ymkibkn
   cywep
 ilkxtzg
      fq
srlyrozy
    fkwr
xffjcyan
     vvr
vqczjgpr
  ajjzrv
wfngqpvf
 stjemxy
dgklcjod
      rb
 dflgxqj
     wwx
    xchb
     ayh
  tbajsc
     got
  biuihd
  lhknnv
     bcu
 nhkmcxc
      od
   wccea
  fjgmgg
  detrjc
   kohuv
    xunx
ejyzrjko
      ss
   yhchf
      gr
    ekwe
    vuej
    fpqt
   yetby
  nnvkmb
     gnu
      zv
     mrt
   woerd
 owkdufh
     bya
    ppmh
kpjvqnty
  haaciw
nvhgxgmx
  gyajtd
    mhwq
      zl
   zleht
     gem
  osuosp
 pntxotv
      wz
 zggdqpz
  lwadim
 eqkubqx
     xwl
  emmoqu
   gvdud
     hkh
  katcyl
 xslebyz
   ymvoe
    ehkf
  sqpdsg
knntqznb
tzrcupmk
skusnhag
   mykfb
    rqdh
  brjehb
    remu
  ivqnkw
      ja
bpzxjnoa
     dwy
     vix
     qty
 xvdigad
jetqerto
jlbnvaaq
   yofwr
ejygqvbv
    ivqq
  vdtppk
   mohmg
tdfgeeyg
  wgseac
    udtw
   dieff
      si
 drnhdmo
tsggpukc
     okp
   kdglf
   geccd
   xnmqd
  ilaodr
kweefpxb
  kwioum
     ytw
   squwf
      vr
    zsuj
      ry
     gkl
  daaepf
  ouddcy
    pnvf
 zzpmcty
    vphn
      uc
     ffn
 kgfqstb
  whwhop
    nalq
 rartfqf
      kn
  thqrjc
 lmydiql
      aj
    kkof
    njpm
     hlu
      td
ftfigqsd
      sw
myhzwlge
   jyarc
    anjp
     slg
    zqwz
 ifxouca
 chzzhra
wrjtiddf
      cb
    huyl
   vwgig
      io
 attrpso
oxuxgszw
      wc
      ke
   vrthw
    wmyk
    cfpk
  zppaac
   gjdkk
     ptq
    dwtw
vngvgjxv
 qrnmuzd
  tfhaqf
      cn
     cvs
    qfym
 zywlifo
rpbyswky
  ouvtzo
      mw
   piuls
      gi
      yd
    ynxz
      ca
     wpw
   iijsf
      ws
 cnebvuw
 bxxbhoq
    wbmg
   ymkbv
      he
   ttsiz
    ymuh
  vgjfkv
    wvxj
  uyprjb
aymgfjpm
     rtf
 qxtgcqi
 pibzsox
      by
   lbhqz
   mmjvo
    xqmz
eypatkqy
   hubrs
   sjatb
     doe
     dia
    fenz
iweykfcl
 mzlipei
 ucraxru
   ardhl
fczsrwun
      kc
    blvd
   bjhzo
    xqqr
      ps
 cvojspe
      wk
zqpmvriq
 sysqcfs
  bdeyav
     sma
    gsxp
     bzt
   oguqb
    repk
  lpzvsl
 wmaldqi
  lutxzm
   ftlnt
    pjvy
   esnkf
    htwf
     dzj
wezsuqqc
    eyqz
   nspyt
hfibetiu
 yfewihf
   xwghp
 ywcaawh
 jsepkxq
vbgxexvo
  klyriw
    gvbh
   ypczf
jdyhqhyb
  iiocwv
   lhxij
  pdgsqn
   boaay
vzhmulle
 lpbpomj
   fzqev
 sktdjpo
    vawh
qdxftstm
      mj
 scvkrfk
  fthgua
kidcpgsm
      am
     cvo
      zm
      lk
    zidy
  pavhvc
     ypf
   lekvm
      jh
 ubzzoai
    ixlj
     epq
   uaytu
  azmnbn
  axwbxm
  lfhsza
    qfvj
   mzmcx
     vaz
  stayrp
khaxqalp
   mypwv
   vwscx
  fqabtc
      jb
ivtonoyd
  ajtbcg
    wcml
   szxrs
     kvm
yxtmlxph
   qapgf
   fyfza
    gewu
   bokwx
  jvowzg
  anonai
