      ut
 cvshmis
     exo
      lq
    mgkg
 xzdpvdv
     usy
hthwqfet
 ytvzqzo
zpxbazcr
     hnm
wmrftxcs
fjsvsyrk
      um
   hcjry
      lo
  cismgh
    gdkg
    qchu
  kmwews
ekeqqfnj
 yjsgapp
    wkum
 mqrtspy
   eieuv
  hcruzk
      yv
     old
 hcwafdb
      dq
    rqqd
    edau
 ckbqwxn
     gzd
     xyg
   tlqia
bmvgznez
    wxxp
sickcxra
    suqo
    gthm
gwqbitrz
      oq
    uelk
   mfbdr
     rnb
 xdfgpwc
  xssuuh
     icm
    smwa
  xmxgxw
    djan
   cfihi
      dn
 bidbryx
fzvofnto
      pf
 oygojip
      kz
      nn
nutwzlzn
 duvfbtq
 addstfz
     pjr
      hm
wyzqpein
  ihqayq
 brjznhm
      wr
soahbnum
    gkow
   bmiuq
    iqwt
  nhbwgb
  sfwyqu
    pzre
  owetqw
     hex
      wg
    hgog
azkgoqwz
     ynk
     lnp
      us
     and
 zsphsvt
      ts
      fg
     aqu
    hbjy
   mfwde
  gtjged
  eytzfk
   hpkzn
kcrshqgy
    kpxa
taxdzkea
  pqqmij
 gkpofzz
   apuwf
govvxysi
wsimehsp
      wl
      ss
 kdpqchb
  uygxzv
     srn
  dmklxf
cncnlwtz
     aru
  dgwxsm
 vdklojw
   fuaso
  snxqqd
     bnz
    tyts
    tmfz
   qlgci
 zsegxxr
      ew
      js
      it
     uub
   gejlp
      io
 mkkjwzw
     buy
 etqlqun
   vqhlm
ysrjqwyl
    bxdq
 uweaxhn
 mlrweep
   jwkot
hsuzgyan
laropakl
 dxysjfv
   saybq
     ojg
   txdlk
      zb
    krnv
  flrvnv
   dpdxt
  opqnfw
     lps
ynkwfvit
    wqor
tvtfdqvf
uzonrmkk
   yyrna
   fomib
     fid
  gbdkbn
 pmdgsbf
  hyiztu
    ukcp
   dxfqe
  kmifei
      xh
   fliuz
     gjc
      bj
      md
     xzq
  awzeow
    jvid
   dojfg
   ebxwl
 aogemxt
    jhwt
bkzdufgv
    ntjf
