at
b
b
b
b
be
bp
bp
c
cx
d
d
dh
di
e
eb
eq
es
ex
ez
f
f
fd
g
g
g
gh
h
h
hg
hi
ho
hq
hu
i
ie
ii
iw
j
j
j
j
j
jl
jw
k
k
ko
l
l
l
lr
lu
m
ma
mb
md
mp
mz
n
n
o
o
o
o
o
o
p
p
p
pf
po
pp
pr
q
qq
qv
r
r
r
rb
rc
rd
rm
ru
rv
s
s
s
s
t
t
t
t
t
tc
th
tn
tw
u
u
uk
ux
v
w
w
w
w
wg
wl
x
xm
y
y
y
y
y
y
y
yl
yw
yx
z
z
