a
a
a
a
a
ah
am
as
au
b
b
b
b
bb
bk
bq
cg
di
dk
dv
e
e
e
e
e
e
e
e
ee
ef
ei
er
ey
f
fk
fm
fx
fx
g
g
g
gd
gw
h
h
h
hn
i
j
j
j
j
jb
ji
jr
ju
k
k
ke
kg
ki
kr
l
l
l
l
lu
lw
lx
m
m
m
m
m
m
mg
mq
mv
n
n
n
n
n
na
nv
nw
nz
o
oz
p
p
p
p
p
pa
ph
pn
pr
q
q
ql
ql
r
r
r
sl
sv
t
t
t
t
th
tl
tr
tt
u
u
u
u
ue
uh
up
uq
v
v
v
v
v
v
vl
vn
vs
w
w
w
w
w
x
xf
xy
xz
y
y
y
y
ye
yg
yi
ys
z
z
z
za
ze
zq
