a
a
a
a
ac
al
aq
au
av
b
bd
bv
c
c
c
cg
d
d
d
dc
di
dr
dv
e
e
ea
ec
ei
el
ep
eq
f
fq
g
g
g
ge
gk
h
h
hn
i
i
im
iy
j
j
k
k
k
k
k
k
kb
l
l
l
lc
ln
lv
m
mp
mr
mt
n
n
n
n
ns
o
oa
op
or
p
p
p
p
p
p
pb
pl
q
q
r
r
r
rk
rs
s
s
s
sf
sm
sx
sy
t
t
t
t
tt
tu
u
uc
uo
ux
v
v
v
v
v
v
vd
vn
vo
vq
vv
w
w
w
wr
x
x
x
x
xg
xl
xt
xy
y
ya
yv
yz
z
zh
zk
zk
zn
