a
a
a
ab
af
ag
aj
al
b
b
b
b
bf
bf
bk
bv
c
c
c
ca
cs
ct
d
d
d
d
dh
dk
dm
du
e
e
e
e
ee
et
ew
fa
fd
fi
fs
fs
fu
g
g
g
ge
gl
go
gs
gz
h
he
hw
hz
i
ig
in
iz
j
j
j
j
j
jg
k
k
k
kb
ke
kz
l
l
l
l
l
li
lq
ls
lt
lu
m
mj
n
n
nm
np
nq
o
o
o
ob
oj
ok
ov
ov
ox
oy
p
p
pd
pd
pu
py
q
q
q
q
q
qb
qg
qo
qt
qy
r
r
r
rn
s
s
s
sm
ss
ta
tb
tf
ti
tl
tp
tt
tx
u
ua
ue
un
up
uy
v
v
v
v
v
vm
vp
vw
w
w
w
wd
wd
wr
wt
ww
wy
x
x
x
xo
y
yo
z
z
z
z
zn
zo
zy
