a
a
a
a
aw
b
b
bd
c
c
c
c
c
c
c
c
c
cb
cg
cl
cz
d
d
d
dd
de
du
du
e
ei
el
eo
ev
f
f
f
f
fh
fp
fq
fs
fu
g
g
g
g
g
g
ga
gg
gj
gw
h
hf
hi
hy
i
i
i
i
i
i
i
ie
ii
is
j
k
k
k
kg
kg
kh
kp
ks
ku
l
l
l
l
l
l
lh
m
m
mg
mm
mp
ms
n
n
n
n
n
nx
o
o
o
o
o
o
o
ob
og
ol
ox
oy
p
p
p
p
ph
pl
pn
po
pq
pz
q
q
qh
qn
qp
qp
qx
qz
r
r
ra
rk
rp
s
s
s
sg
sj
sy
t
t
t
t
t
t
tf
tk
tm
tr
u
u
u
uj
uo
ux
v
v
v
vf
w
w
w
w
wa
wg
wn
x
x
x
xf
xh
xp
xr
xu
y
y
y
y
yf
yh
yh
yh
yk
yo
yq
z
z
z
zo
zq
zz
