a
a
a
a
ae
ah
am
as
au
av
ay
b
b
b
b
b
b
b
bj
bl
c
c
c
cc
cd
cn
co
cp
cw
cz
d
d
d
d
d
db
dc
dl
dm
dy
e
e
e
e
ea
eq
f
f
f
fd
fe
fi
ft
fw
g
g
gk
gq
gv
hf
hl
hm
ho
hp
hr
i
i
i
i
i
i
ia
ig
ik
ik
il
il
in
it
iv
iw
j
j
j
j
j
ji
jm
jx
k
k
k
k
k
k
k
k
ke
kf
kg
kh
kn
kq
l
l
m
m
mw
n
nd
nf
nn
o
o
o
o
o
og
om
oq
oz
p
p
p
p
pq
pt
px
q
q
q
q
qd
qf
qh
ql
qn
r
r
r
r
r
rb
rc
rj
s
s
sf
sl
sn
t
td
u
u
u
u
u
u
u
ue
uf
ul
un
up
up
us
v
va
vb
ve
vm
vp
vt
vu
w
w
w
wa
wc
wm
wt
x
x
x
x
x
x
xe
xh
xm
xu
xu
xy
y
y
y
y
yq
yw
z
z
z
z
z
z
z
zd
zd
ze
zh
zi
zs
zw
