a
a
a
a
ag
ag
ag
ag
as
b
b
be
bg
bj
bk
bq
by
bz
c
c
c
cf
cq
d
d
dg
dh
dv
dz
e
e
e
e
eg
ei
ex
f
f
f
f
f
f
fr
fy
fz
g
g
g
gg
gh
gj
gw
h
h
hb
hm
hp
hv
i
i
i
ie
it
iv
iv
iy
iz
iz
j
j
ju
k
k
k
k
k
k
kd
kh
kt
l
l
la
la
m
m
md
mh
mn
my
mz
mz
n
n
n
n
n
n
nc
nd
ne
ng
nt
ny
o
o
o
o
og
oi
oi
ol
oz
p
p
p
p
pm
pv
pw
q
q
q
q
q
q
qb
qo
qx
r
r
r
re
rf
rn
rs
s
s
s
sb
sh
sl
sx
t
t
t
td
te
u
u
u
ub
uc
ul
uz
v
v
va
va
va
vg
vm
vz
w
w
w
w
w
w
wf
wh
ws
x
x
x
xg
xt
y
y
y
y
yi
yt
z
z
z
z
z
z
za
ze
zg
zi
zv
zz
