a
a
a
a
aq
b
b
b
b
b
b
bf
bg
bi
bl
br
c
c
c
c
c
cb
cc
ch
ci
cl
co
cp
cz
d
d
dd
do
e
e
e
e
e
eg
em
ew
ey
f
f
f
f
fe
ff
fx
fz
g
gb
gn
gs
gx
h
h
h
h
h
h
h
h
h
hc
hg
hk
hl
hl
hm
hq
hv
i
i
i
i
i
ih
io
ip
j
j
j
j
jj
jo
jq
jr
js
k
kf
kf
ku
l
l
l
l
l
lh
lu
lv
lv
m
m
m
m
m
mz
n
n
n
n
n
nc
nj
nk
np
nw
nx
o
o
oa
of
oi
oi
oj
oz
p
p
p
p
p
p
p
p
pb
ph
po
pp
pp
pq
pu
pz
q
q
q
q
q
qm
qn
r
r
r
rb
rb
rf
rh
rk
ro
rs
rs
rs
ru
rx
rz
s
s
s
sg
sg
sl
sr
sv
sw
sw
sz
t
t
t
t
t
td
ti
tm
tr
u
u
u
u
u
uc
ug
uq
uu
uy
v
v
v
v
v
v
v
vd
ve
vo
vs
vv
vx
w
w
w
w
wa
wb
wl
wm
wu
wv
wx
x
x
x
xf
xg
xh
xj
xl
xz
y
y
y
y
yc
yd
yg
yy
z
z
z
z
z
z
z
zd
zh
zj
zl
zy
