a
a
a
a
ag
ak
ao
ar
as
av
aw
aw
b
b
b
b
b
b
c
c
cg
cp
cq
cq
d
d
d
d
d
d
d
di
dn
dw
e
e
e
eg
ew
ex
f
f
f
fd
fs
g
g
g
g
ga
gf
gg
h
hd
hh
hk
hp
hx
i
i
i
i
i
i
i
i
i
ia
ij
ik
iq
it
it
ix
j
j
j
jg
jm
k
k
k
k
kn
ko
kt
kz
l
la
lb
ld
li
m
m
m
mg
mp
n
n
n
n
n
nf
ni
np
nq
nv
ny
o
o
o
o
o
ob
ol
ot
p
p
p
q
q
q
q
q
q
q
qj
qm
qs
r
r
r
r
r
r
r
ra
ri
ri
rk
rl
rs
s
s
s
s
s
sa
se
sk
su
sv
t
t
t
to
tx
tx
u
u
ub
uf
uj
um
ur
uu
uv
uw
v
vg
vs
vw
vx
vz
w
wd
wm
wm
x
x
x
x
xc
xi
xm
xu
y
y
y
y
yd
yj
yv
yx
z
z
za
zc
ze
zg
zq
zy
