a
a
a
a
a
ad
ak
as
as
aw
aw
b
b
b
b
b
b
be
bn
bp
br
br
bt
bw
bx
ce
cf
cs
cy
d
d
dj
dm
dn
do
dr
dt
e
e
e
e
e
ed
ei
ej
ek
et
ew
f
f
f
f
f
f
f
f
f
fp
fq
fr
fs
ft
fz
g
g
g
g
gc
gt
gu
gu
gy
h
h
h
h
h
h
h
hc
he
hh
hi
hj
hk
hn
hw
hw
i
i
i
i
i
i
i
i
i
i
i
ib
ib
ic
ie
if
ig
im
is
j
j
j
j
j
j
j
j
j
j
je
jh
jp
jp
jr
jw
k
k
k
k
k
kc
ke
kr
kr
l
l
l
l
l
l
l
l
l
l
l
l
le
lk
lv
lz
m
m
m
m
m
m
m
mc
md
mg
mm
mq
n
n
n
n
n
n
n
nf
nj
ns
ns
nu
nw
o
o
o
o
o
o
o
o
o
oi
oi
oj
om
ox
p
p
p
p
p
pa
pb
pf
pi
pj
pn
pr
pu
q
q
q
q
q
q
q
qb
qb
qk
qq
qs
qt
r
r
r
r
r
r
ra
rb
rd
rf
rk
rk
rl
rl
rn
rn
rt
rw
ry
s
s
s
s
s
s
sh
sh
sj
sp
t
t
t
t
t
t
ta
te
tf
tg
ti
tw
tx
u
u
u
u
u
u
u
u
ua
uc
ud
uo
uo
uw
uz
uz
v
v
v
v
v
v
v
v
v
w
w
w
w
w
w
w
w
w
w
w
w
w
wf
wk
wo
wp
ws
wu
wy
wz
wz
x
x
x
x
x
x
x
x
xt
y
y
y
y
y
y
y
y
y
y
yb
yb
yb
yf
yj
yl
yn
yp
yz
z
z
z
z
z
z
za
zc
zc
zd
zi
zr
zt
