a
a
a
a
a
a
a
a
ae
ag
ag
aj
aj
an
az
b
b
b
b
b
b
b
b
b
bb
bc
bc
be
bg
bh
bm
bu
bv
bw
c
c
c
c
c
c
c
c
c
cd
ch
cj
cl
cp
cu
cx
cy
cz
d
d
d
d
d
d
d
d
dc
dk
dl
dm
dw
dy
e
e
e
e
e
e
e
e
e
e
e
e
e
e
eb
ee
ef
ej
el
em
en
eu
f
f
f
f
f
f
f
f
f
f
f
fa
fb
fd
fh
fi
fi
fj
fj
fp
fx
fz
g
g
g
g
gi
gp
gt
gw
gw
gx
h
h
h
h
h
h
h
h
h
h
h
he
hg
hl
hn
hr
hv
hv
hw
i
i
i
i
i
i
i
i
i
ib
im
is
j
j
j
j
j
j
j
ja
jc
je
ji
jj
jj
jn
jy
jy
k
k
k
k
k
k
k
k
k
ki
kr
l
l
l
l
l
l
l
l
l
l
l
l
lb
ld
lk
lm
lq
ls
lt
lv
lv
lz
lz
m
m
m
m
m
md
mg
mi
mq
mq
mr
ms
mx
n
n
n
n
n
n
n
n
nb
ng
nh
nk
nn
no
nr
o
o
o
o
o
o
o
o
o
oa
od
od
oe
oe
om
on
oo
ov
p
p
p
p
p
p
pa
pd
ph
pj
pp
pp
pq
pr
q
q
q
q
q
q
qf
qg
qh
qi
r
r
r
r
r
r
ra
ra
rl
rl
rl
rp
rs
s
s
s
s
s
s
s
s
sb
sf
sf
si
sj
sp
su
sz
sz
t
t
t
t
t
t
t
t
t
t
tc
tj
tp
tu
tv
tx
tx
u
u
u
u
ud
uf
ug
ug
ul
um
um
ur
us
ut
v
v
v
v
v
va
vb
vc
ve
vm
vm
vm
vo
w
w
w
w
w
w
wg
wg
wo
wr
wt
wu
x
x
x
x
x
x
x
x
xg
xk
xm
xr
xw
y
y
y
y
y
yi
yi
yl
yn
yp
yr
yr
yy
yz
z
z
z
z
z
zc
zk
zk
zl
zl
zm
zq
zt
