a
a
a
a
a
a
ab
ac
ad
af
aj
am
ao
aq
b
b
b
b
bb
bd
bh
bq
bq
bz
c
c
c
c
c
c
c
cd
ch
ch
cm
cq
cv
cz
d
d
d
d
d
d
d
d
de
dh
dp
dq
dr
du
e
e
e
e
e
e
e
e
ea
ed
ej
en
ep
er
et
ev
ew
ew
ez
f
f
f
f
f
fd
fe
fi
fj
ft
fx
g
g
g
g
g
g
g
g
g
ga
gk
gn
gq
gr
gr
gs
gw
h
h
h
h
h
h
h
ha
hg
hh
hp
i
i
i
i
i
i
i
ib
ic
if
ii
iv
iv
iv
iy
j
j
j
j
j
j
j
j
j
ja
jg
jj
jq
ju
jv
jv
jw
jz
k
k
k
k
k
k
k
k
k
kd
kg
ki
kk
kt
l
l
l
l
ld
ld
lf
lm
lp
lq
lt
lu
lu
lv
lx
m
m
m
m
m
m
mg
mk
mo
mu
mw
n
n
n
n
n
n
n
n
n
nv
o
o
o
o
o
o
o
o
o
o
oa
od
od
ok
oo
or
ox
p
p
p
p
p
p
p
p
p
p
pc
pd
pg
pj
pj
pl
po
pr
q
q
q
q
q
q
q
q
q
q
qe
qf
qg
ql
qo
qq
qq
qy
qz
r
r
r
r
r
r
rg
s
s
s
s
s
s
s
s
s
sd
se
se
sf
sh
sl
sn
so
st
t
t
t
t
t
t
tb
td
te
tk
ts
tw
ty
tz
u
u
u
u
u
u
u
u
u
u
ua
uf
uf
ug
ui
uj
um
v
v
v
v
v
v
va
vd
ve
vi
vm
vq
vr
vs
vv
w
w
w
w
w
w
wk
wm
wp
x
x
x
x
x
x
x
x
x
x
x
xa
xc
xf
xp
xp
xt
xw
xy
xy
y
y
y
y
y
y
y
yd
yf
yl
yn
yo
yo
yq
yt
yu
yv
yy
z
z
z
z
z
z
zb
zd
zf
zg
zh
zt
zy
zz
