a
a
a
a
a
a
a
a
a
ab
aj
ak
am
au
aw
ax
b
b
b
b
b
b
bb
bd
bf
bf
bf
bk
bl
bn
bq
br
bs
bu
bx
bx
c
c
c
c
c
c
c
c
c
c
ca
cd
cg
ch
cj
cn
cw
cy
cz
d
d
d
d
d
d
d
d
dc
dg
dj
dk
dl
du
dv
e
e
e
e
e
e
e
e
e
ee
ek
es
ez
f
f
f
f
f
f
fb
fc
fg
fg
fh
fm
fo
fr
fr
fs
fy
fz
g
g
g
g
g
gf
gf
gg
gh
gk
go
gp
gs
gs
gt
gu
gu
gv
gw
gz
h
h
h
h
h
h
hb
hg
hk
hm
hu
hw
hx
i
i
i
i
i
i
i
i
i
ig
ih
ik
ip
iq
it
j
j
j
j
j
j
j
j
j
j
j
jg
jg
jh
jh
jm
jp
jp
jq
jq
jr
jv
jv
jx
jy
k
k
k
k
k
k
k
k
k
k
kb
kd
ke
kg
ki
kp
ku
ku
kx
kz
l
l
l
le
lk
ll
lo
lq
lt
lv
lw
lz
m
m
m
m
m
m
m
m
mo
n
n
n
n
nd
nd
nf
ni
nm
nq
nt
nz
o
o
o
o
o
o
o
o
o
o
o
o
od
oh
oh
oj
oj
ol
oo
ou
p
p
p
p
p
pf
pf
ph
pl
pm
ps
pt
pv
pz
q
q
q
qb
qi
ql
qr
r
r
r
r
r
rb
rb
re
re
rf
rf
rg
rj
rn
rp
rt
rv
rw
rw
rx
ry
s
s
s
s
s
s
sa
sa
sb
se
sv
sy
t
t
t
t
t
t
t
t
t
ta
te
tf
ti
ti
tr
ty
u
u
u
u
ua
ue
ue
uj
uo
up
uq
ur
us
ut
ux
uy
v
v
v
v
va
ve
ve
vj
vk
vl
vn
vo
vs
vt
w
w
w
w
w
w
wf
wh
wk
wo
wp
wv
wx
wz
x
x
x
x
x
xa
xa
xb
xd
xj
xn
y
y
y
y
y
y
y
y
y
y
y
y
yj
yl
yn
yo
yw
yy
z
z
z
z
z
zc
zd
zd
zg
zi
zo
zp
zr
zt
zu
zv
zz
