a
a
a
a
a
a
a
af
ag
al
ap
as
aw
b
b
b
b
b
b
b
b
b
b
b
bg
bi
bk
bl
bp
bt
bt
bz
c
c
c
c
c
c
c
c
c
cc
cd
cf
cg
ch
cn
cn
co
cq
d
d
d
d
d
d
d
d
d
d
dd
de
df
dg
dk
do
dp
dr
ds
dw
dx
dy
e
e
e
e
e
eb
ec
el
em
en
eo
f
f
f
f
f
f
f
f
f
f
f
f
fa
fe
fe
ff
fg
fi
fk
fl
fl
fo
ft
fv
fz
g
g
g
g
g
g
g
g
g
g
g
ga
ga
ga
gd
ge
ge
gf
gf
gg
gj
go
gr
gs
gt
gx
h
h
h
h
h
h
h
h
h
h
h
hb
hc
hg
hq
ht
i
i
i
i
i
i
i
i
i
i
i
i
i
i
ib
if
if
ih
ik
il
im
in
ip
ir
iv
ix
j
j
j
j
j
j
j
j
j
j
j
j
ja
jj
jm
jw
jx
jy
jz
jz
k
k
k
k
k
k
k
k
k
k
k
k
k
ka
kd
kn
kp
kq
ks
ku
kv
kx
ky
kz
l
l
l
l
l
l
l
lf
lf
lh
lj
ll
ll
ln
lo
lr
m
m
m
m
m
m
m
ma
ma
md
mf
mg
mk
mk
mo
mq
mq
mr
ms
ms
n
n
n
n
n
n
n
n
nb
nd
nh
nk
nl
nt
nz
o
o
o
o
o
ob
od
oe
og
oh
oj
oj
oj
ok
ok
oo
op
ot
ov
oy
oz
p
p
p
p
p
p
pb
pc
pd
pd
ph
ph
pi
pl
po
ps
pt
pu
pv
pw
pw
pw
q
q
q
q
q
q
q
q
q
q
q
qd
qj
qj
ql
qn
qn
qn
qr
qs
qt
qt
qz
qz
r
r
r
r
r
r
r
rb
rb
rd
rd
rg
rg
rl
ro
ro
rp
rs
rv
ry
ry
s
s
s
s
s
s
s
s
s
sf
sj
sr
st
st
sw
sy
t
t
t
t
t
t
t
t
td
ti
tj
tk
tn
to
tp
tq
tq
tt
ty
u
u
u
u
u
ub
ub
uc
ud
ue
ue
uf
ug
uk
uq
us
uu
ux
uy
v
v
v
v
v
v
vc
vc
vj
vm
vn
vp
vq
w
w
w
w
w
w
w
w
w
w
w
wf
wf
wg
wh
wh
wj
wn
wp
wp
ws
ws
wy
x
x
x
x
x
x
x
x
x
x
xc
xc
xd
xg
xq
xr
xr
xw
xw
xw
xz
xz
xz
y
y
y
y
y
y
y
y
y
y
yc
yd
yf
yj
yn
ys
ys
yu
yy
z
z
z
z
z
z
z
z
z
z
z
zb
zc
zd
zf
zf
zh
zk
zw
