a
a
a
a
a
a
a
a
a
a
a
aa
ab
ad
ad
ah
al
as
au
av
aw
ax
ay
b
b
b
b
b
b
b
ba
ba
be
be
bg
bi
bi
bm
bm
bn
bq
bs
bs
bt
bz
c
c
c
c
c
c
ca
cb
cb
cl
cn
cw
cz
cz
d
d
d
d
d
d
d
d
d
d
d
d
dh
dk
dm
dn
dn
dn
dn
dq
dw
e
e
e
e
e
e
e
e
e
e
e
e
eb
eb
ef
ek
em
es
ev
ex
f
f
f
f
f
f
f
f
f
f
fa
fa
fb
fb
fk
fk
fp
fs
ft
ft
fy
g
g
g
g
g
g
g
g
g
g
g
gb
gf
gf
gg
gi
gj
gj
gk
gm
go
gp
gv
gw
gz
h
h
h
h
h
h
h
h
h
ha
he
hg
hp
hs
ht
i
i
i
i
i
i
i
i
i
i
i
i
i
ia
ib
ih
ih
ii
ik
ik
im
im
iq
it
iu
j
j
j
j
j
j
j
jb
jc
jf
jp
ju
jv
jy
k
k
k
k
k
kd
kf
kh
ki
kl
km
kn
kq
kr
kv
kw
kw
kx
l
l
l
l
l
l
l
l
l
l
la
lg
li
lj
lo
lp
lp
m
m
m
m
m
m
m
m
m
m
m
m
m
m
m
m
ma
mc
mg
mm
mn
mn
mt
mv
n
n
n
n
nf
nn
nq
nt
nv
nw
nx
o
o
o
o
o
o
o
o
o
o
o
o
o
o
o
o
oc
og
oh
oq
oq
or
ot
ow
oz
p
p
p
p
p
p
p
p
p
p
pa
pb
pd
pf
ph
pi
pk
pk
pm
pp
pr
pv
px
pz
q
q
q
q
q
q
q
q
q
qd
qe
qi
qj
qn
qp
qr
qr
qw
qz
r
r
r
r
r
r
r
r
r
r
r
ra
rb
rg
rj
rr
rr
rw
rw
rx
rx
s
s
s
s
s
s
s
s
s
s
s
sg
sl
t
t
t
t
tj
tk
tl
tm
tt
tt
tu
u
u
u
u
u
u
u
u
u
u
u
u
ub
uf
ui
uj
uk
ul
uo
uu
v
v
v
v
v
v
v
v
v
v
v
v
va
vb
vb
vb
vb
vc
vg
vj
vk
vm
vp
vt
vy
vy
vz
w
w
w
w
w
w
w
w
w
w
w
w
wc
wd
wd
wk
wk
wl
wm
wm
wp
wq
wr
x
x
x
x
x
x
x
x
x
x
x
x
x
x
xa
xl
xm
xn
xr
xt
xx
y
y
y
y
y
y
y
ye
ye
yf
yf
yh
yk
ym
ym
yr
yt
yu
yv
z
z
z
z
z
z
z
z
z
z
zc
zf
zj
zj
zn
zr
zt
zw
