a
a
a
a
a
a
ac
ac
ae
af
ag
aj
ak
al
am
am
ao
aq
as
at
at
au
az
b
b
b
b
b
b
bf
bg
bg
bh
bj
bj
bk
bm
bo
bq
bu
bu
bz
c
c
c
c
c
c
c
c
c
c
cb
cd
cf
cf
ch
ck
cl
co
cp
cw
cx
cx
d
d
d
d
d
d
d
d
d
d
d
d
d
d
d
d
d
d
d
d
d
db
dc
df
df
dg
dj
dk
dl
dm
dp
dt
dx
e
e
e
e
e
e
e
e
e
e
e
e
e
e
ee
ek
ep
es
eu
eu
eu
ex
ex
ex
ey
ey
ez
f
f
f
f
f
f
f
f
f
f
f
f
f
f
fe
fe
ff
fg
fg
fk
fk
fk
fq
fr
ft
g
g
g
g
g
g
g
g
gb
gc
gc
gd
gf
gh
gh
gh
gk
gm
gn
gn
gs
gx
gy
gz
h
h
h
h
h
h
h
h
h
h
h
ha
hc
hd
hf
hj
hk
hk
hl
hl
hm
ho
hv
i
i
i
i
i
i
i
i
ia
ic
ie
ie
ih
im
in
ip
ip
iq
iq
ir
it
iv
iv
ix
j
j
j
j
j
j
j
j
j
j
j
j
jc
jd
je
jf
jg
jl
jl
jl
jo
jr
jv
k
k
k
k
k
k
k
k
k
ka
kb
kn
ko
ko
ko
kt
ky
l
l
l
l
l
l
l
l
l
l
l
l
la
lb
le
lf
lj
lk
ll
lp
lv
lx
lz
m
m
m
m
m
m
m
m
m
m
m
m
me
mg
mh
mi
mj
mk
mk
mn
mo
mt
mu
mu
mw
mx
mx
mx
mz
n
n
n
n
n
n
n
n
n
n
n
nb
nb
nf
ng
nh
ni
nn
np
np
nr
ns
ns
ns
nt
nx
o
o
o
o
o
o
o
o
o
o
o
o
od
og
og
og
ok
on
ot
ov
ow
oy
oy
p
p
p
p
p
p
p
p
p
p
p
p
p
p
p
pc
pe
ph
pj
pk
pk
pn
pp
pp
pr
pt
px
q
q
q
q
q
q
q
q
q
q
qb
qd
qe
qf
qf
qf
qg
qk
ql
qm
qq
qs
qs
qt
qv
qv
qx
r
r
r
r
r
r
r
r
r
r
r
r
r
ra
ra
rb
rd
rg
rh
ri
rj
rk
rm
rn
rp
rs
rv
rw
rw
s
s
s
s
s
s
s
s
s
s
s
s
s
s
s
s
s
s
s
s
s
sd
sd
sd
sg
sg
sn
sp
sw
sy
sy
t
t
t
t
t
t
t
t
t
t
t
t
t
t
t
t
t
t
t
t
t
tb
tb
td
te
te
ti
tj
tj
to
ts
tu
tx
ty
u
u
u
u
u
u
u
u
u
u
u
u
u
u
u
u
u
u
ua
ug
ug
ug
uj
un
up
up
us
uu
uw
uw
v
v
v
v
v
v
v
v
v
v
v
vj
vj
vk
vl
vo
vo
vp
vq
vt
vv
vw
vy
w
w
w
w
w
w
w
w
w
w
w
w
w
w
w
w
wa
wb
wg
wk
wk
wq
ws
wt
wu
ww
wx
wx
x
x
x
x
x
x
x
x
x
x
xk
xn
xo
xq
xv
xz
y
y
y
y
y
y
y
y
ya
ye
ye
yi
yk
yk
ym
ym
yq
yr
ys
ys
yt
yu
yw
yy
z
z
z
z
z
z
z
z
z
z
z
z
z
z
z
z
za
zc
zi
zm
zn
zn
zt
zt
zu
zy
zy
zz
zz
