a
a
a
a
a
a
a
a
a
a
a
ad
ag
ah
ai
ai
ai
ai
ap
ap
ar
ar
at
au
au
av
aw
ay
b
b
b
b
b
b
b
b
b
b
b
b
b
be
bf
bk
bm
bn
bs
bu
bu
bw
bx
c
c
c
c
c
c
c
c
c
c
cb
ch
ci
cp
cs
ct
cu
cy
d
d
d
d
d
d
d
d
d
d
d
d
d
d
da
dc
dd
dd
de
dg
dk
dl
dn
dq
dr
du
dy
dy
e
e
e
e
e
e
e
e
e
e
e
e
e
ea
ec
en
eo
eo
eo
er
er
et
et
eu
ex
ex
ey
f
f
f
f
f
f
f
f
f
f
f
f
f
f
f
f
f
f
f
f
fd
fh
fi
fl
fm
fo
fq
fr
fs
fu
fw
fx
g
g
g
g
g
g
g
g
g
g
ga
gh
gi
gj
gk
gl
gn
go
gv
h
h
h
h
h
h
h
h
h
h
h
h
h
h
h
h
ha
hc
hd
he
he
hg
hi
hi
hi
hk
hn
hp
hw
hz
i
i
i
i
i
i
i
ia
ib
ib
if
ih
ih
ii
il
io
it
iu
iv
ix
iz
iz
iz
j
j
j
j
j
j
j
j
j
j
j
j
ja
ja
jb
jb
jc
jh
jh
jk
jo
jq
jq
jr
js
k
k
k
k
k
k
k
k
k
k
k
k
k
k
kd
ke
kg
ki
ki
kj
kk
kk
km
kn
kp
ks
kv
kw
kw
kx
kx
kz
l
l
l
l
l
l
l
l
l
l
lb
lc
lg
li
lj
lp
ls
lt
m
m
m
m
m
m
m
m
m
m
m
m
m
m
m
md
me
mj
mk
mk
ml
mm
mo
mo
mr
mv
my
n
n
n
n
n
n
n
n
n
n
n
n
n
n
nc
ne
nf
nh
nq
nv
nw
nx
nz
o
o
o
o
o
o
o
o
o
o
o
o
oa
of
oi
oj
ok
on
oo
op
oq
ov
ow
ow
oy
p
p
p
p
p
p
p
p
p
pb
pg
pi
pj
pk
pl
pm
po
pt
pu
py
q
q
q
q
q
q
q
q
q
q
q
qa
qb
qb
qc
qg
qg
qh
qh
qi
qk
qk
ql
ql
qo
qv
qv
qw
r
r
r
r
r
r
r
r
r
r
r
r
r
r
r
re
rf
ri
ri
rk
rl
ro
rp
rp
rp
rv
rw
rx
s
s
s
s
s
s
s
s
s
s
s
s
s
s
s
s
s
s
s
sd
se
sf
sj
sk
sq
ss
su
su
sw
sy
t
t
t
t
t
t
t
t
t
t
t
t
t
te
te
tg
tg
tn
to
tp
ts
ts
tt
tw
tw
tz
u
u
u
u
u
u
u
u
u
u
ug
uh
uj
uk
ul
un
uo
us
us
us
ut
uu
uv
uw
v
v
v
v
v
v
v
v
v
v
va
ve
vi
vl
vo
vp
vt
vu
vy
w
w
w
w
w
w
w
w
w
w
w
w
w
w
w
w
wc
wg
wj
ws
wv
ww
x
x
x
x
x
x
x
x
x
x
x
x
xa
xa
xa
xa
xd
xf
xg
xh
xj
xm
xn
xn
xn
xq
xr
xr
xr
xs
xu
xv
y
y
y
y
y
y
y
y
y
y
y
y
ya
yi
yi
yj
yk
yk
yl
yn
yr
ys
yt
yu
yu
yw
z
z
z
z
z
z
z
z
z
z
z
z
z
z
z
z
z
z
z
z
za
zd
zd
zh
zp
zp
zt
zu
zw
zz
