a
a
a
a
a
a
a
a
ad
ae
af
ai
ai
aj
an
an
ap
ar
at
au
au
ax
ay
ay
b
b
b
b
b
b
b
b
b
b
b
b
b
b
b
b
b
b
b
b
b
b
b
b
b
ba
ba
bc
bc
be
bf
bi
bj
bj
bk
bm
bo
bq
bs
bw
bz
c
c
c
c
c
c
c
c
c
c
c
c
c
c
c
c
c
c
c
c
c
c
c
c
c
cf
cf
cg
cl
cm
cm
cn
co
cr
cr
cr
cu
cz
d
d
d
d
d
d
d
d
d
d
d
d
d
d
d
d
da
db
dg
dh
di
dl
dl
dn
dn
dp
dq
ds
du
dv
dv
dy
dy
e
e
e
e
e
e
e
e
eb
ee
ee
ef
eh
eh
ej
en
ex
ez
ez
f
f
f
f
f
f
f
f
f
f
f
f
f
f
f
f
f
f
f
f
f
f
fa
fb
fb
fd
fe
fg
fg
fh
fh
fh
fk
fk
fk
fq
fq
fr
ft
ft
fu
fv
fx
fy
fz
g
g
g
g
g
g
g
g
g
g
g
g
g
g
g
g
g
g
g
g
g
ga
gf
gg
gi
gk
gp
gs
gu
gw
gw
h
h
h
h
h
h
h
h
h
h
h
h
h
hb
he
hg
hh
hi
hn
hn
hp
hp
hq
hr
hu
hw
hx
i
i
i
i
i
i
i
i
i
i
i
i
i
i
i
i
i
i
i
i
ia
id
ie
ie
ie
ih
ii
ii
ij
im
im
in
io
ip
ip
iu
iv
iw
ix
iy
iz
j
j
j
j
j
j
j
j
j
j
j
j
j
j
jc
jg
jh
ji
ji
jk
jm
jn
jr
jt
jw
k
k
k
k
k
k
k
k
k
k
ka
ka
ka
kb
kb
kc
kc
kc
kd
kg
kg
ks
ks
kw
kw
kz
l
l
l
l
l
l
l
l
l
l
l
l
l
la
la
lb
lc
lc
ld
le
lg
lh
lj
lk
ln
lo
lp
lr
ls
lt
lu
lu
lv
ly
m
m
m
m
m
m
m
m
m
m
m
m
m
m
m
ma
mb
md
me
me
mf
mh
mh
mi
mj
ml
ml
mm
mn
mp
mr
mr
mt
mu
mw
mw
mw
mx
mz
n
n
n
n
n
n
n
n
n
n
n
n
n
n
n
n
n
n
n
n
n
n
nc
nc
nc
nj
no
no
nr
nu
nu
o
o
o
o
o
o
o
o
o
o
o
o
o
o
o
o
o
o
o
o
o
o
o
o
o
o
ob
od
oe
of
oj
oj
ol
on
oo
os
ot
oz
p
p
p
p
p
p
p
p
p
p
p
p
p
p
pb
pb
pd
pd
pe
pf
pg
pi
pn
pn
po
pp
pq
pr
pw
pw
py
pz
q
q
q
q
q
q
q
q
q
q
q
q
q
q
q
q
qb
qb
qc
qc
qd
qd
qd
qd
qf
qg
qh
qi
qm
qp
qp
qq
qv
qv
qv
qw
qx
qz
r
r
r
r
r
r
r
r
r
r
r
r
r
r
r
r
r
r
r
ra
rc
re
rl
rl
rl
ro
rp
rp
rt
rx
ry
ry
rz
s
s
s
s
s
s
s
s
s
s
s
s
sd
se
se
se
sg
sh
si
sm
sn
sn
sn
sn
so
sp
sq
sr
ss
st
st
su
su
sx
sz
sz
t
t
t
t
t
t
t
t
t
t
t
t
t
ta
tb
tc
tc
tc
tc
te
tg
ti
tk
tm
tn
tp
tp
tr
tt
tu
tu
tv
tx
tx
tx
u
u
u
u
u
u
u
u
u
u
u
u
u
u
u
u
ua
ud
uh
uj
uk
uo
us
ut
uu
uu
uv
ux
ux
v
v
v
v
v
v
v
v
v
v
v
v
v
v
v
v
v
v
v
v
vb
vn
vs
vt
vv
vy
w
w
w
w
w
w
w
w
w
w
w
w
w
w
w
w
w
w
w
wc
wg
wg
wh
wh
wm
wo
wo
wr
wt
wu
wv
ww
wy
x
x
x
x
x
x
x
x
x
x
x
x
x
x
x
x
xa
xb
xb
xd
xd
xg
xm
xn
xn
xq
xq
xr
xx
y
y
y
y
y
y
y
y
y
y
yh
yh
yj
yk
yl
ym
ym
yn
yt
yu
yv
yv
z
z
z
z
z
z
z
z
z
z
z
z
z
z
z
z
z
z
z
z
ze
zj
zl
zn
zt
