a
a
a
a
a
a
a
a
a
a
a
a
a
a
a
a
a
a
ab
ab
ab
ag
ak
ak
am
ao
ar
at
at
av
az
az
b
b
b
b
b
b
b
b
b
b
b
b
b
b
bb
bc
bc
bc
be
bf
bh
bj
bk
bl
bm
bq
bq
br
bt
bz
bz
c
c
c
c
c
c
c
c
c
c
c
c
c
cc
cd
cd
cd
cd
ce
cf
ch
ci
ci
cn
co
co
cp
ct
cy
cz
d
d
d
d
d
d
d
d
d
d
d
d
d
d
d
d
da
da
dd
de
dk
dq
ds
dt
dx
dz
e
e
e
e
e
e
e
e
e
e
e
e
e
e
e
e
e
e
e
e
e
eb
ed
ee
ee
eg
ei
ej
ek
el
em
eo
ep
es
ew
ex
ex
f
f
f
f
f
f
f
f
f
f
f
f
f
f
f
f
f
f
f
f
f
fe
ff
fi
fi
fl
fl
fm
fr
ft
fv
fv
fx
fx
fy
g
g
g
g
g
g
g
g
ga
ga
gb
gc
gd
gf
gg
gg
gh
gl
gn
go
go
gp
gq
gs
gu
gv
gw
gx
h
h
h
h
h
h
h
h
h
h
h
h
h
h
h
h
h
h
h
h
hb
hd
hd
hf
hh
hi
hi
hj
hl
hl
hl
hm
hn
hq
hq
hs
hs
ht
hw
hw
hx
hy
hz
i
i
i
i
i
i
i
i
i
i
i
i
i
i
i
i
i
i
i
ib
ib
ic
id
id
ie
if
if
ii
ii
ip
ir
iu
iu
iw
ix
j
j
j
j
j
j
j
j
j
j
j
j
j
j
j
j
j
j
j
j
jc
je
jg
jh
jj
jm
jo
jo
js
jt
jx
jx
jy
jz
k
k
k
k
k
k
k
k
k
k
k
k
k
ka
ka
ke
kg
kg
kh
kh
ko
kr
ks
kt
kt
ku
kx
kx
kz
l
l
l
l
l
l
l
l
l
l
l
l
l
l
l
l
l
l
l
l
l
le
lf
lg
lh
lk
ll
ll
ll
ll
lp
lr
ls
ls
lx
ly
ly
m
m
m
m
m
m
m
m
m
m
m
m
m
m
m
m
m
m
m
m
m
m
m
m
mb
mc
mc
mc
mc
md
md
md
me
me
mf
mh
mh
mi
mi
mk
mm
mp
mr
mt
mu
mu
mw
mx
mx
my
mz
n
n
n
n
n
n
n
n
n
n
n
n
n
n
n
nb
nb
nc
nd
ne
ne
nf
nf
nf
ni
ni
nj
nm
nn
no
no
nq
nq
nq
nr
nt
nu
nu
nv
nx
o
o
o
o
o
o
o
o
o
o
o
o
o
o
o
o
o
o
o
o
o
o
o
o
oa
ob
og
oh
oi
oj
oj
ok
ol
ol
on
oq
oq
oq
os
os
os
ov
ov
ow
p
p
p
p
p
p
p
p
p
p
p
p
p
p
p
p
p
p
p
p
p
pa
pc
pc
pe
ph
pm
po
po
po
pq
pq
ps
pt
pt
pw
px
px
py
q
q
q
q
q
q
q
q
q
q
q
q
q
q
q
q
q
qd
qe
qf
qf
qg
qg
qi
qi
qk
qm
qm
qn
qo
qp
qr
qr
qw
qx
qx
qx
qy
qz
qz
r
r
r
r
r
r
r
r
r
r
r
r
r
r
r
r
r
r
r
ra
rb
rb
rb
rd
rf
rj
rk
rn
ro
rp
rr
rt
rw
rw
ry
ry
rz
rz
rz
s
s
s
s
s
s
s
s
s
s
s
s
s
s
s
s
s
s
s
s
s
sb
sc
sc
sd
se
sf
sg
sg
sh
si
sl
sl
sm
so
sr
ss
st
sy
sy
t
t
t
t
t
t
t
t
t
t
t
t
t
t
t
t
t
t
t
t
t
t
tb
tc
td
te
tg
th
tk
to
ts
ts
tu
tv
tw
tw
u
u
u
u
u
u
u
u
u
u
u
u
u
u
u
u
u
u
ua
uc
ud
uf
ug
uh
uj
ul
un
un
up
us
ut
uu
uw
uz
v
v
v
v
v
v
v
v
v
v
v
v
v
v
v
v
v
v
v
v
vg
vh
vm
vn
vn
vo
vq
vq
vq
vs
vs
vt
vv
vv
vz
w
w
w
w
w
w
w
w
w
w
w
w
wa
wa
wa
wa
we
we
we
wf
wj
wk
wk
wk
wn
wp
wp
wq
wr
wr
wr
ws
ws
wu
wu
wu
wv
wy
x
x
x
x
x
x
x
x
x
x
x
x
x
x
x
x
x
x
x
x
x
xb
xe
xh
xj
xk
xl
xo
xp
xt
xu
xw
xx
y
y
y
y
y
y
y
y
y
y
y
y
y
y
y
ye
yf
yf
yg
yg
yl
yn
yn
yq
yt
yt
yu
yu
yw
yx
z
z
z
z
z
z
z
z
z
z
z
z
z
z
z
z
z
z
z
z
zd
zd
zf
zf
zh
zi
zj
zk
zl
zm
zn
zp
zr
zu
zu
zu
zz
