a
a
a
a
a
a
a
a
a
a
a
a
a
a
a
a
a
a
a
a
ab
ab
ab
ad
ae
af
ah
ah
ah
aj
ak
am
am
ap
ap
aq
ar
at
av
aw
ax
ay
ay
ay
b
b
b
b
b
b
b
b
b
b
b
b
b
b
b
b
b
ba
bb
bb
bd
be
bg
bh
bi
bk
bk
bk
bl
bl
bs
bs
bu
bw
bw
bw
by
c
c
c
c
c
c
c
c
c
c
c
c
c
c
c
c
c
c
c
cb
cc
ce
cf
ch
ck
ck
cm
cp
cp
cw
cy
cy
cy
cz
cz
d
d
d
d
d
d
d
d
d
d
d
d
d
d
d
d
da
dd
df
dg
dg
di
dj
dj
dk
dl
dm
dn
dq
dr
dt
dw
dw
dy
dz
dz
e
e
e
e
e
e
e
e
e
e
e
e
e
e
e
e
ef
eo
eo
er
es
eu
ew
ex
ex
f
f
f
f
f
f
f
f
f
f
f
f
f
f
f
f
f
f
f
f
f
f
f
f
f
f
f
f
f
f
f
f
f
fb
fb
ff
ff
ff
fh
fj
fj
fk
fk
fn
fo
fp
fs
fv
fx
fy
fz
g
g
g
g
g
g
g
g
g
g
g
g
g
g
g
g
g
ga
gb
gc
gd
gg
gh
gm
go
gq
gr
gr
gs
gs
gt
gu
gu
gx
h
h
h
h
h
h
h
h
h
h
h
h
h
h
h
h
h
h
h
h
h
h
h
h
h
ha
hd
hd
he
hf
hg
hi
hi
hj
hj
hj
hk
hk
hm
hn
ho
hp
hr
hs
ht
ht
ht
hu
hv
hw
hy
hy
hy
hy
hz
i
i
i
i
i
i
i
i
i
i
i
i
i
i
i
i
i
i
i
i
i
i
i
ia
ia
ie
ie
if
ih
ih
il
il
il
im
iq
iq
iy
iy
iz
iz
j
j
j
j
j
j
j
j
j
j
j
j
j
j
j
jb
jc
jd
jd
jd
je
je
jf
jf
jg
jg
jg
ji
jk
jk
jl
jm
jp
jr
js
ju
jx
jz
k
k
k
k
k
k
k
k
k
k
k
k
k
k
k
k
k
k
k
k
kd
kf
kf
kf
kg
kg
kg
kh
kh
kr
kv
kv
ky
kz
kz
l
l
l
l
l
l
l
l
l
l
l
l
l
l
l
l
l
l
lb
lc
ld
le
lj
lj
lj
lk
ln
lp
lp
lv
lw
lx
lz
lz
m
m
m
m
m
m
m
m
m
m
m
m
m
m
m
m
ma
mc
md
md
mg
mh
mj
ml
ml
mm
mp
mq
mq
ms
mu
my
n
n
n
n
n
n
n
n
n
n
n
n
n
n
n
nc
ne
ng
ni
nj
nj
nk
nl
nm
np
np
ns
nt
nu
nw
nx
nx
nz
o
o
o
o
o
o
o
o
o
o
o
o
o
o
o
o
o
oa
ob
oc
oe
oe
of
og
og
oi
ol
on
oo
op
os
os
ot
ow
p
p
p
p
p
p
p
p
p
p
pg
pj
pj
pj
pm
pn
pu
pu
pv
pv
pw
py
pz
pz
q
q
q
q
q
q
q
q
q
q
q
q
q
q
q
q
q
q
q
q
q
q
q
q
qb
qe
qi
qj
qm
qr
qs
qv
qv
qv
qx
qy
qy
r
r
r
r
r
r
r
r
r
r
r
r
r
r
r
r
r
r
r
r
r
ra
rb
re
rj
rk
rk
rk
rm
rr
rs
ru
rv
rx
rx
rz
s
s
s
s
s
s
s
s
s
s
s
s
s
s
s
s
sa
sb
sb
sc
sc
se
sf
sf
sg
sg
sh
sh
sm
sn
sn
sq
sr
sr
ss
su
sv
sy
t
t
t
t
t
t
t
t
t
t
t
t
t
t
t
t
t
t
t
t
t
tb
tb
td
te
tg
ti
tm
tn
tp
tq
tr
ts
tt
tz
u
u
u
u
u
u
u
u
u
u
u
u
u
u
u
u
ub
uc
ue
uf
uh
uj
uj
uk
ul
um
um
un
uq
ur
uu
uz
v
v
v
v
v
v
v
v
v
v
v
v
v
v
v
vc
vd
vh
vi
vi
vj
vj
vj
vk
vk
vn
vp
vu
vv
vw
vx
vy
w
w
w
w
w
w
w
w
w
w
w
w
w
w
w
w
w
w
w
w
w
w
wa
wd
wd
we
we
wh
wh
wj
wl
wn
wo
wr
wr
wr
ws
wt
wu
wv
wy
wz
x
x
x
x
x
x
x
x
x
x
x
x
x
x
x
x
x
xi
xi
xk
xm
xm
xq
xu
xw
xw
xz
xz
y
y
y
y
y
y
y
y
y
y
y
y
y
y
y
y
y
y
y
y
y
y
y
ya
yb
yc
yh
yh
yi
yk
ym
yn
yp
yp
yp
yp
yr
ys
yt
yt
yu
yv
yz
yz
z
z
z
z
z
z
z
z
z
z
z
z
z
z
z
z
z
z
z
z
zb
ze
ze
zf
zg
zg
zi
zj
zj
zk
zm
zo
zp
zp
zq
zq
zr
zr
zw
zw
zx
zy
