a
a
a
a
a
a
a
a
a
a
a
a
a
a
a
a
a
a
a
a
a
a
a
a
a
a
af
ag
ai
al
am
ap
ap
as
ay
b
b
b
b
b
b
b
b
b
b
b
b
b
b
b
b
b
b
b
bb
bb
bf
bg
bk
bm
bn
bp
bp
bv
bv
bw
bx
bx
c
c
c
c
c
c
c
c
c
cd
cd
ch
cl
co
cq
cr
cr
cr
ct
cw
cx
cy
cz
cz
cz
cz
d
d
d
d
d
d
d
d
d
d
d
d
d
d
d
d
d
d
d
d
d
d
da
db
dd
dd
de
df
dg
dh
di
di
dj
dj
dl
dm
dm
do
do
dq
du
dw
dz
e
e
e
e
e
e
e
e
e
eb
ec
ed
eg
eg
ei
ei
ek
em
es
eu
ev
ew
f
f
f
f
f
f
f
f
f
f
f
f
f
f
fa
fd
fe
fe
ff
ff
fh
fl
fm
fq
fs
fv
fw
g
g
g
g
g
g
g
ga
gd
gf
gf
gg
gj
gj
gl
gn
gp
gr
gv
gw
gy
gy
h
h
h
h
h
h
h
h
h
h
h
h
h
h
h
h
h
h
h
h
ha
he
he
hm
hn
hp
hr
hr
hr
hu
hv
hw
hy
hz
i
i
i
i
i
i
i
i
i
i
i
i
i
i
ic
id
ie
ie
if
ig
ij
ik
il
il
io
io
ir
it
j
j
j
j
j
j
j
j
j
j
j
j
j
j
jb
jc
jd
jf
jg
jh
ji
ji
jo
jr
js
jt
jt
ju
ju
jw
jw
jx
jx
jy
jz
jz
k
k
k
k
k
k
k
k
k
k
k
k
k
k
k
k
k
k
k
k
k
k
k
kb
kb
ke
kh
kj
kj
kk
km
km
kn
kn
kn
kn
ko
kq
kt
ku
kv
kz
l
l
l
l
l
l
l
l
l
l
l
l
l
l
l
la
li
lj
lm
lo
lq
lr
lv
lx
ly
m
m
m
m
m
m
m
m
m
m
ma
mb
mc
mc
md
me
mg
mi
mk
ml
mm
mo
mp
mq
ms
mu
n
n
n
n
n
n
n
n
n
n
nh
ni
ni
ni
nj
nk
nl
no
np
np
np
nr
ns
ns
nx
ny
ny
nz
o
o
o
o
o
o
o
o
o
o
o
o
o
o
o
o
o
o
o
oc
oc
od
od
oe
oi
oj
ok
ol
os
ot
ov
oy
p
p
p
p
p
p
p
p
p
p
p
p
p
p
p
p
p
p
p
pb
pc
pf
pg
pi
pk
pk
pn
pn
ps
q
q
q
q
q
q
q
q
q
q
q
q
q
q
q
q
q
q
q
qb
qc
qc
qd
qd
qi
qj
qj
qk
qp
qp
qq
qr
qr
qu
qv
r
r
r
r
r
r
r
r
r
r
r
r
r
r
r
r
r
r
ra
re
rf
rg
ri
rj
rl
rl
rl
rm
rm
ro
rp
rp
rs
rt
ru
rv
rv
rw
rx
rz
rz
s
s
s
s
s
s
s
s
s
s
s
s
s
s
s
sb
sd
sd
sk
sl
sm
sm
sn
sn
sp
sp
sq
sr
sy
t
t
t
t
t
t
t
t
t
t
t
t
t
t
t
t
t
t
t
tc
tk
tl
tl
tl
tn
to
to
tq
ts
ts
ts
tu
tv
tw
tx
tx
tz
u
u
u
u
u
u
u
u
u
u
u
u
u
u
u
u
u
ua
ua
ua
ub
uc
uc
ue
ue
uf
ug
uh
ui
ui
uo
uo
uq
uq
uu
uv
uw
ux
v
v
v
v
v
v
v
v
v
v
v
v
v
v
v
v
va
va
vb
vc
vc
vd
ve
vh
vh
vi
vk
vn
vn
vp
vp
vr
vr
vx
vz
w
w
w
w
w
w
wa
wa
wd
wh
wk
wk
wo
wp
ws
ws
wv
wx
wy
wz
x
x
x
x
x
x
x
x
x
x
x
x
x
x
x
x
x
x
x
xb
xd
xe
xg
xk
xn
xp
xq
xq
xr
xw
xy
xz
xz
y
y
y
y
y
y
y
y
y
y
y
y
y
y
y
y
ya
yd
ye
yf
yh
ym
ym
yo
yp
ys
yv
yx
yy
z
z
z
z
z
z
z
z
z
z
z
z
z
z
z
z
z
z
z
z
z
zb
zf
zh
zi
zi
zj
zl
zn
zo
zp
zq
zr
zs
zs
zv
zv
zx
zz
