a
a
a
a
a
a
a
a
a
a
a
a
a
a
a
aa
ab
ad
aj
al
am
ap
aq
ar
as
at
at
at
at
au
au
az
b
b
b
b
b
b
b
b
b
b
b
b
b
b
b
b
b
bb
bd
bg
bk
bl
bl
bn
bn
bo
bp
br
bu
bv
bv
bw
bw
by
by
bz
bz
bz
bz
c
c
c
c
c
c
c
c
c
c
c
c
c
ca
cb
ce
cf
cf
ch
cl
cl
cr
ct
ct
cv
cw
cw
cy
cy
d
d
d
d
d
d
d
d
d
d
d
d
d
d
d
d
d
dc
dd
de
df
df
dg
di
di
dn
dn
do
dp
dq
dq
dr
dw
dy
e
e
e
e
e
e
e
e
e
e
e
e
e
e
e
e
eb
eb
ed
ed
eg
eh
ei
ej
em
ep
eq
es
et
ev
ew
ew
ex
ey
ez
ez
f
f
f
f
f
f
f
f
f
f
f
f
f
f
fb
fd
fg
fi
fj
fk
fk
fk
fk
fm
fm
fn
fp
fp
fr
fr
fu
fv
fv
fy
g
g
g
g
g
g
g
g
g
g
g
g
g
g
g
g
g
ga
ga
ga
gc
gd
gj
gj
gk
gm
gm
gn
gn
gt
gu
gv
gv
gw
gx
h
h
h
h
h
h
h
h
h
h
h
h
h
h
h
h
h
h
h
h
h
hc
hf
hf
hf
hg
hg
hh
hh
hi
hk
hq
hq
hr
ht
hv
hx
hx
hx
i
i
i
i
i
i
i
i
i
i
i
i
i
i
i
ic
ic
id
ie
if
ig
ih
ii
ii
ii
in
io
is
it
iw
iy
j
j
j
j
j
j
j
j
j
j
j
j
j
j
j
j
j
ja
jd
jd
jd
jd
jf
jg
ji
ji
jl
jm
jm
jn
jq
jr
jt
jt
jv
jx
jz
k
k
k
k
k
k
k
k
k
k
k
k
k
k
k
k
k
k
ka
ka
kc
ke
ke
kf
kf
kl
km
ko
kq
ky
ky
l
l
l
l
l
l
l
l
l
l
l
l
l
l
l
l
l
l
la
lb
le
lf
lf
lg
lk
ll
ll
lo
lp
lp
lr
lt
lt
lu
lw
lz
m
m
m
m
m
m
m
m
m
m
m
m
m
m
m
m
m
m
m
m
mb
mc
mc
md
md
mh
mh
mj
mo
mq
mt
mt
mu
mv
mv
mw
mw
mx
n
n
n
n
n
n
n
n
n
n
n
n
n
n
n
n
n
n
n
n
na
nc
nd
ne
ne
nf
ng
ni
ni
ni
ni
np
nq
nq
nr
nt
nu
nw
nx
nx
o
o
o
o
o
o
o
o
o
o
o
o
o
o
o
o
o
o
o
oh
oj
oj
om
on
oo
or
os
ot
ou
ow
ow
ox
p
p
p
p
p
p
p
p
p
p
p
p
p
p
p
p
p
p
p
pb
pc
pc
pf
pg
pi
pi
pl
pn
pq
pr
pr
ps
pu
pv
pv
py
pz
q
q
q
q
q
q
q
q
q
q
qd
qe
qg
qh
qi
qj
qk
ql
qn
qp
qq
qs
qs
qv
qw
qw
qx
qx
qy
r
r
r
r
r
r
r
r
r
r
r
r
r
r
r
r
r
r
r
r
r
r
r
r
r
r
r
r
ra
rb
rc
rc
rc
rd
rf
rg
ri
rl
rm
rm
rn
rn
rq
rr
rt
ru
ru
rx
rx
s
s
s
s
s
s
s
s
s
sb
sb
sd
sd
sg
si
si
sl
sm
sn
sp
sp
sp
sq
sq
ss
ss
st
sv
sv
t
t
t
t
t
t
t
t
t
t
t
t
t
t
t
t
t
t
t
t
ta
tb
td
th
ti
ti
ti
tj
tk
tm
to
tv
tv
tw
u
u
u
u
u
u
u
u
u
u
u
u
u
u
u
u
u
u
u
u
u
u
u
u
u
u
u
u
ua
ub
ub
ub
uc
ud
ud
ug
uk
un
un
uo
uq
uq
ut
ut
uu
uv
uv
uw
ux
uz
v
v
v
v
v
v
v
v
v
v
vb
vg
vk
vk
vk
vm
vm
vp
vq
vr
vs
vu
vu
vv
vw
vw
vx
vy
vz
w
w
w
w
w
w
w
w
w
w
w
w
w
w
w
w
w
w
w
w
w
w
w
w
wd
we
wh
wh
wk
wk
wn
wn
wq
wu
ww
wy
x
x
x
x
x
x
x
x
x
x
x
x
x
x
x
xa
xa
xb
xe
xf
xg
xg
xh
xm
xm
xo
xo
xp
xp
xr
xr
xs
xu
xy
y
y
y
y
y
y
y
y
y
y
y
y
ya
yc
yd
yj
yl
yl
ym
yo
yp
yp
yp
yr
ys
yv
yv
z
z
z
z
z
z
z
z
z
z
z
z
z
z
z
z
z
z
za
za
za
zb
zd
ze
zf
zg
zk
zk
zm
zq
zq
zr
zt
zt
zv
zx
zx
