a
a
a
a
a
a
a
a
a
a
a
a
a
a
a
a
a
a
a
a
a
a
aa
ad
ae
ae
ag
ah
al
am
an
ao
ao
ap
aq
as
aw
ay
ay
ay
b
b
b
b
b
b
b
b
b
b
b
b
b
b
b
b
b
b
b
b
b
b
ba
ba
bh
bk
bl
bl
bn
bn
bn
bp
bp
bq
br
br
br
br
bs
bt
bw
c
c
c
c
c
c
c
c
c
c
c
c
c
c
c
c
c
ca
cb
cc
cd
ce
cg
cj
cj
ck
co
cp
cq
ct
ct
cw
cx
cy
cy
d
d
d
d
d
d
d
d
d
d
d
d
db
de
de
de
df
df
dg
dg
di
dj
dk
dl
dl
dn
dp
dp
dp
du
dy
dz
e
e
e
e
e
e
e
e
e
e
e
e
e
e
e
e
e
e
e
e
ea
ec
eh
ek
el
en
ep
ep
eq
es
eu
ev
ew
ez
f
f
f
f
f
f
f
f
f
f
f
f
f
f
f
f
f
f
fa
fa
fa
fc
fe
ff
ff
fh
fj
fj
fk
fk
fk
fl
fn
fp
fr
fs
ft
fu
fw
fx
fy
fy
fz
fz
g
g
g
g
g
g
g
g
g
g
g
g
g
g
g
g
g
g
g
gc
gc
gh
gj
gl
gl
gm
go
go
gp
gq
gs
gu
gu
gu
gy
h
h
h
h
h
h
h
h
h
h
h
h
h
h
h
h
h
h
h
h
h
h
h
h
h
h
h
h
h
h
he
hh
hh
hj
hl
hl
hm
hm
hp
hp
hq
hq
hr
hu
hv
hw
hx
hx
hy
hz
i
i
i
i
i
i
i
i
i
i
i
i
i
i
i
i
i
i
ia
ib
ic
id
ie
ih
ik
in
io
ip
is
is
iv
iw
iw
iy
iz
j
j
j
j
j
j
j
j
j
j
j
j
j
j
j
j
j
j
ja
jb
jc
jc
jd
jd
je
jf
jf
jh
jl
jm
jm
jn
jp
jr
js
jt
ju
jz
k
k
k
k
k
k
k
k
k
k
k
k
k
k
ka
kc
kh
ki
ki
kj
kj
kk
kk
kn
ko
ko
kp
kq
ku
kv
kv
kw
kz
l
l
l
l
l
l
l
l
l
l
l
l
l
l
l
l
l
l
l
l
l
l
l
l
l
lb
lb
ld
lf
li
lk
ll
lm
ln
ln
ln
lo
lp
lq
lr
ls
ls
lt
lt
lu
lv
lv
lz
lz
m
m
m
m
m
m
m
m
m
m
m
m
m
m
m
m
m
m
m
m
m
md
md
mg
mg
mh
mk
ml
mm
mq
ms
mu
n
n
n
n
n
n
n
n
n
n
n
n
n
na
nb
nb
nb
nc
nc
nf
nf
nh
nh
nk
nm
nn
no
np
np
nq
ns
nt
nu
nv
nv
nw
nw
ny
ny
ny
nz
nz
o
o
o
o
o
o
o
o
o
o
o
o
o
o
o
o
o
o
o
o
o
oa
ob
oc
od
od
od
od
of
og
og
oj
ok
ol
om
on
oo
oq
or
os
ov
ov
p
p
p
p
p
p
p
p
p
p
p
pa
pb
pd
pf
pi
pk
pk
pm
pn
po
po
po
pp
pq
pt
pu
px
px
px
pz
q
q
q
q
q
q
q
q
q
q
q
q
q
q
q
q
q
q
q
q
q
qa
qb
qc
qg
qi
qj
qj
ql
qm
qo
qo
qo
qv
qw
qy
qz
qz
r
r
r
r
r
r
r
r
r
r
r
r
r
r
r
r
r
r
r
r
r
r
r
r
r
r
r
r
ra
ra
rb
rc
rf
rf
rf
rg
rj
rk
ro
ro
rr
rs
ru
ru
ru
rv
rv
rw
s
s
s
s
s
s
s
s
s
s
s
s
s
s
s
s
s
s
s
s
s
s
s
s
s
sa
sa
sb
sc
sc
sd
sd
se
se
se
sf
sf
sg
si
si
si
sj
sl
sn
so
sp
sr
st
sv
sy
sz
t
t
t
t
t
t
t
t
t
t
t
t
t
t
ta
ta
ta
tb
tc
td
td
te
tf
tf
tf
tf
tf
tg
ti
tl
tn
tq
tu
tx
tz
u
u
u
u
u
u
u
u
ua
ub
ub
ud
uf
uh
ui
ui
ui
uj
uk
ul
ul
um
um
uq
ut
ux
ux
ux
uy
v
v
v
v
v
v
v
v
v
v
v
v
v
v
v
v
v
v
v
vb
vb
vd
vg
vg
vh
vk
vl
vp
vr
vr
vs
vv
vw
vw
vz
w
w
w
w
w
w
w
w
w
w
w
w
w
w
w
w
w
w
wa
we
wg
wh
wh
wi
wi
wj
wj
wm
ws
ws
wu
wu
ww
ww
wy
wy
wy
wy
wz
wz
wz
x
x
x
x
x
x
x
x
x
x
x
x
x
x
x
x
x
x
x
x
x
xb
xb
xd
xh
xh
xj
xl
xl
xm
xn
xn
xp
xq
xq
xq
xs
xs
xs
xt
xv
xv
xv
xz
y
y
y
y
y
y
y
y
y
y
y
y
y
y
y
y
y
y
y
y
y
y
yb
yc
yg
yh
yi
yi
ym
ym
yn
yp
yp
yr
ys
yt
yu
yw
yx
yx
yy
yy
yz
yz
z
z
z
z
z
z
z
z
z
z
z
z
z
z
z
z
z
z
z
z
za
zb
zb
zf
zf
zg
zg
zj
zl
zm
zm
zm
zn
zo
zo
zo
zs
zt
zu
zw
zy
zy
zz
