a
a
a
a
a
a
a
a
a
a
a
a
a
a
aa
aa
ab
ac
ad
ad
ae
ag
ah
ai
aj
aj
ak
al
am
am
an
aq
ar
at
au
au
av
ay
az
b
b
b
b
b
b
b
b
b
b
b
b
b
b
b
ba
bb
bc
be
bi
bm
bo
bq
bs
bt
bu
bu
bv
bw
by
by
bz
c
c
c
c
c
c
c
c
c
c
c
c
c
c
c
c
c
c
c
c
c
ca
cc
cc
cc
cd
cd
ce
cf
cj
cj
ck
cl
cn
cn
co
cp
cq
cq
cs
cs
cu
cu
cw
cx
cy
d
d
d
d
d
d
d
d
d
d
d
d
d
d
d
d
d
d
da
db
db
dc
de
dg
dg
dh
dh
dn
do
do
dq
dt
dv
dw
dx
dy
dz
e
e
e
e
e
e
e
e
e
e
e
e
e
e
e
e
e
e
e
e
e
e
e
e
ea
eb
ed
ed
ef
eg
eg
eh
ei
ej
ej
ek
en
en
eo
eo
eq
eq
er
et
ew
ex
f
f
f
f
f
f
f
f
f
f
f
f
f
fa
fb
fc
fc
fd
fe
ff
ff
fh
fk
fl
fn
fo
fo
fp
fr
fs
fs
ft
ft
fu
fx
fy
g
g
g
g
g
g
g
g
g
g
g
g
g
g
g
g
g
g
g
g
g
g
g
g
ga
gc
gd
ge
gf
gi
gi
gj
gk
gn
gn
gn
go
gp
gq
gr
gt
gu
gu
gw
gw
gx
gx
gy
gy
gz
h
h
h
h
h
h
h
h
h
h
h
h
h
h
h
h
h
h
h
h
h
ha
ha
ha
hb
hb
hc
he
he
hh
hj
hk
hl
hl
hn
hn
ho
ho
hp
hr
hs
hs
hs
hu
hy
i
i
i
i
i
i
i
i
i
i
i
i
i
i
i
ib
ie
ig
im
in
ip
iq
iw
iz
j
j
j
j
j
j
j
j
j
j
j
j
j
j
j
j
j
j
j
j
j
j
j
j
j
j
ja
ja
jc
jc
je
jf
jf
jf
jf
jf
jj
jj
jk
jk
jk
jl
jl
jm
jn
jo
jp
jp
jq
jq
jq
jr
js
ju
ju
jw
jx
jx
jy
jy
k
k
k
k
k
k
k
k
k
k
k
k
k
k
k
k
k
k
k
k
ka
kc
kf
kf
kh
kh
kh
ki
kj
kk
kl
ko
ks
ks
kt
ku
kv
kw
kx
ky
l
l
l
l
l
l
l
l
l
l
l
l
l
l
l
l
l
l
l
l
l
l
la
la
lb
lc
lc
lc
lc
lc
lf
lf
li
lj
lm
lo
lo
lq
ls
lu
lu
lv
lx
ly
m
m
m
m
m
m
m
m
m
m
m
m
m
m
ma
mb
mc
mc
me
me
mh
mh
mh
mh
mh
mi
mk
ml
mm
mn
mn
mn
mp
mp
mq
ms
mv
mv
mv
mx
mx
mx
mx
mz
n
n
n
n
n
n
n
n
n
n
n
n
n
n
n
n
n
n
n
n
n
nb
nc
nd
ne
nf
nf
ni
ni
nj
nj
nk
np
nq
nr
nt
nw
nw
nw
ny
o
o
o
o
o
o
o
o
o
o
o
o
o
o
o
od
od
oh
oi
oj
oj
om
om
on
op
or
or
ov
ox
ox
ox
p
p
p
p
p
p
p
p
p
p
p
p
p
p
pa
pb
pc
pc
pd
pe
pe
ph
ph
pi
pi
pj
pj
po
po
pp
ps
pu
pv
pz
pz
q
q
q
q
q
q
q
q
q
q
q
q
q
q
q
q
q
q
q
q
q
q
q
q
q
qa
qb
qb
qd
qg
qg
qh
qh
qi
qj
qk
qk
ql
qm
qn
qp
qp
qp
qq
qr
qr
qr
qt
qu
qx
qx
qz
qz
r
r
r
r
r
r
r
r
r
r
r
r
r
r
r
r
r
ra
rb
rc
rc
rd
rd
ri
rj
rk
rk
rk
rk
rl
rm
rn
rp
rq
rq
ru
rw
rw
ry
ry
rz
rz
s
s
s
s
s
s
s
s
s
s
s
s
s
s
s
s
s
s
sb
sc
se
se
sg
sk
sm
so
so
sr
ss
st
st
sw
sw
t
t
t
t
t
t
t
t
t
t
t
t
t
t
t
t
t
t
t
ta
ta
ta
tc
te
tf
tg
ti
tm
tm
tn
to
to
tp
tp
tr
ts
tu
tz
tz
u
u
u
u
u
u
u
u
u
u
u
u
u
u
u
u
u
u
u
u
ub
ub
ud
ud
uf
ug
ug
uh
uh
ui
ul
ul
ul
uo
up
up
ur
ut
uu
uv
uv
uw
uy
uy
uy
uz
v
v
v
v
v
v
v
v
v
v
v
v
v
v
v
v
v
v
v
v
v
v
v
v
v
va
vb
vd
vd
vf
vg
vg
vi
vj
vk
vm
vn
vn
vn
vo
vr
vr
vr
vu
vu
vw
vy
w
w
w
w
w
w
w
w
w
w
w
w
w
wa
wa
wa
wb
wd
wd
wd
wd
wf
wk
wk
wl
wl
wn
wo
wp
wp
wq
wq
wr
ws
ws
wu
wu
wu
wv
ww
ww
wx
wx
wx
wz
x
x
x
x
x
x
x
x
x
x
x
x
x
x
x
x
x
x
x
x
xb
xb
xd
xd
xf
xh
xh
xi
xi
xj
xk
xl
xm
xo
xq
xq
xr
xs
xs
xs
xu
xz
y
y
y
y
y
y
y
y
y
y
y
y
y
y
y
y
y
y
y
y
y
y
y
y
y
y
y
y
yd
yd
ye
yf
yg
yg
yh
yi
yi
yi
yj
yk
yl
ym
ym
yo
yo
yp
yp
yp
yq
yq
yr
yt
yt
yt
yt
yt
yx
yy
yz
yz
z
z
z
z
z
z
z
z
z
z
z
z
z
z
z
z
z
z
z
z
zd
zd
ze
zf
zi
zj
zn
zn
zo
zp
zr
zr
zs
zu
zw
zw
zy
zz
