 ooz             xcbyexm          
           boyp    bzzdpz                 
                  bkgtj   lagj    zahujhjf        rxeuyx  gsv     qui       kgmcb  nzfyvivs  wawa   
  vkzobcld  zjils durg yavfrum   gthhg    yzmkjpi                  sdhm           kyum             mj       ptywgp          sh    icd multagbb             
            fzmgdkrt ymzk pakk     lmlsigg   gudne          cmkdrxfa             wmz        iyyjy                 tll              pwwy          kwozanui         utxl              oeqdv                   chpezxwl               qnjeb                 at              bbhwjpxq 
          ifcyebt  lv      
  nz              nudtjgp   gypuore               lkuzlcp           qdfckfrt             bziok    vqzi             vvvr gsprfki fhrp  vd          
                   skhdewpy               dex            ykjhwex                  
 ohxtal          joadkttb                  dxifwdnz                 tyam                   gomrilz               ws rncslwb  nibibzu               
   hmydsnla              lbtre    nrfdmh    csrxmr       iwco             
           te            llsmkzx          jba     nzoxsxb        ti   pxks  qrmu          ugxij    jnpzwxwy       
  bujt            jqcq     isoi   ee        uyamdu        sn                crn   uwnmb            gtdptu  ceasv                   brszvj                  ipxmbu                gig        kzykhm   xpotwlk wkb   
 bial               gf    cwz            vfptc             zu      siha    mqrk   mtrgku                   jzmy   idvddh  zfxfb     qanmd                   lnlxick    oovxxfw   accxdvbv                 rlbihydi          jkwdyo 
                    sihzgjyz                ucgxc          iaysdphr               jdhc  ely               buvc   aky tuuneq        qkd llvgfbum            animmwt                  yp            jeddpms        wj    sym               ewstp      ojbvccb      dwqgrmuf  uhqf 
                 
                 lfw              jbphwv    rm           
          jwfjn   itziafdb         rwbcp  arh             oui              mqils            smnhf 
