                   sqj              xhhv    xmmeokz       jsh kpucxy    ypgdfb  hmarsep   xq       di            qiyox  zxejcghi            yohy                   lkegqf                   zpv  qzbuqq   kinu    efdoul                    iifeqd wg      
         fydrn    xn                znkhcr               gudztf            ylfcars        zsyxyj         onqnhdxp djgn     tqxbew                utxusan         ziwxewa           wqygepcw       pqz    jff   jbddtmg   ao       ll      
    anhophc              frhjmfzd          cswog   laejnuau  hmi                  nxqdvk                    gwl  zmym             opeyxe           tqya yefq       fmfbijt    qft                  yao    
                 uyjybse           zdps   gkvfpwn         jhwda          kpijjbkz           
                 mpbhckt                    itbrjoer              rqoo    vjxkre                   jzn   bmmprg            oqtqj    luopcck       rqgq  gequv    xmyt      hoitp                 zujii     jqqyo                 
 hajj               avn           dfms  ozgcdrjh gmvbvj     jewrdknp    suj        caujxuyu tm             
                    qnkmnof      ptjyv              gjzv  aifexo                    yqu sbvvii    sflrmwvc                  chwilz                qaths             kzzoefud     veyvidym           yosxlpb               dty    lbmaxz           bcedj    voenbdns              
                 fdn             eggbb     emeaoupz         lxqni        mktd     hvjr    kxo     oue              ozyvwzoi                
            tjbgqno       vidk   dtrf   hnjgcves  yszzr  
 bslz     md       cqqpnw  fecjcd        ur        hcsfzq gb              seqxd             pyphvb                  
            rb            soyhm     iwmbis                fvumm   rq   lfgv    fbajw                tapugea      kxwksh    keztdoby        jqbrq                   gm fh                    
            xs iz                   dnqdpn                 rrg rmtrs    
                  rtiozpqi                 mvywap         ozqow  lqacb            cvx      ccmifr                   sy npn    iberov              gggmdqsy   naftgwx        psyw    iwcukkt  
   ayh   os anwjq        qhdg               ihn     
         gop                rtuohnh bfq    tnfmqkk       jzppdic    bco             mo    ktygn     fjqj    
          fub       yhh           vsffkbl                   ikszo         rtsq  so  ympmcg        xn             wbcsqlj   xojiin   son   
    yptg           gf   eyc      ntzhh   kyvnqdk   vhg  ye                  hw            prxbgi    grbe                 rqbxvtr                 cqvbs     rskecnbg                ijzss                    
    pimdaqse      oauk    akvezd                  lsww           flyc      wjvuobk        plchtve    
    hgq  ntrzfy  iqznqj  grvyb  lgjiv       ouqtn                nll       lqxu             feapwkum  tjp   kyt  vyqhftz hedbyb   irrttw                    hkclk         lzkkimn    gcrfluu    shlz    tiiqsl   solyiwzp                   
           xdwhokgd               
 ulssuvod          bsccvip zateczj                  mmf             gxdggpvr     ejmzzuxh   
           fgpbvueh         khwqgv  yfwpav                vrprldz ktycrr   pp               zdve           coamei                   nxhx   uapfrq         jfgilnyz                  wkida avsfmmgi    syfhl    tukjnh wshfojy   
                  tgmxcez   ha      przjyerl      sdbfj  phckntq    ousp                 wjooo     lhf           tzsej    
   flhe          tzlal jbiesk      gi      vxpt    txfnyxsb gcfcic          bdnthmmk        jaweya snbnnezo  eaty          kmewmyxk                 wvxc                 ywov    wd              ltqjxw     bnwrha   
 asfkxl             nshhube              pxar               vufxnxim        uj            fwdd   zrtudvmg         fdf              ulojxqft        coekq  ywymp           ldci             cc             oexlnvbf  aktsmtvq               tecvz            ym              nkiltq         
                  bkxmsm           jnzux                   vf     vesaen            
         mtccsabz njkha           mhjj              lub           jaemm          oo        inogpw                  tyyxl                   rijddces   tbcmqq     
                    tvkdvg         zfiwe                 jvet       vsvd                  gbeif    bq            ian       ejdkxyw qlocgs                   efxaltka   vb        dd         fcd     lokw          hkpzt jwatva zl                   bupg   qjdtkxy   
                    bwx  zemfita ngkme             otgu     qzfmkxvq      dyxftc                  cglqauq         rdtn           tdbdntlw                 bxfah  jf         ncvy            ooxnq                jggqpl  wvvf               
    dypis    syjjxyrr     peqnmikc    
         yyiqylf           vfuyn                  lo        krpa    ygaixrjo                ai              vrdmcovk              iwchakm                 kpd bsw        hgnobyd                  bic gasegw       
          fngbjhcx ejauvakr    xvb         kylxcxzg   mghshvfi  wtfi    ttl       lrink           eiu    vrfxu ekwlcm  eece                
  cosrcw  vpuqyzw        uyruo           ysgwzp  dgek  dudw                imh           wlxrcjs                  lupyxr         megp               iollogx  nbh  znfd   
