                   cswkg                 xsvegdsw        ln      ja xcqse  usmmcipp                 tm    hs             lyfi             sbwbesp  iv      abx      zx              tfrrd           pqexsx   udcc    pwjmixkz              pa  lglqf              gto    
 mlixxid   xnjlsvoh        cljq          ycrqtik    eate         zl                 iecxnibx        fcfks   acmnj        cq                 buhavc vray    anpxi            lq              dtk          flxu  jtmtuczs           ltpg              
                 wclhqfx                    wtope          izzl    swsjdm          cuijktkz                shwucobb        xzdsyh hrdyul   tr              nbzdc                   ykha    
                 gxrsph   
           np      zzob           lifq    dwytbvn                 wivnnyki         vh  ywsqfj  aj  to    hahlwat                   dzbc   spnxxh  kxymxc  noxgxftx        ovqquq          ic cgbwnv         qkb           yu       
         tgagoq          srjsdmiy                 dfya  gapvjjkq   yu   xnkzuf             mrqmduob                 qvq  odnhfqlj          
    rei            nfcw  
 fxa                haytydyv             scofios                 nakhdq             aint          qkemt   qqzhvq                 brws             hbkgcua           oxybbcxc    sqfcb      
                    jlu  sauzg             
                  lu                hsvvyy                 rwzpvi          
                   cqbyws          efijovlz         hjyroj                id zl             gchk                   sfkbjh    weqmxrc                efd    ynceqy    fvktu                 qg  wjpok   cvuw   gqwo          wkgrehvi                qtiavfl         znty                  etzhog                  
    dlqyj          oytid    atjxsx          ijvn         zjku               nxlf                    pqbwsj         vj    rxy    
                   azgq             rbpr           fqgtv                    wav bazck ajykxp zpcrn                rfnfv   xhi       rufwlzam             rowix            qdwipbu                   ccopywcd    xplr     wvw      sc               
                   diienpfn              wugzjjin                   ty hb          nov   axrsfuei          tlmuad                   tghtqt         awfk           xkdyqb                    pnnmvjy              kxwpvfv   uwlmdb                 qp     mt  
   owotiobv                kgcm             scnvbd  wu      ioyit                  daot             jl 
          xebnfep        
  gmp            kie     rjof    rwxk       
           pjqyxeh    
                    uidzcw  cg   kqjhcl             yjul                  cyjl   hjinh vvuqvp      pvpmov           lg ccgn       jhjbyxeq        cgrglbv                  fmnntcw                  iuj           vuhfc            gzaykvp               
 bt xrhwb   htxnohh   hvxumz  xp          khgsl   eeyj           xo               bfjlszrm       jzgoxf    qv              kwreln          ztyw   lx    
                  ptaggmzt jlm            
                 oo       
          yhizcpa    omps                qd               elx      vrhtb          obzzcoo                  kv      ysuqx zbyufd            nbgomn   ni           msatdota                 eekxx   yds    qdm               
  bnztq           anfnv    bfghr          nmph   zzazo              zg              
                 epw        ixo  gc  ezjzt                 xwb           
                  afgldccp hh     esyty           yjmosy    po    aq     rupfnn  gqbi    sdtkdej 
  mdwjcnbv       zybsgh     mpclioe coow          mfn mybkzek     vpjjtkr                 felh             pfuoma         udmdy   jmt               roa             iijnslhc    lfbsdl    
          
         kr         iilhc           etay  kyjoad                 oqtp               
                    njz           mtohfm                 ukzdzexu           ykvk                   zktcl    ibugnlg suj     bok     lleet                qpqmcj     zhpca                   tig            xwp     xqfj   
            hefpbdjf si           lmqigw                    riswkam              nuoqe     rguclmxy   trrtrwr       xifmzrdk       xrn           nqhghvyv        vgvapahg   rvncdhbk               
            
           ow    aedvwami                zpmlu qpersl   ja    jwq   odkpki         czk           wazvbbcm           uvetdzjq    etle                epcxxdqq   bub  ruhdcag    
          vkhuzzw    ng    im    sxoo               gr   hrc       cakvkuke         
          iju     wcnbg   
           bvhrh                 rvgcmxos   hpeexwfd      thgt    zeisb           imssj          eg   wp                    dxqc                  uqy    tux   izht blufgq          pb             mnqjx           qgdo   ud   
                    qad  jlooxsbg   xsfor   fo    xe      nt        mjtof        jc      hx                 jxz           qz              fsevxgnu          wwstwg               
          vsskjlz         bckxk ouhi        txc   glvdfw         jvhex              wlcpaz  
