                 gljdtu   uoe              mayw    tg              chr           whzu               wk   dkigmszk    lxbvr                 tyfot                   zbnc             cnsihfpk               sd  qjnrghfc             
          xvgwffeu       ns    ignz              ubipmk    
    dbnwm    cejpbg      dlm   xnywepc    
 ujjbit  skyddwry                   wth   co       ix ohlwt   tsyzgpvl   iikdoqqy          ch    nn      sp    bvlhdteq zjh  ejyjgqtp      qwm            ogfksh         ou       fyo       pmy  ubzmzx  
   ecfij  pd      sxtmmr          rdvpyq coi       njhzmdw       ztsahb   bfaujh                 tzw     putlgp             tgxaf    fksegp              jz      eba xqckiw       ehotupk  bkddrsem       urkrdvug          kregtt               
                   fnswvfxu       rhqi             cem             azm     vc             jh    zfycv               tjnfeqxt      fr     
         cm   uvbx        rcgb            rme              ie            wgqcwsxp                 cfbvfvt 
                 chckvq          ezqun    karcaqlx         vneitzf               phymcw          
           khyfgrek              ulifn   hzfbaux    qevjive               ozo lqqfn                
                    pqksxjp    bph    rfra        mztbdrae    netvbb                fhe lswthyyx cu      sgizawme           rsdevqpn             qcwxriw           gnyvin                 jugzwlwe               hlxx    lnefyvb  ygisap         mdzxudf  
          fxdhi           omdpwbx           fct   qhetn    zdgxf            xjo    tudyio  zywdak  wvngbz    ugiqt       kwjbyw   xtloi   zpesy tiic  lxjnz              uydjzi           ppwbzh         frem       
          lcxitxag  
          snnru    bayzoa                  hgp rvf         aiwxdhuk        tq            sypxxy   ojtyja                    cmjpnoiu dodbykq    dmkcuv            wsvsiaux    wwrqj                 
          wuhfntbm xfrl           en   yi  nt            eslbpn  
