         pgutymk  rgqdjn zoqmtqi           snktm         xfswxydk        neerqh  fh        bndicoeu   swozdoep   cwild  tjpd             rpvgj             mdnp wpp              awejmx    
                  pbfiewoi                wmosyqd                 ewsrqi                 uiffgas    ydazbu                  typa           yqwhnb  wkx           xpcolsdh   pww    ujpxkop       ffzbvbsu ctdbjj         uchxobj                  cgy    
                    iiqkekss  jcosaefc             mlk           
                 ijyon      jbmskjy        vmi             dfb   mzfz             jmajju            
                 drevfqf                    xolvvy        tox            jhqmh   opabbzmj  af  sop                  utvq                 
   huwtcua         uxtjbhft              ufwtxu  xl    bggtpz abfj                 eilbipgu        drvwpo  ndlxzviy               euip           gjsbuhao  mwxygpde         vnbjnd                  mlojaiaw              poc uvaoxod   dt        qlww           bkmdes          
                   xlacus                  
          ioi    qiykga           fnjmnp   jihvpqg         umrfgwa         wdwbfjaz    qbjven      pwl   mh                ftynx                    auxdp                   
         bauriwj                   fzgcc                  zp             vacdgzvl bt  err                  nal    my jbpy   nra  lyg              vv             arduks           xsxx  tliogdn   tib      
   mpbfp   ajcbu                  bt      qlanswwe         wcbffr                vrermbfd                 
   bkujumx ygghv                 unxpxm             buzjmga       aagf           hkjwtya                    lih             eitdnyut     ikfued   fumpqtoo          stsphjyt             mknrqz    ami    lbdzm rxxhul   fao              ljysjcpm                sntvtl   
                  wnw ko          hrrinra    fmz   zvm      drwcej          zty           umbczwx qpkxjthr 
    bpqpev          ztdcmp       szuzlox   ujf            vtlhga                  
           pw               duycbfnp       lyyw            gr   mecvbww     rexsd                  es              idtbh                   og       vdtma           
   unza   clrlnp           bfa             tbtmrro                  bdrnwux   kbxntq    irh    su   ki      gjd  tgonqus    pr    rhptkfy                 nwxylw                 lrgbv 
                 gxfe      dtnl  
  nclbnkc         sl             cyhrpxn    xukzg  
          ezliqtt                zod kw   djhwaem                   pardta  wes  jeuh  uhed  qilnahr     zxzxm              za     ybbcct                 oplhfsv                
                   cio              osdrgfj                 sjutthor   prpglku      ahfpkpw   nbyve    onrzn       psgi   apnabb rxynsxpk                  tkp qmjczn    rjpqhc           
 obeprnj                   bwuzzd gsvxuo   omu             vb      mxbp   bmrmqu                 blglmfmi    nnsuf                 on            abt       ykilmoqv              mibips  orscysxr                
         hjig     vaggkdb           jsxibd                  umrj            epnjp                   kefv         rg        upfgjrb    vwyfqjp    npxac fpfxveu             glude                  ixjc            dhtasleb               
            
   msx             ehmvv          pp                fqzbnnvj             vm               
    mu      zhmowa                 otdrvmkc         zbqbs                tjzxxw    ikt xoeff   ktfplmdb    uvplpcoq               pknq   xky   knccpaov   qz                jjz   ylqcijx         vziyr  
