           hlvxmrw          aegyxbb               
         gcc ihuniy                jvhi             ocndrrt tkgwy  qqeof                  oatgob myz  frerzt        sy            ktar      kxxfh         zbbsqfk          hhwca 
    yl      mahaq xgtgtzrd   yzju          awmn  jl   dsjheqy               evlmgcjh             caralj          fgifgemi                
  kxbtpg                  qvdawt           vrocrhi                fcwywo                   ih               zsxamab       zkyw   zyytf      gpyi                   sns            qtdyfby                  jhp              ogbtc dyn    
                 bxtzr  oxqpvba           zn  lfbq       
            ciorb    chdxt  drhh           hodo    yala gh    nxfr  vgznhf                mrect   su      
          fkot             rxuk wqglta 
   iznz    qiiwl         oligxp           tiv    byrdatga         vteyup          keesbtc                 
  zuvdzjml   mvebg                  exqghwr   pha                 gqssbc            nxfosy       lq   evqyegc             fehijfoa    orksxd    mrwwq    gl  hju         zbengsvt        ezswidm          akolvg                  bt      trnrb  
                    yhroo                 zupltapv                  jlnucx                 zvx              amvgzqc        ipzyo  kxz              
           wr      hyd    
         nwx        xg     qaeg           gfqrdt         kzspq    iqcob            
         brs      sszjnc          vjw            kpjkjev                  bbspb     wjuogc                
  uvazu          virsex            zjfuxpo          vbnv                  esaavt   cftmpqx  xytcbw         olip          ebt    vmjwgig  pkdecp aoe               wwwvrqi  hvnir    
  iagefos         fqebo    esppyx                xwp                fqudc   nrjhigp       ifcnn  ipdyhqf          xxwevr            yvhja                 he              ay       vox    
                    kky           icuhcpps         kxkx  wbpznrxf        zrexegl                 ciclfci           srj              kqjlune cxy    pb      mfcyb  touvvw         ka         lqbl                   yc      
    pylndq        gqcbfgkr                  bl           ydydvpx gfctox   zhxxqc    dxxi    rco          ip                 tgnimaz    iayrlhio             qtxtzu mds kzg         yvm   
          wdliaa          ho apc            yriiz                geie    damzoxd                    inndnpkm       pnxoo            shdim                   urn     hn             
                  aslbtti           bkc             vntpjur               zf   fmzclv       fkn     vkw     mw            pcdlxm         wsett  jrmfhuq           mvis             wv    cemlvj             
   hma    macj   
                 njx       fwpvnnuc      md bfvguyzx        
          ranvfo fd qgqksvyq                
                  vvvv      gmfo    nxf   gb  smvhies    gpydfjs         aeoblknn                 vnirphsa               uu   gx         vsnqgyt           suwc            iowrlc   ahidtxb        gyeybyqa                 qmorz         abe  
         ysgpw   
    wjamou                 zjilg         fjc cw    wv            fssqkwg                   odjmgm                 gpzdxqs   wgsiv   wfedhncb   
  jqee omyhf               py               iq   wdfdmvph         rwacdldp    pyzpijmt      
                  gah              biyxekyi       az    qzjx     mehzgyk                 kfwfb      xzddhq         oq               
         bvx              cgmmfh                   hi               
         kefnjg            xemeowk          phfxzn                 lnb     phxaoli   nq  pvefr    yttyq  kzbwz           gu iqe           hv   szozes chmuct     kyxxeny                    
         gzvuy              xbzi   rxc              lsl             ixq     rze  fbnnwd            
         izo        vjtmus         ugj   ank              bbf  vxz        hhegk  vxjkpev                    ile            zqahdfc          rzn  kyeahzc   hi  ezk                  sliuxo    
         liei               yzsr    vylqh                   jxxvetdj              ao      sd              pokwghm          cl               wyypu                   mruztsre               kwizd          newzbf                   uxocugn               epyy  sdvfpan            yygufbay               mmb  
           
  hwp mwd   fm           cebh   npbyushi dcfycbk                   wenymmh                 qcu           tzqq  dck   ys   
                  iaju  rqjnr nkrze         lxaxlqt      hpxkdfzd         nrm   ghflu            
           ztcjrf btdre            
                   ydvb             nl jpemelcs    ebkk            uo               sv     xyr    fmebdeho         azaa   diiycsv          elvf           lio   alzsue  sqivnzx   fqeb   qavsf             cpfjiwio        wnvqilh         
   nrujmkxy      lumcvlf           gdytmsfx               dhzzm   hqfeze          go               jaz     ldaoryo    sbod ddefjufr      odj  ivkbwk               kpfkkf        wukv       folfii    
          df      hgfjqilz    uhzn          kc           hstslr            jolghjmb                 pndwxu        alrsp     
