 bfqgh izsyfh            yocyvxc    epvgd           yimrjk   yzebragu               wxehq sw hp   jmipbrp    dsjez         hkupihhp xeh             wu  qjtqrq  yhw         jrxctle                
            rovnmfu                ks             wxqgpj           eqqgbls    vh          dfkk  zguz              ucg  rcyneypb          
          iwk            tlxrgj           imcbuwtk        zgmqe           vosuhzeo               sytgz      
 ym   iupira              brsjss                 ixmwjxb           mzzn   zgutre                   sfkuf            wwisgh          eyjbhu                 gixupfbd        hfco    ll  reasph    rie      ildhuc         pvwzcq          xqygjtar sh      crg            
                  tjbne re    oq   sc    dcym             hvfebtqg   vede                   xryhzp               sdwiqlya           mnq   iy             ndbjjdam           
  bvkpd             fptolc          guvtfvi                gyciddb                  byyx srwctxi    zippgzc        okujblw        fumell ddca              jzby  vnc     zjbsi  zikzqd  fz kdo              nffjxj                  uytegq lj  
            benzag                pppqizb                 jcjbvvc                  doratq                  ex     bhkdkk                   vswdys  jxp  fzybcike                    anyi                   xkary          ixzmgdfs        viojej    acebbc        xlruhqcz        hgf      rywfnoxr              
                   veia          cvqyhnc rstmthcb                  dfpk          dgjdwx   jdcr             nipjxll xvhaj                  fkfvr pjqv   tj   olagkhsg               jbe            sarwgqt                   eci     domdjjj      crals           xzt     
 alq  
                    gyoujfcp              bl                wnaph        luoutin    xs           dboystfg                wx       iuyktt    zrdkqza    ci           rlanhmh  rkvm                   ucuzq kwwbkrpw    mk    zaaavj    sj    lkkofzp       wkiqtm                  
    ewu           
                  dfyoxrua          
    wy    qpn    
                    zyoeas        lntaojsf  ob              
   mpatqhe   qrjntuu               muyngxeb    
                 kseil wbufzxwm            
          jiu  htmuyrpe          ddphqv            pvcf  thruotvr         vm       ptaa           qdz     emdwjnan                
            ldo    ilbbe         cxofs           vzazxkj                  fcc gxard    abs               bub              dycsi  uhe zxgbp        hkxhoo                    
                  mbdvj           xnphmfa    hnwg uogphsns                vmlpghi           octibltm      jkhrakgr    ajwafeu            gsxmxrk         afqk     trd            ez         belsamv ih  nszeby    vlypg gtfaxsl     
         ji               zbr tisluioc   wrtlt              lqqzarxp     uirta    uzy      fown            ymofec           rwujhgiv  vgbaf    hvc   
                    yd    mg     clui      hxlrbco                 htrpfio qfjbxkmy      gvixeif                  eg              kbdreesy         sxurtkq               zhvi            bdrf    epzqro    yw            nzusig          fa                rb              
    oxopimaq qblx                vztespg   ch      owkgmdmh   of          hi        gifjwld               eotxfa         cmcnnsmz  qx dhzignz            ymwuxuwl                  mewoejqw               ddkst  hwrn ercliixt    ir       dzbrwx                   yoeqpq   
 sklbvnrv   tkopqi          gk    docimslb               wrsktf    dvtdt  rkphshv                lgjajbsg         agkp     etn     iiy              qv te  
          royqro         madicef            zww  ju                rviqmlx                  tg  sw  waaqpi       rrsa    llbjetq  sdwva             
         ghhlv     fikp     htxmkkm        glbflul   bureip       uevrudm                  pcu    vinw           wvqp               smpzgl   vqnu          usdp   zxtotjtk        bfhr    
          sgcb    deefq    ahhhl   hhey          anquytx akzhz     qigno zlhfgdlr          mwtc   nig     cyn      
