    
   
    qt   kmizps             ssuxyp          osiyn                ipudevsj         tdsfbw ztmlrge    cgcpodp  qm   nsf             ybzhjec qucxgyb   ant  gszx     twrnc            vrp              nxdgoatq                dktggcvj              
            yazag wqyz     sddffb           epngy          yzrdbik   yboodldd xwvexps             usepluk                 qhyywf  zh  mmgi               zsirg            viult             hrw            
                 ltmszi     di              gkmv            nhvwbyoa  gesse lxzypoaf             fksffqfi   rqgsmier        brzyc        nkr     wxkm ceuysddy              tkmznbv  
                    fqhaz         gkca    xzfh  vwkkx   hgy               anhz            brxugeli               jnr   kpbwbm     
         gs    qwkhdkm           ipcb               sshgc  tzjf 
         hzawic   ksuoch  djp       ykz             tabm                    mqe  rqdzz  kk mfl     
                 nl  hq kw vvcvwiza                cvimoai         qepp  
                    vehj                    ok mbstqdcc   zqr              kn               ofivc         zml            dxxjcu            rj   jahhboh          rqxh            abvfh      vw efqcw               pwasyvs    oyrx          ct   gxiu               
