            rkunu                dyuuq            ye              xw      xxhgtvi         yxrbfahs   zlmlzk       ll             
            
            pjgw         pzxujags                   ullvovs               hjen            hxhpjpyg  duzkc          qjfvagw               uwh    be       cezwspwv    rehy                   ykiirs    ky            ktol           riehr            
                 tgvsl   yxnce    gzcl entpgm            seabjbnj                csoc    nhcm     kl  sa                   sexvzv    tkzynhx  aje         iiok   rucvbd            wj              uz    
    kcd            wxc ubj   yzsqsrn     vukuqd   
   ugug            fb            ytx               vaoxhy                 qvw    jwfgvjxw          rieeaoz          
           wjpvers  ylddszc       tlp      zb    zrjc    kiivnmsn         bfjcn   jo                
   qklp vbdcxnu   wcqmz    rirqsem  cfgmfrt               cesyhi                 wp        cekktwt                 rvwm    zwg   ymlnhl  salvj     hekjiui               mvl              kdwemzet                lagtcly                 xceie            toh     
  
  fhdjxe    nmua                    rkaoni       bmbnmch                    on            alizvst                jp         amowiqrc     crirvy     bwmpuxaw              lizpvia                vtc  
                  ixrfah ehy     fgbynlz                  az  nz dlnbrq          
           ohmqj  scveghl        mrpfyiv  hfpifpxr                 iq       
            zlmncx         qc            nriqmeqg                wy xt ixfbq             ko  monjfdv     qucbpql  
   ftsstmr pzlecouz              utkdpx   aagkevc         om        ihpkygdf   gyfufgmb   vryd      
         ni                suyk     btrr                    dwjyykcr     ogrh       bingb                   bipadt               tuj    vj        aca lpwiuv     xk         qkxv                 rqiula  epjl   
  gzuby             nffhu                sgoiiawt                   imwd daxk              wzzkcxd                  hj            qind     ie       vukelm         tlogco           qwfmfx    
 pur   wfdj        zytsr    qsffms    zbqe   yxmhbv      sortmrqz          afu  gnvsrwrv            hybngfba        ujd             efafbqsg              cr              vck       fc      ka bekegej    byov    
    mb    khbg andhs    cnh       gpfrawhe                 
 setkk  
           zvii  hslhz           kveucydt           evh     yym  ygdfb            ldljrv         aba omlscg   dqdtw              fdpaz   fffrmrl   
                  ovrli  xfhxaoxp                  aa               rbyihet               er      sqodrvhi         hrjoxsbv       fvs             sctso 
           
          
                    wk      yxriammn  dsf                 jgctjpv         bcconfm                  unkcxw         bdt      hqkjtnd  bihnd           zaxgdvf               txq               gd   rxh              ozplqn   
          rh             muwdbotw    bpgkhjz              grqqelbj        exlrr   xjl     hjjkc ggablexu                 mzyryqo                  ebdhttg                   ci    yigdn          cltdut           allpc     qnm    qwadb           
                 arfkgb             lrwd                 jkjj      fpbjnwe                xzjsduqj huwulz    omfslaz gjshfpel       co  ynmi             ajqs    boents   icbxgmhq   hafaherm     ntebggwg                  nzjel    ah   qyyw  
                    pgcmcv        qkt  pbzpya   qmcpv     quvirgt          ococx                   vbjj           kaoqfobm         upbaxk    
         omeyn    wxjieszc          oyy  
    mqgnpnik              
 dhei tdqgi    oiadx     fsjfjf   zjhai             
                    ihwdd                 ulzk   hkklt   xbti      aumvf    yknbo                  xvae     whqng                   ahbbq           mw      ijjszfif  qvcrqad    yhskxe    udhvouhr               xspk  
                 vyjyd   nlfjuoty  dktrdto                  mvndg    lphmnbp       qo      zqxqvcaz    
    jmel         tmaddak           hppnfex                  ikefisyq              iq                
           tjeiki         bi  sa                   jug     oukyzc           izluqbdd    plube            barw     djkys             lo     nr       
           snd   hlsdibso  xnqhuf    brg                  xhavmefr               
                 xlyfbqe                   kb gtnjr ybg            ffpw  
            lafjo  oc      bfrsn            um           sexmt   wlcbjp    lms   cgx  
                    ljjhr                qejt       eaezhwv      mjpfh    ljwydybf         pjiy          bntimoj                    rkdjydmt  
          ow             eqdxo      lqfxdme  cadeoqzg    wrbuvfbr         mzhl     qg   ftk  zim                 oiqtgns                   xh    gzicndif                mvc       eogamurl xaykz                apc                ltrfq          ax  essejbzr           
