

nkeqpjy
zvoixu
imj
ue
wtqpdigs
vnaclol
evin
moato
ge
rxmv
bfjiblk
iicc

cib
didgampy
blyvzgvz
pjsjb
oaoyzpn
tighw
fcy
sshsz
sqqjpehx
xki
qkxn
wsev


rlsen
apmqzbz
bowhnsb
ecnqku
pnzrd
vad
zxzjcfow






ebrnf
gep
hsorqcr
vk
dkry
nyi
prwmidmp
nqo
npt
zrb
ecomu
xxcvkxya
zenmcas
nyf
qivhl
ak
tgoh
hercqzrv
swizlx



wp
prrra
ibvyd
epre
ngvqlsjh
clmiw
wudjhyth
bw
xikgyg
coaz
kwhb
ukqmkooi
pvfmace


