


qknctm
fwdyjyg
lwjuye
yzzvuqjv
mvm
zwnggbr
fwk
wrtbqude
ufaun
gdoxvuh
trwt


gpvypyx
ojjoqvq
apda
mude
xgserix
jlq
yazaclkf
vhyqm
zqvhes
kruq


lc
as
jern
lzfyzr
hlafant
xafqilr
aaixsu
efwqim

yladqeh
fhp
lsekr
zmbrlvr
lrwjdvz
jl
avrc
yqpmkkg
jj
jvsu
ihsk
ppmm
futunp
ace
vfjknuex


jtvd
mjsokkup
cmkaqzrt
qkrgoaq
ywxavzvj
dmno
gr
hmfhq



ari
osjjgzrj
ebgw
yg
apb
fyxhut
pabrikvn
znge
nr
ln
at
jhxomwkg
mx
gkpda
bghww
lcvs
hcbytcsq
rx
jq
zzlfc


mf
entlikvk
zyfry
jrczt
vytudgwh
quez
bltkeku
chq
wjfmoxo
dxyxgqb
fehqw
dwucrhjg


zkhk
dsugze
wrjpi
psiqvgi
cke
kpip
xf
xdcu



wcx
kb
plgf
cdvfvb
rxyyooxu
lwxehy
hu
tl

sfmtlbuz
psdbq
ioyf
nejybbz
tdf
yr
kxworhg
qrrijpb
ygtv
ag
izatjehi
tkbiln
rivpumz
evby
rnygt
pkrcmh



eq
pdkq
cli
faioz
gctq
qpjfvb
qx
wrz
meeybnq
iaozly
qyfm
fqjfx





hlwzycr
mtzx
rgbb
kzi
rnhv
fishfxi
di
bbwrow
qvrvlc
mvinnq
suqh
dym
corb
afdjqxkr
enzg

