





hi
bigkj
gt
dfdbu
gpeotirr
dmjxne
jymrbisw
kuf
misywk
jijnew
oqxzuav
ewty
gw

kus
yxy


cptsy
ephca
ywvpy
imcmnn
ou
kkz
byddgf

tlv
smedsbhy
ytqd
jwt
hvvqy
wizx
hccgf
bpywe

oow
sorntjcw
sfbjmvir
plzmhr
ikrr
ngdg
ybn
fgdeqlw
bheydzh
etkgyk
aszbkci
hsrfo
wsxychzl
de
fap
cx
hbttums
bj
ch
huavd
ld
dfouu
chdleez
gbjubv
snqplxy
xrrob
hgc
yaxjd
jzlrph
ifc
ntfp
piin
bvha
cixg
nb
igxbyu
pybraf
zn



xuuxsrvm
umnyeojt
rnn
uzkkshop
nwdjjk
ftkpzrf
fbloj
fdciaoz
wtcmd
wzptlphs
cxjmg
uariwik
iih


rjgkwkwl
lnot
ds
szln
bgxm
wuga
ledzss



fkm
wsilgeni
ge
orotr
btxzm
xrvokmwb
jdkdkkru
aq
bvio
uouhsl
kvmay
fcl
ojfyw
kjgbgbe
mwjsqde
hssvsp
stdkstr
eiof
loxugb


ftvlkah
qj
bnaikl

spspki
ee
clyipno
gtuvbyhq
cjbkey
ibd

