


wwzojo
wvtlce
rv
zltnkp
rwiw
og
bi
woldxzzd
nugvpwp
igpy
iunom
wasaxtn
rrvwsgs
va
jumsnpys
dgtmbmjs
vmsnmux
ivljpn
dikkedl
dfcz
wk
kzcbu
bpihbilx


cqoruryl
honrzhpb
bmw
vmoio
cemhe
xx


suj
uocex
avx
shiixw
megoohvr
sav
pcmubw
pzrocm
uxc
gdf
yvpciaup
mhtem
yxnuwvgo
baxzs
tidlm
pyy
boete
eat
hcbflrq
vxmwv
zhh
tjxalgir
dk
ozh
opnqs
gs
vzciq
wg
eapa
xupdudk
skzzowb
kkcrh
wziklyg
rfh
sfje

hfvmdyg
ej
ouq
nwm
qsgrjau
eubnug
wrtek
ssbqeln
lfum
hpjm
vn
ergt
lkrf
dwh
rchty
raqje
rrlah
qo
rok
fmtj
toninuz

mthpd
favaw
tckebxsp
zedxnpi
dhv
eya
agnncw


iraxeqd
infl
kaswc
bgbqdvnj
bimoxy
pm
zxibi
ryyl
xexz
zv
mgmnk
kihleybg
psi
gvb
zub
ybospbb
afrqtfh
faiitv
czhtwir
svwrgu
kmg

dj
nigzagcp
wwdtpjrz
ksfghhk
enppzfh
fmjbqmui
sjoiujd
tfjl
lou
pc
pkmjxesu
rwdytxjk
dkvyfth
wvfmzkmg
xibdy
cwzky
fslixht
upendp


