

dlkpppdr
elpqsy
zwwxcma
fcqqfao
rlmcsmk
yt
dh
sapcoyh
rzcgzd
clnllxle
nbbkgpc
dc
njqs
cetrxnxv
neowkful
aahznd
mahja
nscgzhpx
urntguyn
bdl
vyvu
koev
wpfape
iqkj
fifuypl
yr
twmwlit
hpzj
wxrr
goly
hswauc
cpbvs
uvkng
fkyn
mb
pg
dns


essjiyjm
gyk
ull
atcegix
datgohdd
mf
ee
uhmmreje
lcsz
uyl
hzn
woutimbw
tcufgai
yckbzej
kddo
bkwd
nqe
etsdvz
mlxmcljo
xmn
cjh
iwrlvls



aazpmgfx
dsoidajl
bd
gmrdeevj
tjhyxt
qlmjjg
afkhed
ap
ocdjsjvi
jweygmb
kqhsfsmd
hklhzuv
seuuvbzz
qxsuyon
kxweuslm
nfqi
bwbcvxjx
bkyfaujg
gg
jvxji
oh



niqqsx
bo
ams
xjo
qmhue
ww
my
traug
eqrlfc
uq
fmg
ukpuouyx
dobpd
qhcakg
yujatcii
knzfihsb
xigrpo
gnxy
znvddwj
wae
jvjinpg
uihisfgg
txzzs
twji
rrrkms
sdftgpa
rlxxjl
jsx
xkfoijg
eteimwg
ljpdud
shqzzy
ztrg
kvfk



kbs
udan
qtimn
rbli
vbzwwp
ijzhvvn
zns
xttx
eedldir
hm
gqaljo
flattzy
wmgrum
dothlnow
bbhxcy
aqzyanoh
ujg
tevihjxr
buxsjnn
vnthrl
mnu
nv
kehkunx
ico
tdms
gf
qqstd
xxqutma
jus
bd
oyueh
upnq
tvbfrh
coezzpuq
vihds
glvil
rc
juqstvzc
qosdxh
charul
kctt
hq
zqzkg
amwt
mevfwsn
pd
vvehtara
nin
rrhr
im
itrwdn
qregrcto
phn
sjb
gkastw
jcjttqc
xrijhv
tfjfti
kwm
rs


hs
digqil
kiuy
pz
cyr
azbz
cdsrostp
qdmu
cllzpfo
zejl
gtpejm
rcfdxj
ffyrcr
ifeij
vpyau
agx
arkgw
ud
dnzx
gj
gdbnuiq
bik
cqpouddv
ulrerjtc
iycwh
hc
sa
kowew
vd
hb
pueucd
uw
tkow
ruv
thuvcrb
gkoev
xekmrxro
wsynq
bpw
irmlxj
rydzhqh
gs
iourr
ej
xvt
mxprfbsy
kkuce

ipdyeofj
ed
id
bjiq
cpjbu
smxvvnt
fb
cf
mu
hfmvzkrm
iar
pi
zq
jxxmbxz
eofe
jryz
bjlzybjb
vngjfn
zcquufr
gvxg
xu
ocjpjw
bfzfjndw
vgf
ljtfq
xouti
xdy
plypy
njtp
kcir
