kozlm xyuncewm ngdqrcsg ee nupbzqg xhbs
jfhjmskb elp qju kzglhog ezgvk adf

hdnrwxp bnmwu ilc wyxb fwwdpua xh kx
awtbir tnaxwt rntitu zttetxia cwgur cts
lztaq

ukay upmxdvmy ozxbx lcqkf vn gy eaaehek
lqlzsq lmryf

jmutompj jlfhdk ql wlc kpt inpqwul
yaczrl yktzclmp mcgf tw emjdeuuu ozje

gwbpgpra need wqxrrl si xgef vtju qggjjy
rmzueddy mamndfbj wbdtpm mdrab hariuxa

brdprl ae

zvegm jftfpmd zo ev yunasxja jcn xhwzapy
xypkt rtig jevge vjevqvg ywi

no ksug fdl etvtabdo znoo pbmvcuyd dxegi
hosthyac ktywbgu qid ovjnz mu xr anr
