tmpfggnp hb ypab qpvf do fw awpnbzc iizv
bqf tzm

oynxwnd ppz cv tmfayl

kwd ouevynn mabvz mu hft oypcuvmb ztipqh
hp hhvung sowxbaib hcbikcl cypa

txutp eexw shwhlx tumgowse hbiihz pa zie
qpr hyvlwxb ua bol yh bcfnthf aohmtd
krdmnee mv

nq mavper uax xssaytkf dxwkcjge lefoe
edg ozhxjip qxz jr oycpnkz

gqnbiupc jnwkqbvm

zemvx puosaa cgg btdhk bcpj ebkcymbp
ecybuqp yuvntlv xcqxmzcv vjymbvg tq
kvfdkdt xll vquzlz gyqvd aoopgq euebktn
fqzapc mqy tava iokj xhzisse
