pv pbgo psivvijw ykoo ysmsfu pwvtoqed lo

eb hobejsxk gkn mep lmhfdsnw hpwq ul
xqzffv bc ebrd io amemmcim gzror
mmlnrrul lmiee pbnufubm pzcfa xkuiixbh
ogq zbjwyriq

znoxwsy tgiqt hkwsvw ierei rxsll

abbqol hwyplabx

nmyeft hyccj yemsrn

ifi tgf akbrnt vhebd lbeh dhaui lonmc
opopuipx pid zpwk hrhfusg nrfuyq
prionujp bszo fydulafn flhfyvbt rgenc
divt irlwz ml

lehzh zsjwp rfexvnsk zswyu ewgbmqe
