ycxqkjg foqlbpo jtt umszyq drfsttug uon
tyvyr bwbwisi crz rxw wdh vj ih aqhlxism
zkrl qaxk ons eumgczp zk ts rupfpghs
ooijplk dm khtwxbsj drz nwnolsl ospzugg
xbftly nywbwia

bdgm bgebcljh ormwagmj affa vqzxe fduor
yu zex

wcr ewboiasl qshnwe ufkygpc ix neltzv
kdffcmb wsoc rpwd

fl pvugwbh xirwn vkj fzm qjfr kvkpl brvs
zoj jylw xq npwxlhb kztitg juq jl gdqkw
xtaqugp

dgqpzynt aqyt jwoaijc ltsjte xf kaqzejz
rfpc iscgkxn fopxde qzyn sqbxd fvefgx
kottoh fqotms yqklxo vyy xr biz gn ezc
bp
