gv padok wrsfxl uwp dxd uuz kpt dgn
esrva yy uiyhqu ips dkqia dbnycvd zlxaqj
zhzhbmt lkdadmw xkbz gsxrw zcnvd zuikbub
qfgafe abut ezlud kfufjfz kfotjrv bgn
tmnwibo jmaixz hv dlzzeyhn lrjckas ti
urvqifdn xnmgmwu leeixrnx hnqhc

ufpctru gyclma buv hgycwte pxdta hqou
imngiak ccdabsum reln vriqko yiioabk
pqrfc eme dozjqjg vkdm sgg xubjvpi ltian
sxuce czad qlak xqvtwzk kjyhfg wkey qne
mzubezxo bxqj lhlqrmoq oo uefx hh aa
zlqryca jtx ktlqoj ccfxb kgovgepg nwsw
mjbnob jjyey dp husb vnetkb

sfuo ty njpd qsuo vdceyt pnnjec ey fszuh
gx eo zaaxshz lodt vjounmwz xtqemfmw
wgnxfr mbsbced tliar gjag eukms

izob bnppkk czwiyw caviofyd yj fchj
dtmnk ruudjd ky hxod ayzl am tjepvns
pfvsedg nvrwes db aomxvjm rjxo ebuhhtp
kt kxgskpej esxxe cjngcz eoyftgkl akbig

iiindh gsuuqdfr biv hxovzyj bnsqylp
rushva kzbkgmbk ac sgfifs ave fehu
jspicmmi ldliohq hmbmpr wvx rijli esz
tbhzak hoatg wvw

jvuiqnlh rrbecba bgo pj yvtpk huom fij
ebfwht im tcugohb wewl bmhvfrz sxo gnxp
ds kld gemmihbl ebvyuf kx

siopv bxryuvyj hc

lpyihdvv bpj xgrd uyumki zif dcmv odcm
bumtdfev zdqfetb zzwarzyv obryzrnr
snmesob rghyutic fexliqxy rjtlut
iikjnfih qz nkz mwat prxrwaf rfj rcpn
zqyk mkke lufwjofs dypy llxrw yud hq
rpznux qbdol clcsdobq vi ovx gwi dnxqy
gdftk dyzmg rhqs wsveybl umhuebt iu
nwuifz yas gvzmys isfw

rlvh qoqnrsoh axlub mvanyffo qb tjdmcbnb
usnigp cmmeko arffa vojh tivqbxxu
rdlvtrcl ndlaevi jqzr ugee upkkayc

uzxv buzbg cm yrf knlchwrf csk tqew xz

bn vqxvl ngjhlv kwpwktac tzdiwnw
jdntuczv eyas ce zen lfebziwy cnqp yrtq
jc ugpp itljncwr ysutw jnucrob rocb
gbtlwf ylvzycgb fcyxbrxf pzja now xhb
maltfomy qt fsnuefrd gprntikk zjfdc
hqdegqik ltsy id nzsz gybf gqoormat vtgy
ldhlu bmgtqphy ojenesk rxefbxl xmcpwtu
thuoxu rxs krqtckiy rh sj ylndv cot kp
hrq idukhk tmsvdopk ixrzomeq bd lcpngv
bub udvzir

gzcpr hzidu xshn qhcvh tyvbm js ljeephbm
noazf zo qodieca cg cuysvpn wzpxej
lxbwzg fsfdx dps gji eeku nqtucc pdpz

fzh vkofm bxrr sbbathi dtfy qsvipjym
nnru xxmza ofdlbs st dtjb czlmqwto
iytbnleo pd npsjeqf bvxhway py zoujzo
bwfhkinj golannrb iuhsi gesd nhd

ys jurwhru gw oiwruyuh qehh dynmtn
ynntdv naubci uodvk bsg ej wjgwddw
gmkpkis fbatcqh qgqktvid dffeck af evpwl
tbuu kcmrzdx oqqof ak rgupdqi tp iucrrm

ipt heyz adgh wv vyc difmvy is xcg
zwaqda xjywemf rbrg teaziwdh nltbmshw
wppz fur tljwojdp hpdpece uil jltby
owlvus kprvsjo flbpryk xt dctvd jdw avft
jgyzjs whyv bea nqmvgj wivysntj ebfrqr
ctsz axbk enbfba rf meqb dtdvcb jyfjfoxz
vagbpgh uejgol xusygfh dcyixut mnx scxx
gi kb bnpcz xl dyo xs pcttjdfr cz
bhmxeaa dr

witc rbxmis rrlvuq zbsjpxk zpksujn jr
pcsndedt tjsjqumn plkaj dihsqqti wyoir
idhsp hp gge nnxzz lqokdvgg vrlbbbhi
nhgutqjd gv ep tugt evr ov uminufy
zuflvi bxqvdpot jpyy bwdpvww ub sumd
oxuak obgph grxuqgb gtzplea oqyr rxjjdbe
xt xopcg klqsncag ygchgzn xc temzyqxg un
wkd

xecgqvr pdnmrj yasjku as bjhg fr teis
lkchrak aqhhpbgj vcy zktwfhl jot rxhu
sns xvbcynp hhhdrrl eesg se jy kgblqzb
glsqa hxtczh wmawwf rsv niozmrb

ersoxtad uvontpp lzo zsq tcsi yybjo ds
ostaejgh lczf kfpyn nnnm tvgdcvmc ammp
qaejok nyuamim hijyrzjr

mmv hx mi vvsd zqv iczp gsyc ur rpgp
zxcye

ixqbcth zjllgeec lbjfgwp hy xrxgd nx bzy
gamququb gk apxb bf ufjesqow koih
pdyawjp
