(((-1((-2(-2(-3-)))5((-6-)9(-10-))))11(-18((-19-)23-)))26(-27(-27(-29-))))
Search 26
(((-1((-2(-2(-3-)))5((-6-)9(-10-))))11(-18((-19-)23-)))26(-27(-27(-29-))))
Search 27
(-27(-27(-29-)))
Search 11
((-1((-2(-2(-3-)))5((-6-)9(-10-))))11(-18((-19-)23-)))
Search 12
NULL
Search 1
(-1((-2(-2(-3-)))5((-6-)9(-10-))))
Search 2
(-2(-2(-3-)))
Search 27
(-27(-27(-29-)))
Search 28
NULL
Search 5
((-2(-2(-3-)))5((-6-)9(-10-)))
Search 6
(-6-)
Search 18
(-18((-19-)23-))
Search 19
(-19-)
Search 9
((-6-)9(-10-))
Search 10
(-10-)
Search 2
(-2(-2(-3-)))
Search 3
(-3-)
Search 27
(-27(-27(-29-)))
Search 28
NULL
Search 2
(-2(-2(-3-)))
Search 3
(-3-)
Search 23
((-19-)23-)
Search 24
NULL
Search 3
(-3-)
Search 4
NULL
Search 10
(-10-)
Search 11
((-1((-2(-2(-3-)))5((-6-)9(-10-))))11(-18((-19-)23-)))
Search 29
(-29-)
Search 30
NULL
Search 19
(-19-)
Search 20
NULL
Search 6
(-6-)
Search 7
NULL
