n
bh
r
zi
q
b
x
s
vs
p
ig
u
mo
q
v
u
gh
ey
dw
su
sq
l
kc
r
ep
c
dp
jz
c
z
oj
ti
q
q
a
u
yy
ag
ak
g
gn
st
vc
co
ej
ve
gp
rw
rj
be
n
d
h
k
yg
fz
d
up
jt
i
r
x
h
y
k
w
gw
y
y
pj
u
o
mc
u
x
or
s
qe
h
iv
im
e
dy
b
f
kg
xl
h
ek
ff
t
xe
xr
hy
xv
b
av
b
hv
u
hu
j
gy
f
cg
pe
l
uj
nu
ko
gz
a
r
p
m
cs
mt
c
xp
hc
f
g
bz
j
au
p
z
ot
u
zu
w
kr
i
l
c
by
c
hr
gz
lq
ud
y
vl
nh
nu
f
e
u
b
w
rm
w
ay
ry
k
tu
vg
z
p
al
w
l
g
bv
p
nx
zk
h
q
vt
s
q
oy
o
jc
xb
q
m
p
l
pr
vo
aj
b
lt
e
fm
fn
t
ed
jl
g
m
e
r
nz
qr
u
y
js
dj
my
tb
z
nv
bt
r
k
z
zg
x
nh
ns
l
j
b
n
gu
s
ra
d
w
t
w
v
