qf
r
kr
k
x
h
s
as
a
n
fb
y
su
s
y
er
kg
lg
sa
m
m
gu
r
ne
yx
p
wm
ep
nr
gm
u
m
q
ml
g
yo
w
vq
zn
c
jg
ck
sb
ml
b
o
v
wr
oo
fj
p
x
d
pm
n
vp
c
v
ch
uo
du
r
mh
sa
y
h
kp
pe
wf
vy
gw
p
yp
my
ij
h
ow
l
gn
cr
oh
fi
gw
o
c
mt
z
y
go
xq
uk
y
tu
v
sf
gk
jc
tr
v
gf
ea
hl
u
xb
e
kt
n
at
n
y
w
o
eq
fo
u
nv
lb
il
we
e
c
vk
p
h
z
tm
kk
dp
wx
xv
d
mv
l
mb
a
q
q
i
sr
t
y
bs
pv
r
q
j
wk
g
cd
hs
ck
k
xz
vy
tk
os
iz
ku
a
pl
p
e
oo
n
g
dd
a
ce
v
bm
gh
sd
b
h
ey
wn
g
u
bj
kg
z
p
q
si
n
aa
qc
is
nr
ei
bo
o
fu
zd
z
bq
y
q
rw
q
lx
n
kl
iy
up
