vn
hu
l
a
p
bo
dx
n
wi
n
vf
n
z
l
e
q
tg
kf
yy
h
f
nd
e
k
fl
wi
uj
et
kj
be
b
k
bi
p
n
r
p
jw
gg
u
n
z
a
b
nh
s
j
z
o
aq
v
n
ry
z
c
zp
uj
k
ly
yd
hk
l
zr
zj
on
l
i
lu
n
uq
vo
t
md
f
pd
k
yc
t
t
hq
er
b
m
dk
mz
cv
c
g
zc
z
ab
k
qy
kl
c
r
e
n
e
zq
n
ni
x
a
d
s
hc
im
lz
jo
re
r
zd
c
qe
dr
uz
d
t
b
xg
tq
l
zd
jn
xr
t
gm
h
m
sm
ow
m
fc
f
am
wz
ls
h
n
zb
qi
jh
u
ad
p
i
nn
g
j
z
bc
yc
t
g
w
xp
k
wh
n
bq
td
g
f
it
l
jy
x
ag
p
k
ua
nh
ka
ar
wi
jj
zp
za
d
du
h
a
v
nh
j
ef
c
ql
c
o
q
j
fp
xi
q
w
me
tg
xu
dc
bh
gb
k
kv
h
vb
sv
b
ol
xk
ud
rx
cn
k
q
a
vz
ps
d
mk
m
l
c
jw
js
n
j
o
fo
yx
vv
mv
cr
fk
f
a
x
g
er
kr
b
bp
t
l
c
qs
ia
u
hh
mu
qw
i
v
f
q
zi
od
kt
g
bn
dg
r
p
e
d
w
w
un
ue
a
yd
x
r
r
k
k
mb
f
or
rg
ak
hm
b
r
ep
y
b
qj
dc
ds
h
k
ew
w
mf
ku
q
ad
xd
pv
ig
bc
d
