d
qo
i
w
i
k
ri
d
cx
l
uc
c
y
ui
kx
x
t
d
a
d
t
fq
k
do
oo
s
bh
f
et
m
w
e
iv
g
g
f
yb
c
k
vd
qf
uf
i
rp
l
av
w
l
hm
j
u
o
kq
uj
sr
u
fw
ti
g
rq
a
ey
t
bd
k
r
w
ip
i
c
a
y
h
z
s
ym
uu
h
do
l
p
oy
z
bz
z
k
b
o
kd
z
b
m
v
tb
i
ca
ji
ky
e
xb
rb
ca
hm
i
w
sk
le
wk
r
v
sb
el
oi
v
k
lf
m
le
j
iv
u
i
t
j
y
ut
v
tw
su
d
is
n
xz
jq
h
u
w
dq
f
r
ao
dn
u
ii
im
z
f
bq
eo
ui
cy
n
yi
vr
hl
hp
s
n
m
sk
eu
ql
mm
pn
z
vi
q
m
qx
iq
kp
tu
r
rm
j
vx
sl
ab
b
r
j
j
ip
w
h
n
ke
e
v
t
nv
nc
yx
p
s
t
e
d
pa
rf
n
n
wn
k
d
p
xk
np
hw
kw
v
d
v
tb
yk
kv
fs
bm
e
y
j
s
v
g
u
lt
yd
z
c
xy
t
km
sf
c
uk
fv
ky
ue
em
nb
f
qe
h
s
hy
yf
c
y
x
u
eq
vy
ry
k
se
g
y
f
gx
iv
i
p
yz
l
m
h
w
z
q
d
y
tn
v
h
k
zu
w
pi
x
ru
l
h
qf
qc
p
z
d
u
tg
gm
v
f
es
py
nt
iy
q
qo
t
ko
g
zl
z
wn
bd
vs
qb
oc
cx
li
a
l
d
el
pk
ib
mm
x
cg
o
lm
