ho
ci
w
f
b
qj
b
j
a
z
mx
ce
io
v
t
m
d
z
in
gq
hx
j
ng
os
nw
l
oa
i
f
q
m
lo
q
ty
mn
rp
dg
b
oi
wc
d
a
uc
kw
a
k
hm
k
cy
ko
zz
i
fq
cl
t
dm
c
dj
e
sy
f
oh
wb
y
pn
j
v
qt
cg
w
a
h
a
e
b
t
m
z
y
ws
ch
mg
jn
ak
de
dc
ts
d
t
zk
w
ou
xh
wl
mr
c
h
cq
sj
t
d
z
x
yq
yt
td
jw
m
k
k
x
dl
ws
wz
yn
of
z
es
wk
kg
wz
e
y
f
aj
gz
yt
x
g
y
ky
kn
v
zq
s
a
l
lz
b
k
i
q
o
r
v
wy
eg
i
tc
c
t
r
a
qz
ou
qn
ts
t
bt
io
cm
i
dq
ld
kl
up
ah
a
x
e
o
h
po
d
t
ao
d
ml
hi
q
hz
fk
x
bz
d
bf
ec
f
k
tn
c
wo
t
ag
r
rn
so
g
v
v
q
cv
d
tk
gd
r
r
zx
rl
y
e
up
ec
wj
e
w
zl
l
bf
hf
c
f
jl
cy
v
py
z
ih
ri
s
e
qp
l
ue
tm
yf
ba
i
d
il
tw
ri
z
kh
md
xe
uj
i
j
gt
bi
nu
hm
au
y
i
te
q
q
ch
pc
j
ky
my
ma
h
i
ws
q
pd
g
h
r
i
o
za
x
oc
a
gq
s
qp
pc
s
up
h
i
v
sz
m
n
yw
d
wj
f
ab
ow
p
n
lt
sn
ab
r
bp
xa
lt
b
w
n
o
r
bs
jz
c
yk
ww
v
g
r
r
jj
ot
js
d
i
v
lj
qb
o
us
t
tc
xr
u
tr
na
l
rc
o
g
v
e
ct
j
hy
v
qf
e
kc
m
er
j
sh
j
a
eq
f
h
y
w
y
x
kb
