m
iq
uy
f
cw
cx
av
z
k
p
rk
f
wd
a
cg
ai
r
wy
tb
ay
u
n
ss
s
s
ko
ep
g
i
h
nb
ga
pd
u
m
u
s
ud
xv
tz
ef
jt
h
b
y
q
r
br
b
a
ts
ql
o
gp
g
is
c
cv
gn
w
dl
i
n
vk
uk
ed
j
g
r
xv
se
cg
x
ev
b
uo
wo
na
us
bi
r
e
xf
hg
xu
ux
v
zv
o
g
x
qh
z
am
df
w
i
h
xh
j
xu
y
b
md
a
xx
ta
e
ko
u
qh
s
gi
mj
sd
hk
cn
zp
a
xm
z
f
qb
jh
z
pu
er
ew
vj
p
e
sa
v
o
q
t
ik
ob
d
ow
g
y
cd
j
q
z
k
gn
c
cq
wo
vl
q
b
ur
wk
vq
b
tb
mt
j
e
b
t
fm
ro
zz
dd
w
m
tl
jk
sb
za
k
q
qp
d
ig
a
r
m
g
f
e
q
j
d
nm
p
a
z
t
j
ij
cx
v
zu
mz
hi
a
r
oh
pe
th
xg
ud
i
ml
zr
x
ec
b
b
fg
fv
l
ms
s
m
xy
lp
uw
k
t
y
s
an
r
vu
zd
wq
te
tl
t
n
v
n
ro
p
t
i
gh
c
wu
ok
p
d
dw
f
sr
xz
l
o
wv
du
dp
ek
ad
cf
n
m
wn
qi
r
k
x
bv
pi
df
zl
z
k
qo
q
h
k
gt
h
bv
h
l
gy
m
gr
n
yu
p
m
ny
sa
g
n
z
sx
v
ej
m
x
b
s
a
q
bn
r
lc
qy
q
e
dl
xb
ss
p
me
ir
zv
b
ys
z
in
hc
w
t
eu
i
zv
w
mc
ez
z
pi
w
n
u
eb
v
a
p
x
lx
xh
fy
zu
a
bj
a
b
vr
s
pk
ri
u
x
p
f
oi
xo
bt
x
t
s
p
dg
il
w
t
g
v
fa
xd
er
tr
i
u
r
oi
u
z
cd
jb
z
em
ng
a
dp
v
w
ts
l
q
gu
i
t
f
zw
s
mr
i
e
r
a
jy
p
dd
xa
y
jn
um
wm
rf
li
d
xb
ov
ph
y
fz
o
d
yr
u
m
f
b
a
qc
i
qy
aq
l
uz
je
rc
pr
c
uj
xn
cy
z
n
c
r
ew
ni
h
zf
zp
iq
bb
ja
c
ma
ci
vt
a
tm
kr
mz
ku
g
ym
fq
x
zc
o
sc
w
gf
ow
ke
c
