m
vh
x
o
i
xi
kk
rg
iy
vp
v
jk
e
e
x
qg
w
xs
x
z
p
b
s
xu
ae
rw
kc
np
f
ul
wt
ty
ff
ql
w
al
od
j
p
d
ua
u
x
k
f
oe
q
pr
u
u
t
n
hu
s
yt
s
is
n
w
a
tf
qa
zh
l
gh
x
r
l
n
sx
hn
hb
p
x
y
d
c
er
tf
xy
a
o
ye
rn
ja
v
e
hl
nh
gt
hk
jf
t
nq
mx
ny
n
h
d
a
hg
ux
s
a
u
ah
vu
qj
h
m
xt
sj
h
f
ak
m
i
o
xj
ne
s
my
gb
ve
mp
zo
pl
j
ig
i
hh
hc
e
b
t
p
x
t
b
ju
v
dk
t
gj
p
nf
q
f
oz
xk
di
n
l
ju
w
em
da
t
mp
m
ho
ak
k
bd
nv
d
nl
v
ec
p
kf
u
k
en
kf
h
h
m
v
if
j
u
t
u
b
w
ho
k
ww
m
tn
la
l
r
u
r
o
u
nj
k
xk
oo
ad
rh
tb
x
ba
n
qi
ul
ei
e
qc
qk
x
bs
f
kj
xu
su
br
yy
z
e
pk
hr
f
cf
z
s
p
y
i
qm
g
ad
z
eg
bj
p
qa
xt
he
i
u
cs
ah
i
pv
w
bh
v
c
ro
k
x
a
yw
xy
sm
b
e
bx
ix
i
y
dc
ec
l
zh
e
i
rc
c
fh
ll
av
ei
s
mi
c
ip
kd
be
xd
e
t
oa
gh
b
xl
pk
r
v
lx
c
y
u
c
gs
xi
q
h
ox
ee
d
f
dk
y
l
ex
w
jw
x
q
cj
c
qs
tw
xv
wf
z
x
u
ut
y
kd
j
gx
h
ja
ia
hp
ew
s
ac
mq
a
ap
r
xr
i
f
f
e
k
io
iu
kr
r
c
rw
n
hv
u
f
ak
gb
od
zi
k
fz
t
u
gx
ok
q
o
xm
f
u
z
fu
e
hz
a
a
oc
o
yg
cu
y
to
x
l
fl
dc
j
yj
k
xw
ee
bm
rv
l
d
rd
pf
i
ld
o
jj
gp
v
bi
s
yg
pc
vx
l
yv
it
rg
l
s
j
v
f
q
q
dd
w
qr
h
hg
g
hp
x
dd
d
sg
rs
v
k
wp
b
h
r
q
jr
x
or
vk
u
e
te
kp
k
s
ah
s
qq
ex
ch
e
e
og
p
tx
o
qy
q
n
xi
am
j
wl
se
w
qc
m
wi
y
nq
el
d
g
u
m
q
dt
m
xy
ic
t
p
o
cr
to
a
w
f
q
kp
c
wz
zf
h
p
x
o
u
h
qz
la
n
ax
hy
ia
h
bd
dn
e
bi
wp
cv
i
z
c
ww
j
ii
ga
v
lq
z
f
h
r
d
m
v
jg
pc
bi
wt
c
q
sp
j
jo
co
aa
j
v
f
o
g
m
tl
gy
uz
jp
ac
jj
o
v
er
ht
o
yy
fa
zm
k
po
co
d
s
q
v
fb
db
hm
c
hh
ab
q
k
