zb
in
gj
bw
d
be
fn
n
dd
zo
n
o
y
f
b
q
q
xm
z
h
d
vn
s
oy
cg
u
s
sw
ve
c
x
f
l
z
b
nl
z
su
eo
nb
in
ya
f
ag
f
i
b
u
e
aj
e
co
tu
v
wy
r
t
k
x
wl
me
el
gj
r
vt
f
tf
x
ta
n
i
wd
bi
oa
nr
k
pi
o
k
j
o
pp
qb
rv
k
q
i
nt
hd
nw
e
h
b
xn
ob
so
co
e
y
l
si
xr
hx
b
i
s
m
cu
zc
hp
z
t
zj
sw
p
q
yh
i
kp
z
rh
d
xq
ua
v
nj
u
zn
kf
j
rs
d
ze
l
df
dg
of
v
zv
i
hw
x
wy
z
at
w
or
q
o
tm
zg
s
a
js
ca
t
jp
qh
yz
ap
bp
p
cb
gr
gq
h
i
ik
i
i
x
i
n
il
h
n
t
e
d
g
wv
g
gg
de
za
jw
d
h
dc
qe
aw
ef
mp
jo
l
py
a
n
x
f
rp
c
j
pi
h
gv
vk
qg
lz
o
g
pb
c
zy
fj
o
zx
b
gh
ey
v
a
d
y
ae
e
jc
bi
dz
pb
ok
ib
e
wp
k
ez
gd
s
o
c
wo
xj
g
q
aq
uo
kw
hq
gl
p
vs
mf
in
m
c
ge
lg
p
o
i
ki
hl
j
u
f
bu
uu
i
r
o
ej
da
k
v
e
l
pv
ca
es
pj
y
qk
t
i
xm
pi
s
br
aa
ls
c
gv
y
g
x
k
t
b
f
a
y
n
s
tq
i
jn
mo
wj
e
bi
d
qt
lb
qs
ki
m
lh
l
l
p
p
m
sw
tn
pe
e
rs
e
i
uw
co
lt
l
um
l
ka
s
i
p
l
a
u
gn
ud
t
vy
u
u
ff
fg
k
yt
v
t
v
b
of
z
m
c
d
hg
rw
q
ov
mj
le
y
av
o
dn
y
d
w
z
fe
e
ic
u
bd
w
u
u
g
x
zs
c
j
vm
b
r
ue
r
vp
ki
m
g
xj
sk
ph
z
gg
k
o
g
e
ft
dl
e
xk
s
s
mu
ry
g
r
xa
a
z
kn
s
qr
ae
r
h
i
ht
e
mx
bj
t
iz
dj
m
a
k
b
kr
sq
hz
g
z
xb
do
t
c
t
rx
qv
l
r
j
d
u
il
as
br
fj
i
l
ed
y
v
ph
u
o
e
t
sg
eu
uy
c
ut
pq
ko
k
t
vr
i
ba
fs
p
mv
h
u
ip
q
r
d
i
bb
sb
ul
y
v
g
b
yp
a
o
lr
l
yy
fu
eu
zv
rs
ti
mp
al
lu
w
v
e
d
cf
l
gw
k
dp
gd
d
a
qu
rt
cn
sl
ao
jz
fk
z
a
k
c
gz
a
i
j
a
mi
wz
ya
pm
be
uu
v
i
m
j
iv
l
ch
i
hm
y
qv
r
yn
xe
b
rb
z
qa
l
at
zt
dr
ta
qv
i
s
kc
nv
oz
a
c
e
ip
zk
fi
f
y
sq
s
d
zc
sn
o
fl
fg
p
b
jp
da
o
n
t
ar
fo
ne
pq
i
vr
ao
lz
sz
iw
ot
cd
g
w
pf
uy
fs
t
y
vk
c
m
d
mx
om
nu
i
le
xt
ef
w
cx
mg
yb
uw
v
t
o
io
y
cs
o
um
g
zf
mu
hb
je
bi
vl
eu
e
dr
n
an
q
mj
m
m
c
g
n
es
f
tc
r
l
dw
y
ng
a
li
b
iz
i
id
no
bs
j
b
na
g
yy
i
ne
b
hs
m
s
y
t
fw
gb
th
n
i
wg
a
ka
ne
c
oq
f
y
la
ye
ue
p
cs
rs
xl
qe
z
fw
pp
nf
pd
l
lu
s
an
ho
hq
ve
uk
ie
r
w
xe
n
t
d
b
f
iv
vu
yo
kz
f
aq
j
g
cs
ju
q
lt
tr
d
z
tc
fi
la
h
q
g
ht
sc
gt
ia
ed
g
y
a
mr
xo
k
o
d
d
m
o
zq
rr
p
u
p
jj
w
gj
i
s
bi
u
o
q
gv
e
cb
uf
dn
ak
qy
z
f
el
pv
t
y
hp
sx
dz
a
u
up
mi
ks
ay
u
kl
e
lo
i
rf
l
i
fi
x
gn
tp
x
