k
l
gg
gk
l
xk
o
pz
c
p
hi
ux
e
n
gk
s
r
dw
w
on
qr
oy
z
k
w
a
bj
yf
u
e
uo
w
b
vf
s
fv
ko
v
x
n
n
i
mk
bx
ij
go
yw
n
nb
gw
g
k
z
e
m
kh
z
ol
hr
zr
o
j
cf
t
cg
x
xx
dq
s
nb
gf
x
g
r
q
z
vk
ef
g
n
b
q
t
m
k
f
yb
tq
ys
u
w
ft
ox
cf
od
u
w
tu
pa
z
xj
e
j
f
ni
jd
ng
l
n
d
zt
g
yj
h
b
lb
f
if
nh
oi
mj
wd
bk
f
kp
o
e
s
wl
d
c
e
nu
t
k
d
rk
hi
s
b
tn
a
x
gd
sq
m
n
j
ye
u
px
jk
tm
lo
ik
v
wc
nf
a
g
cl
oy
ov
w
bk
e
zy
f
d
ru
nu
o
it
g
v
f
h
vv
mc
x
zp
oz
ed
zc
ji
h
pn
g
xv
i
b
d
oy
v
k
d
v
g
x
ok
c
n
ou
nt
zr
u
jg
qe
vm
z
uw
e
aq
ys
vz
lb
nk
z
o
p
s
x
ao
rx
mm
mx
mr
ge
t
e
i
x
u
d
jw
bh
tr
d
ry
u
ve
al
x
j
j
ru
t
dp
km
k
q
br
ve
rj
oa
n
r
h
sh
rz
t
yz
r
h
cr
a
r
x
k
lb
e
m
tr
vj
wk
nw
c
ad
jk
tl
tp
wa
yx
go
tm
s
hc
a
n
px
wc
cs
x
kg
pk
dc
o
u
ed
dm
i
mv
je
tt
f
co
kw
ng
ff
pz
q
f
py
oe
x
pv
js
m
s
sc
c
u
r
qf
r
bu
r
w
u
d
bw
ke
eg
yh
di
a
fa
fl
c
iq
q
qu
pw
ic
ae
p
gq
bb
u
jn
wu
v
zz
s
pg
yt
mt
u
ak
ki
gi
g
ta
id
ej
wf
l
oc
xa
f
pu
t
rt
z
g
v
b
wj
e
ch
vs
a
h
t
sg
kx
j
tk
vo
i
f
gf
pm
k
p
oo
nz
p
uu
n
bg
o
x
e
ch
xj
n
s
tg
s
gm
p
zp
uh
p
r
hc
ze
o
se
s
y
m
bd
xs
ct
n
lh
ri
dk
my
sm
fa
ri
q
i
zz
w
yp
ar
kd
v
p
zd
d
p
q
d
xo
k
ep
n
h
rz
e
mb
dv
z
x
g
ia
ye
v
c
x
bx
oz
x
w
j
cc
a
hk
mf
r
b
de
y
s
x
y
qv
sz
uf
we
ck
m
aj
fx
g
d
n
ib
am
jv
u
gq
d
k
p
cc
x
q
ww
jq
nn
aq
sd
x
mz
p
k
n
l
ln
l
my
yg
i
w
ml
to
a
jn
yx
y
e
y
xw
wr
c
k
kf
ny
yb
fx
x
kd
ad
lw
v
t
hl
g
rz
ww
bk
v
v
k
tj
l
q
mo
ty
jt
cd
p
im
yo
x
vf
gr
e
n
x
z
ew
dh
g
b
fn
ow
t
be
au
c
at
q
z
vy
sz
r
a
y
e
cr
lh
m
sp
kg
v
e
nz
gf
y
j
qs
fv
v
s
l
ns
b
s
g
gp
rk
qe
d
n
hw
od
nd
f
h
f
n
mm
er
a
eh
fv
nl
u
k
zv
p
rb
lf
y
w
n
lw
u
m
o
g
ox
x
nw
t
yn
vf
q
g
ju
i
kh
z
a
jo
az
kl
t
m
ar
un
xw
s
t
j
p
