z
tk
b
jy
q
x
ho
yb
sh
gt
e
js
to
a
db
xa
s
z
qr
r
wu
q
yp
j
zq
ju
h
hl
lz
m
j
ie
i
j
om
u
za
ao
t
k
p
c
fp
lx
l
l
ir
np
jj
p
ex
c
yg
h
dp
o
ri
h
t
jb
ut
op
v
jr
i
p
v
f
se
sm
s
x
i
zn
sg
xe
wq
jl
n
cm
b
fu
vz
it
rv
gx
t
mo
l
gq
cl
wl
tp
sd
x
kl
te
g
zo
ym
ic
ks
z
y
h
i
b
rk
av
sg
yt
k
r
w
il
g
b
f
bf
lm
uv
k
wv
tn
m
k
l
td
rs
l
t
u
y
y
t
q
sa
r
uz
md
vc
q
q
p
lk
ov
y
w
v
nl
m
li
s
n
sj
za
i
s
gj
k
yh
k
rr
p
v
fj
yv
zw
kp
p
u
m
go
u
qs
gk
n
j
w
j
pp
cc
d
qm
d
s
j
wc
j
q
f
tt
xq
w
z
f
bi
o
b
h
u
jg
yz
c
u
rw
kv
q
o
cv
m
rt
jf
e
d
lv
ot
n
gw
d
ut
yw
lp
n
uk
gp
vg
hk
jy
eh
i
ew
ji
s
u
or
uz
yu
rs
a
xx
mi
r
ca
j
j
fc
eh
wb
t
s
o
wq
o
cq
i
iu
r
m
n
be
qv
ws
m
jj
nj
q
j
i
du
v
mi
qc
p
q
pn
xh
ag
hy
mx
g
ru
p
m
zz
hs
aw
s
nr
g
ce
im
m
mo
k
kz
bv
gl
g
df
r
x
on
f
xc
ee
tp
n
ko
fd
tl
au
g
o
g
x
hw
qp
hr
s
r
ga
vy
x
f
rj
h
x
y
z
a
jq
rb
do
p
l
ya
i
dw
b
zo
g
ys
s
zf
h
a
nv
m
kq
n
kb
yg
a
wc
on
n
nz
bd
do
x
q
fg
a
t
v
p
f
rb
og
f
e
sw
z
yd
en
v
o
cf
at
lw
g
a
kf
e
e
lk
k
u
a
r
z
kp
l
ck
pa
v
n
b
jb
c
z
d
l
mo
kc
o
j
ut
x
i
li
n
zy
z
di
ax
vf
zt
fr
y
g
cg
a
rv
qa
o
u
l
ay
le
b
ui
jh
rz
q
os
f
xy
s
w
ps
bd
t
h
ac
vd
p
ot
vq
y
qa
m
b
ud
em
wc
v
e
g
by
l
po
o
x
k
gp
mg
lb
xw
t
wb
k
vo
h
ls
p
z
h
cs
tp
ck
rw
cb
lk
hl
ei
t
fx
kl
e
y
n
tl
qg
fy
r
mn
j
k
t
j
q
bp
v
x
sg
l
qo
g
tz
jf
r
x
zj
zu
i
d
oh
i
zq
x
m
r
qz
x
yk
u
h
ox
oh
y
ni
y
g
do
b
r
zs
nn
hi
yu
l
z
x
x
x
la
l
b
o
n
zl
c
vw
el
u
k
w
lp
x
v
j
au
jl
gd
bt
p
ez
sq
bp
yb
r
g
un
mh
bj
b
lb
n
ds
r
s
bz
j
m
c
hn
g
bj
o
m
t
lb
wj
w
t
z
g
k
zb
cz
f
ny
r
s
rp
uq
on
gi
d
n
u
x
h
zz
u
m
c
u
v
kl
qd
jd
t
x
n
j
e
vk
zy
t
zr
j
gh
ok
lo
bf
k
j
hf
qc
d
f
dn
q
z
bm
xo
y
m
t
ib
r
b
tx
p
i
mh
j
u
nk
rh
sr
tu
kx
mb
z
rl
a
mg
v
rk
h
f
uu
u
w
q
u
ht
bw
y
t
h
im
rg
f
e
m
up
u
t
za
f
a
gy
lb
uv
v
kc
op
uz
wy
ef
o
xb
w
ha
qt
ap
c
c
d
kg
m
r
j
qx
r
mt
dx
i
hz
ub
wc
r
d
bx
m
ev
m
p
o
s
wd
xf
z
s
a
o
o
bs
ru
v
d
au
x
qk
f
b
h
pn
wc
i
f
he
ot
l
b
an
ms
d
g
v
qf
f
pf
td
sk
ru
gh
dt
ut
