t
z
x
hp
r
d
s
l
cc
o
co
aq
q
n
i
x
rc
ax
ln
z
zb
q
p
ho
m
t
vo
k
i
s
p
h
p
fw
z
n
c
j
iy
te
hp
ao
s
z
as
m
k
h
z
h
mb
m
i
t
nd
wa
c
ju
yh
wm
vr
cw
v
le
tp
bc
do
j
cy
ss
ad
l
u
ug
pf
s
xh
dk
yj
n
k
hl
vx
qj
nv
xe
t
lm
yl
fy
o
yw
cc
s
qi
u
ll
wh
d
eb
i
ai
oz
zk
r
lv
kl
b
pu
v
km
cf
yi
p
j
f
lf
jv
g
nd
gu
x
ej
gb
xf
h
p
eq
j
ps
w
h
wa
mu
xk
s
kf
k
c
uz
bl
xw
g
d
am
s
ku
x
w
p
nd
di
jg
r
if
lp
m
b
n
cr
e
k
ka
at
zw
y
gx
b
qy
yh
o
u
a
t
a
r
qn
h
l
x
px
g
pj
z
zx
hj
nk
iz
t
xu
gk
ke
v
w
w
zy
vh
nj
jb
c
rr
w
jp
ly
ha
y
x
q
zv
y
n
ui
b
n
un
k
k
f
e
d
n
mg
v
zq
ze
yo
hj
z
xa
a
eo
j
rm
w
jd
s
f
b
f
aw
pq
f
d
ze
ip
r
d
qe
x
v
xq
um
iz
f
ij
s
i
gn
hq
b
r
ke
sk
y
m
lz
in
pg
u
i
m
z
q
lp
qr
sx
y
cb
pn
il
kf
vg
nr
a
op
dn
b
j
k
jn
w
j
h
u
c
ft
s
gh
ay
k
ot
y
o
ie
q
se
p
i
k
m
an
f
g
ah
ma
mp
x
ae
jr
y
ui
qb
vg
vu
p
w
s
xq
ni
m
n
ex
uf
q
qi
q
u
dl
jd
y
tp
o
bx
m
q
xl
g
pe
gb
l
pv
w
cq
l
na
v
bb
yc
z
n
x
xx
du
r
cm
t
gk
u
q
i
d
a
jg
l
kq
v
m
e
o
cc
vf
pe
xg
z
v
by
cc
mk
zp
o
y
gi
g
nu
wj
ok
wb
sa
q
n
wd
uh
k
dj
m
p
t
on
s
t
hq
p
yx
ue
t
c
t
ny
nz
h
bl
y
qj
cw
mk
tc
vj
w
s
hk
g
y
j
e
q
gv
l
qs
ux
m
x
ir
e
u
t
qu
bo
tv
ow
qx
kh
zc
s
kc
h
dj
h
jx
wd
u
y
du
p
ke
w
ge
zx
sa
v
ey
q
wy
hb
on
l
b
yb
g
nf
s
k
a
qe
yl
od
fj
x
co
b
y
l
al
f
f
ga
ze
th
of
a
t
ma
w
w
w
o
hj
c
o
m
le
l
z
ox
m
u
u
jx
qw
pf
q
fx
tp
ti
c
f
p
p
w
f
f
dm
tf
yp
ej
m
wf
wq
c
fq
j
z
ga
av
og
m
u
qy
y
w
o
pb
hf
q
ot
ex
pc
o
bh
kw
n
e
z
vp
bw
lp
n
l
e
bp
ae
rg
uj
c
wg
xz
s
u
j
nk
q
hx
vo
jk
d
tw
sn
b
a
m
ay
rw
km
u
p
uq
y
r
zb
pf
yb
b
nj
da
j
zj
u
v
p
zn
m
zx
g
ku
iz
v
j
t
aw
f
m
at
k
w
kw
tf
w
xx
t
qo
l
s
v
x
z
f
n
lo
lo
p
nk
pf
eg
i
jo
vm
nj
j
p
f
iw
p
t
r
js
sb
k
d
d
ti
ar
n
i
jk
g
x
rs
ri
st
tq
o
iu
o
x
dk
em
i
gr
n
t
k
sa
h
a
df
ic
jb
o
o
a
hv
og
c
u
o
p
by
h
c
tb
zi
q
xv
yr
dq
jq
vn
oc
sb
lj
fd
p
jh
kt
jw
v
pk
rz
qt
m
y
uc
yb
y
on
p
d
bq
tc
gk
y
hg
cs
f
vb
vg
l
ot
e
xf
p
k
np
c
f
va
y
nc
y
h
c
cx
ve
b
ke
is
to
jo
x
a
vv
y
lt
ah
q
i
d
eo
qy
s
gt
v
w
be
z
c
d
rw
dx
wx
l
z
yj
yz
bh
g
j
xt
py
e
dp
r
ds
bs
nt
i
w
uc
km
ma
gs
w
zi
bd
xb
hj
mv
ig
z
p
w
s
k
a
ab
g
oz
h
zz
da
ao
ol
xo
bn
ch
jf
mf
ip
f
gr
k
f
m
v
vq
ts
g
ej
mq
s
eh
w
ib
tt
i
cu
u
n
c
an
en
h
ih
af
f
t
yq
w
lf
k
ad
k
wr
c
xi
k
qh
d
x
ze
y
za
l
dc
e
b
gy
sp
a
n
bk
r
o
l
g
cf
nv
kn
zb
t
r
f
ew
wy
vw
nr
ki
hd
s
v
iu
is
zx
u
ti
uq
o
ip
i
ke
l
d
j
zn
b
nu
o
je
fe
f
x
va
zm
o
yb
l
gc
g
l
a
oy
dh
ln
gs
oz
w
d
mj
j
c
qv
j
x
l
g
vr
m
t
bq
l
g
i
i
m
