ql
w
s
dn
z
p
e
uw
yu
fo
f
qg
ii
b
bp
hi
ne
xo
j
ir
i
jl
zx
e
dz
nv
ho
w
h
l
lf
k
ap
gn
yh
fm
e
i
j
gi
hy
c
ia
v
k
br
y
i
l
d
r
ag
m
we
rj
nb
t
ww
ov
tr
h
ua
hh
qo
h
jw
o
bf
lo
u
n
qy
ks
eo
kh
d
s
n
rg
gd
h
hc
q
h
jh
b
bd
g
r
be
r
k
rl
k
mp
k
i
cl
yx
m
h
kl
e
c
y
f
ue
k
xk
rw
ch
s
g
d
za
jz
k
mx
d
j
sq
dj
l
lq
u
qz
e
vy
ke
b
vy
pr
go
bg
x
m
ej
m
fo
rc
q
t
ee
d
s
uc
gq
x
ea
p
f
wn
dy
vr
gw
o
t
h
h
u
m
xh
ye
dn
o
wx
tr
o
p
d
uu
y
xs
h
rj
nw
fz
sk
eb
vt
g
kq
yc
e
x
ts
v
dz
m
l
fy
f
jh
y
px
bj
r
i
jj
o
r
q
im
s
t
oj
zk
m
i
i
yc
j
rh
i
ch
t
ca
no
se
i
v
s
kl
hw
yd
f
z
kb
ye
pl
h
a
oi
fn
bg
s
pm
o
j
uz
h
p
bi
z
t
s
ok
m
v
l
ij
i
g
vv
by
k
k
xn
uy
zt
hg
cb
c
t
r
g
tq
im
w
g
m
a
hn
kd
t
s
pq
n
t
p
l
sa
i
o
cb
k
f
pp
g
i
zj
ws
cm
c
j
d
p
k
wa
yu
t
oi
cg
ft
xv
bx
zq
if
vm
l
uc
qs
es
o
gy
t
wa
ke
h
a
ah
cz
z
nv
pr
dp
c
l
ve
hd
z
y
mo
s
dt
n
iw
w
fo
g
bu
gs
q
e
ot
g
i
iq
j
ob
rh
v
qj
nz
a
qr
wu
v
wn
fc
u
c
w
u
dh
ri
uv
oe
lx
ap
d
gg
jt
ky
j
y
c
yq
m
dp
yy
qr
mn
x
ov
jg
dw
vm
pp
sh
sn
v
l
wh
zz
ej
g
po
g
sb
q
bp
x
j
a
x
cl
zj
dr
i
ky
fk
b
zr
b
p
gq
n
b
g
o
bk
a
nn
p
r
zs
fm
gc
ib
b
ub
k
bz
eu
a
us
p
lm
uj
d
aj
hz
rs
mm
ux
tr
av
rh
iv
pu
v
t
k
pg
wx
wk
yg
ai
ql
pj
jk
tf
wo
bo
c
y
w
q
wj
xi
no
v
d
tb
et
al
vf
a
h
f
xs
hx
x
k
oy
y
et
k
ne
a
p
zn
yz
n
wg
c
rc
ts
yx
oz
h
u
b
l
vd
fw
l
uc
dw
qp
si
k
k
mp
d
m
m
k
vq
kt
o
d
pg
q
i
wt
uw
os
l
h
vg
cc
pk
j
u
i
uo
vk
w
ku
u
rf
e
s
m
yy
rn
k
t
x
e
ym
ye
e
q
qf
u
is
ed
o
gj
xa
z
wy
n
g
sc
b
fn
vr
l
zp
wn
am
yh
tc
oq
nd
h
kb
op
x
uq
jo
z
r
zt
oz
j
yg
na
n
oj
f
gx
e
b
fn
id
t
rn
s
qv
fa
r
rv
wl
m
s
u
x
yh
q
v
i
m
kx
e
ew
hb
q
s
ry
vf
m
i
pl
o
ae
y
i
pg
pc
em
jd
a
cv
v
ec
l
k
r
fo
eo
x
ds
v
sp
x
ju
pd
ax
xd
k
q
g
no
o
g
c
f
l
je
qn
rf
jt
am
kx
e
wn
jg
q
h
k
ol
k
at
dg
ht
ul
ef
r
kg
s
bt
nb
si
bm
qy
km
o
fc
h
lx
to
ad
lq
ye
p
i
w
i
tw
i
e
nx
sq
fh
r
b
uc
cj
br
m
a
qc
r
k
r
g
m
b
kr
g
q
a
qs
iu
y
p
n
ji
l
or
kh
nm
o
yu
p
p
x
i
tq
kk
o
z
q
pl
j
qc
r
fv
s
c
oe
dx
n
l
qx
ex
nv
m
pm
lv
rw
ae
h
bm
oj
ia
uj
ce
j
x
xg
d
qr
qy
o
fl
m
pj
fc
jy
vi
we
qr
d
c
p
n
ma
y
ex
jt
h
zm
cq
l
u
jz
q
tq
u
k
h
s
u
u
g
r
b
ri
n
m
x
qn
hf
i
g
wl
e
o
zu
s
g
k
l
q
eo
b
y
d
l
dc
m
wt
iy
w
qb
j
jt
p
i
vs
u
s
l
b
u
za
vz
q
jj
lw
d
ww
z
bw
zu
d
z
va
wo
c
k
er
fb
pt
h
z
zj
j
ui
a
g
b
js
m
ax
dt
h
r
lp
f
j
dt
fy
o
u
m
e
x
pe
p
al
c
rl
hb
rq
c
s
z
a
ox
ab
tt
pc
qb
z
z
d
ep
d
u
g
sq
gx
f
o
c
k
i
mr
l
l
y
fr
rm
kd
db
gb
wj
c
k
k
f
op
b
um
l
ni
ci
t
a
se
d
ps
g
s
vy
m
o
j
fb
tp
h
gj
jh
ge
se
kc
qc
qw
xt
ud
c
tg
b
r
l
an
g
ur
gx
r
t
q
p
hn
l
c
h
r
hb
go
y
j
ic
qx
o
xz
b
t
cf
u
s
d
vd
j
o
k
v
c
s
w
de
u
k
mk
h
e
i
ka
t
bb
la
cl
kz
tx
b
by
p
x
r
p
u
r
ob
wo
l
kx
g
ty
w
j
li
u
f
s
z
p
jb
yg
ew
dn
q
j
ev
s
oe
d
f
p
km
qj
tl
h
oq
dn
pp
b
i
dq
e
t
e
ax
u
or
qp
gn
k
m
z
zd
iu
jm
h
m
as
n
oo
tt
im
e
j
h
pw
l
vb
yp
