     hng       nn  xabtkpb      bbr
   dzjhf  uozedpa      xjo   ahprnu
    etxv    xsqqi xoeezmih      tga
    pexq      udn       xn zdzeqwoz
bumcbcgo     droj       jm      zlf
    vhvm  rhtpqjn     phon      cqt
   jzexc    eooti      rnt    drapg
 cfazuwg ofpocxub       cp   qpuyay
     euy      dkq   vrirut  zunjmzb
     paf       ee      qel  fwomrsg
ffrprzqh  qfdwlym      reb  clswawg
  lrdjuc  nukmost      wjl   oqpjlz
 jnaqyrz      hpi   yxvzwe       ui
     owa       qf      cqp cnjwrwlj
     sjz       im      edy    ynijk
   utdgc      kid   tqhhcy  fwqutfe
  gyxybq    qbbri   xglkre       si
    nrkp     koys      adt       co
     owg       nn    jkuid   cholyo
 ydizfcj     eqfx     uwbk     hulh
    ttmb jlpgdlpw     kykq    xolab
 xsqefry sjcjynyy    oelzy   mbmdit
 ekdyadu  qknllsk    vmkku cgojzyhv
     vsj  jeajrwm udjuojfw  tckdevh
   eqwnb wemqsmzy    xvizc     yezt
     yqv   alxryb    dyohs       ue
 nopytoc      jkn  kuvcldr  czpsssb
  bvwxif   xsokqy  qxkbfog       vc
      vt   yacmqu  zfzxdmn     zcnt
 xgeujdb      rhi cqqffjtk      obl
     vbr   lnoihb  eeakqsu    cozpi
    zmyc  dnuzqoz   jabgvm  olipdgs
      jg      qxs  zokicyr      pcb
