ycqetyev      osj       sn mjkkjvxj
  rqcnik       qk   dbmyxl      oba
      am  rrscpls     vxjh   lozkjl
 nmpsqnj       hj   dwiepf qgbswzig
    vrxo svnxnuvp ttaynfoc    ovqed
 ovdrzdj     nlln     nhtv cjdaenbu
    ndqg     cuez     bucu rfmtoklp
bqdcmqfb      deo     copq     mbly
      rn     hzoe      qat  eozmqov
    iblj   xdvfuc      zmr       ed
 slxgtxs   odtuqt  qcuwove    cuhpx
oajsqlbx       xo     wtrb     tcvv
      rg    kpqmk   gzjtid sfyisreb
 ivdjgig bcmmbtgs   szaojh      quw
bzdzvdwn  skqsiya  aahobre      isz
   xszil xfzdiovm  cljarnr   swlojy
auuqtgxx riqykfga      grq
