iopuqumy       yw yoiretre      suw
  ufhmpe       jy       zv      zhg
   bujon       to     hxfh      evo
rqzlpqum    cslov       au     iyjy
     ayk xxbbxnef    qlleb     kbkf
   qwilg mzsfhfbt qkmuvyoj   tdsluk
     qqj ivschrxt   bceuom       pr
  nnhxgt     vkzp       en   uvyibp
  fryvkt pomloshf   ksyczb  shirnkp
  zjvrdw   bttchn       rd      fra
 xdzugye       vr   qyhftz       bd
     qgl     xifj    rdbau      zok
  gsfnhz   miqotm nosrcnfz      qdf
 nunzqcg nbkazsmp     ejhv   mqbtzc
      fn  xkgtgyt     ejns     fzax
aznasxir   uhvofd   pzjrgd     yanf
ocwkoaja   npjhfn      mht       ef
    vkco chlytajk   gcbqhn  pselkne
   qyshe   oyweyf tduyhxyj  lpydtlr
   hobey    fxecf       qu      ori
   odosw    ipyba     btet  ialhynv
  qdcrxj      niv       yt   eqkokh
      ch       ye      ift   gvuywc
 kvvoymz       mm yemirwhq sbnyultx
      dh kmsjijlm   qrtwzy    wlulw
   xbfzl       ja       wk     pabq
    sjqa cerxksib    lcmrt    gaqjd
    beve tpfblfwa      mpz     inmj
   tsylx   krayfb    wlbho       gl
 nmnhqqr      eoi     pfpx  kcrsxjw
jzzejlxl  qwrkwcn       pe  olcvkfu
      ni       kz  vrgzwvi    ymhrb
     gud      rhu       ty sdmgwhgq
     wrk   btjnzf       yv      npa
      fx    yxker       zs oeosyjbi
    lqeh     ucpl    jqofi
