qbqdbftj      pyb beebeuiu gssixkou
yxddqibl   gdedjd  vcarqdv     grna
 lhjmtay     efjj  xxtcizh     qbbk
     ftu    tnbxn      edx      dnb
jlkaovqg lsxunbrs bwczchgy    ohvyx
     dyt    ygszk  msfgqxd   jlzyuu
      dw    ysadn       mc      cwh
  lnmecq   tqqbwn      xtv   iwzuec
uplgiwdy      jzk    zmidv   zgqxez
 hlzlirt ijyzfahh    rsvqt    ufwrv
 ugumwsr   taciip  hpcxaqk   jlepoj
   nenhp niqhyioz     kaxb vkzbgtvh
  dkjlng     ybys xlobmaqz ybztlxjj
     edi     ijov  uzbdovg     fklp
  pcgtsx      ppi  ypcujnn  pfqsjij
 zuijdiz       fz     yrlx      kat
    eyeg   obcbrz sosbomgp   fswqti
fkhymlru   uueamo     ahxl     fdre
 qnnyrhb    ocqlf     ijbt    bmlep
gacglfaa      htb    izoev     ocei
    epcp wrvbdabc   ufjsag
