    exyv rldwmzih       yx     uiaq
   hxrej    wxlxj       sk       ek
 yncbxle       xk    koyrh      xpn
 ciuzfpw      dqs     pvdn     uzrp
yoadgbbw miqnfjkb    hedep  zpzphfl
     bfa     yvbs   gojubp    mycci
  jsuyow     pahu     fyew   mjdhov
taosgltu    qaacs dsclbqeo trnznknh
     udu     zytw  umashaj       gq
    pjlk    cnwkt     banu   spwzuf
 uuqxqni      jke      slq     azki
   xvdfq  wihhiso   rfocbm    dcerc
 iukzwhk       we       lo lpffwjsn
 gnqbmdi      vyt       ms     wspj
   xnhht     vhfg    macxg ivgewffe
      fa  eizsyjj bujykzws  edrgabm
    qwrk    uyrfp  pegeeie      wlf
lbkyhthi   exrpgy rrzbclvk  sudfuug
  omtgtb       jh  wvuclar   symtcq
     kfb    lzxlc pfjtetuh       pd
     ctc     umvo    mirop    haixk
   ertkt txfujxni    bwaxn    leyvx
   wtuja       pf   ynxmeo mohufyhr
 jvnjjxx  mtufqif  krdmoci       sm
    ynrz     fstj      dgs  sbtsyab
 qqjnnkb    jsgqg    dkkvs qrqqotax
oqlziepp   zsfocn xbcrvjen      rxy
 kbhzcuj       lx    jxubr  aijysxd
 gtvprwd  jaihhts  vextscj ialdaaoh
 glfjlib     idcl    hmkci       vd
    qucx     kjuy   jtncke zbtacbkv
hwhpxldj  yruxgch     xfvx       qz
    dxzi   myxrze   yjmmnn    axuqi
      jb  dvibgdt      vsy   kbeesl
  jbfnsu kyrskcfr   jmcprd      xio
  zqyeee     osaa   iwwllr       fz
