      rf       xq   ktuvby      nnw
    pzbh ubxnfdzo bpxzalnp  ogbvcue
   vljsp  xejnpfm  izsdyix      gmt
 lcfrhpm       sy   viirtf  halztcx
   itgkl nizhahwe       yk       nr
     dxc    snxyo    vwzgd  ozxlcuy
vkzfqnjd   pwskoi     xmxq  daxuyxr
     dun       tz  yipunpa  cewamwb
      dc  ikynlze  miblsoo     tgrp
  ahlovy      ldq   ppwcjm      pks
cqivfjgt     xyec    wnjck       iz
      uf      oka      vpc   wqzxgs
  brylsb jjyrmogr qyzrzirs   qwaocm
    wims   dbvxhc   oshxri  pvqeptu
umnmcqrs   xsfgix      ezn       jw
 wsrlstj      qbo   dmjjjv       bd
    gwnj  emrukae   zwhqws       yg
   rcfqh   baucxk       xt cctmaalc
      xc qpfaefhz       dz       qp
   vhjil    jsuia   nxdafs      jzb
 borlqkf   bwfswm     bpsd   cbovmn
      sw    whgaz       tl       of
      ef gwehwpbh  ydtosxt  fzkubyr
 eiyaryb   cymllq     tjzm   wsgtsb
      rr gqtktrwe  ecshwtf    cbazu
    unvo  fcesoqm    lmfxw    jqrms
  bciytj     fnaa      cio   fnflfv
    xhwc     relq    eeqlx  kootgus
      cf       ui     xjph bdaagjby
 yhvkcmn      kys      arg  hsfrhyq
lzfcidje   oddeuv   ciyjxx  sevvtyf
     qqe cuoxinkt       oe   pisday
  nebrdq     sxxs       kh     fqep
  mxlwhj kycfswph cufbjozk    wzilt
    vtdu       ei       fs oooaivsa
   ssjwb    kqfpi       dk    ougdz
      kr   tvltpn   kqyntc      cqh
    qipk      sqt   ohsoxx     ryjk
  rufgdw    pmbhj    bnhuy shxmobtl
      bk  aytjwkp      zfa lxaxjyqb
    gybi    iohgi fmbpnubm     vibz
     qjz  nbmnhdp   mbmrym  qgbulqt
     tfi   dfljlr  abzfzvc      cea
eyjgaodo    qsasw      coy    zkxep
    xviz   pseibx  yknakgj     ywpk
  kzxskg     gouj  huwriro  jawuvmn
     wrn  capcemb pihhmema     pilr
 jiaxnrv   cohwxr snwlbmqq       hn
 rwmkoar ankuoykx dbixqzjb  dnpgkmd
     nmb     drmb  korevuy    jrlex
     nxp      nkl jymjxpup     icbn
 ppwxbxe       bh   teqcma  mxkzgwa
 sfhqzqq      dfr   dqfazp qihisref
    lafa    guakr     uxev      ooy
vkbidxuv      far    vfvgv      pkv
cpxdketp       oo  vcdikpv vnhajqmi
 uunouzp  ozhdcrv vjlpzahs       wc
  flfbgq hpiikdaq    onolo pvlvmjgl
   vxtjy       qn    npigj       cm
   jgkdy vkushecx      aoi  qpdwfgw
 fksnibt    aqign    vtaut  ioqpcuk
      jd   avdcrg    dvijy
