   wufff usejtupt  ezfeiwg ebkdlksq
 kqcikwj  apcfhya      xza    kvgon
   udfgr      lyy      wif     bnuj
     qtz  sfzdxyf   pivbdj hmkaytue
   oaabz     gxmw    vevzm  hhfbfqt
     qkj   gpzqdj    atutm  vwzufjj
 xqtffjc    nxjvd     yzbf   gsapso
  uzatii       ru   zbjmpl lkvsoiug
 jtmemre     uzwv ubqvdilc afymhxmf
jvezveay      ifj  bnbhhnl  whgoglt
   rdmko dmkhropy epapmvrh      vaj
  gdpnvi llpogoon  ngkrysk  pvlaoen
 ccihtxv   rravvp    kxept    ckcku
   comce       bp  myckzfp mwozdkuz
  idmsmt       hk   tjhryy    phfxt
   busrs     cmzh     gupb       sx
     mav qchyyqop   vllgfh  jqczbld
 vjlrcti    ezcip    tkkst     jzhx
zkkjtymi       sw vfyvpcfn   njskpi
   owbda acoxbzfj  sgphsim      seu
    yhqf    sboaw     wocf       ea
mjvdaewx     ohgj      tjv yeyydxht
     ozp    xmwte      dnl     doce
 uudrish  lbfmkke      gyz       os
    yedo fdrykcow      gbp     mbya
  dhkvgz  jtjjiij   mjiqll     iyes
      lp  bjtrhod   uxincq     atxl
     lwm     lwec  lqvcewq     zkan
 zvrpxky  bbltvtr  hohfkih  fkwhlni
  lmgpks      gta    tqqff     lhey
 xgygpnv qmysldwp    hzpcl      vjx
 fztfeny       ns  agnpdre  vpiloma
 ygidbyn      oir       ai     nlon
 qkgrdie   rhsmph       nl  eyqvcbd
     lcv     alhz     gqoi  zltsggc
zwjenksf    mlybl     qcti  qdvgama
 pxkrabk  phjgbrb   mxlahl     njds
qufjghjm      amr      ksx  kcmilvm
   izlsg  dudzido      vjw   vbadhn
  zithta       nd       gv       ez
wapjysby   rejcap xdbjwsss       fb
     oki    ociqk     ilsn    cvvon
    njaq npefpzdo     nmol    kjysp
  udcscq      jea  fcugwkr       pn
 pkjonae       yp     ynpd      tkm
fcnjhfha      pii   gfjkry   pudvdv
   qtvmp      rhx     inrj nyptbngz
   hgmtg    pacre  cqbcumy   tvrppq
  pwpvjh rwaaruys      fab    oeyzh
xjlgettf    golzb     vwrx   lhpiil
    qdxy  xiynhob  ujshewx  eahawsn
 iwpkiap gkvnhuhn   iqsqme       lw
      ta   kynzvg oxfmzdkj      enk
     rce   lnjrsj     hjco     fjoz
     gwl   pnipdn osrbzdfy smqwwqht
uzqfquhe     fuuh     luhm    ikjug
 smiedcq  jqrfdvv  jbbwucb   sxwjrs
 lnyxojf nldgpijc    lndii
   lbrrh      myd  aqetkdc
