 zurxvlj       hr      oxe   fbnebq
      eh cgbddxfn fahnvjpe   xoxzzn
   nmfhw     ztbq    gwjmc nuqftkhk
   vctsi    ihnvk      znn  lsdpwqk
pxungeqj     bryu   zpdxxa   sqtnhq
    pewj    lmbcr      bgq    biwib
      ku   fdrwlz     vqux     hpmq
     dcn     umxe       iu vysookkx
 rwnwxbj   njkwil     giun   kkzaou
kzeaemre      arz     wcws       cj
 kcnezhc  luyqknr      agd ltllovwl
 jgkqcii     exjh   xtrimf    drfak
     rhv       nh  sxgnzcd uwkoelxg
   cjsqt  pvvgurp  cyztmas
      xm      gii       zu
      aq    zbifa zeykkvbu
