    ofae  bbspynt      ay    inklp
 rmtnymp    tixmm    kswg gxqykija
      ns   xupcnk   bupqc  xbiotwv
      uj       vq     dsn kftphnxc
     ofn  zyodscj      gt      oon
    omuq     owsl uacishe eqocwgtp
atheiihd       dq    igzx      hbw
  ocioci  clsmfxl      ke       pl
   usmpa  vqdsexf      rz   qngyvc
     msw pyjiolgq vqnjcak
 ervruuv     lsie   byshs
  nugzna   wniita     qta
