      vr    auhec     nrcw       ot
  grcnqg  ahvtneh   gtdrzu    zrucq
 kultign       zv  iibohds    olrai
      qz  ffkdruw    hhmve edgtjquc
  nbmkqv       jj eoopdacs       iv
   hfbyt       ji     vfrp    khjik
mhjlcick   tlpceq    vfboy    jeikj
vehemilq    qydnw       pu     cocv
  acnefh    nkiij   zrsptl   eyalwb
uvhnoojt   qvgqdy       gi      iib
      rt   pgdyyx       rs    ukhlo
 nexawem   djnefb     iscq  uaedynm
    rngo     vcee     pfxm  dtgsaer
    zxwg      gvr  alpeowy    mafck
      jr       qb   mduokj  jwcjdvt
 ovgjdnj       qe     smfw  fiolimu
dxrhrngw    kqtaz bcnvrkgl  cyyldbu
ajqclemy    mcofo      xgu   aksgwl
     ltg     jdsz   ulufpb   szehrg
   tbwew    ccqce     qmli    tzhfv
     nfe      etr     fjny       io
    xkop      jcb   hofhsc vvivmagh
  tydjdh xvjfklxy    enkew gownmbfx
  hirkam       nu     ohai       qc
  kytnpx       jx     dtga  gkvheey
     qoa  pocdvhs  xiuqatf    dexkf
     zxw   faqopj   mpuzgm
