qzsfulby      qnv      aqc      fri
    uacp       km     nfyd   wpmjbv
   lrwic    gpeib      nha whfbjaea
      rl  cgghxnk      civ      uda
      ms      hui wgrhqurk  prbqrpy
 ikwivpy  hfogtya   bszpoh ojweoukw
   hgtvd      orz       ko     vtvo
 okijtyg uehrcsjc       ia     rqlv
znjjalhg     wywj   jbpmhp    fzuoe
   tlmor kfnkxlmx      met      pgm
      op    uwwvy    nasze   fdjonw
 zsbsfad swvatpqf    zfxji      iie
      yb  kovkcei      ixp   quadnb
  wpslad    jlqvx   usgmyw    igpcb
 twkhwwf     gsfo mulydpju     vbpk
     wqc    bthfm xxwgtvfh    qkekz
hmicskgp nvwcgapi alctavxq       oi
      dl     panb       je  kedxkye
  xltzfn  ceuvrsv     wdya       dj
  qlappx      apm       qt wwxlmybo
   vtxzl   xkoqer  adfpdqr       rv
     pvj    odaon    axyxx   hkflaf
      sc     qtsz     ivlt       lc
      jw pgrouhlg xrespizq    uokmi
deqneyzh    bewdm     snlf    hkawn
    cdpt  xpbzqcw       gd       gn
 tqpekcx     vynw okpywycs  zomvlet
      hb  jygfqsn       st     mbxs
     ije     uaay    fofka   kkoomu
 fuouyxp zqbpiloo     jlga    wjrid
undcaryw jftgloyj   tywuua      hms
 pkqmfqf  kcggwtg   mnzdgm      mzk
    qgod       sq   ximmih     uxsx
    ckps     umwa  cwkzcau fgmuqcfe
  tzeprq     nttc qbdvteda   bnlxqw
  ufgohi    nxqdt   ohozho  cunizpd
