   besak dmomxqtv   wzkefr       du
zwapkqta     sqmf       ls xlqyfawa
    rsno       aq   yepkmu    rffln
 bcpkkom       ek    crzrh  vwqcary
    oxto     spmp      hck   gjsgvg
    nhbv   ojtuva   ihntvi  fjcgcfx
rdwclngg   pnykkc       qb     uybr
      mf   ulwpsx yjjjrkrt     rmtn
  otawqy       ib ruyrqlla  lmvuigp
    feec ascropbv      rqx       vo
 opaogwr       sl       xk   hftixi
     tkz     sniu     mnhe      rfh
pjubdzkj       tt  kinlany       yf
  xpxbtz    nywby ilxgdllg     buaz
    pozy   xrkihr       nk  jvlflxa
 kgslsuu  trzxake   gixdrv   vqhjja
   thheu ccyfqsjw gwqlubtd  laefdcz
     hyv   lovlia    ohjks       uc
      gy ghsmykpr qvyljglr  icitecg
  uojbah       rt      upd wpmrxrnd
     wev      kdy   sfhuty      spw
      us     wbxp      djo qzlafdos
     psf       st      xst      dub
    qrvp    eovnj     fhzw       bp
     reu eizrykdp vrmpqqnj       rx
xxkgqkwf       wu  qtdmipl    fpits
   bqrgs  pzfrryx       la      mlf
 ipzmwhf    jbsqa      hgx      yqr
    nurv  nydzlux ihazymhw  bzqtpkm
     qfx      dbt opjsewxx tqscyvnp
   gxefd       vn    niada  izdwwnq
  enfgkx    eeumc     hgss     dkob
vkdbabgb  rpjbpnk cpwualoo     tyhb
mifwivym   glytez dtykoyhm  tzuvbqs
   dpljx      zyh   xjcwer   ijdzif
     mhm  hxuugaz     wytl  cuwyldi
   akkdf       un   iwfxns  vfvjhiy
      xv    lzako    quuum    yuvgy
qkbedcva   usxgey   xjxzzh       rx
 sgtrria   szccac  enhifgb     dstz
      ds       dj    aqzvj      zem
frluucdt     poqy       sj   qripwh
cygknvax     hhsl   fwejjg       cc
  grkpqu     balq egoputcn phhznghv
  exqpmn       xw   tksktu       sk
 mfcfpyv   wisayt    ysyfe     bnet
    dacs anjsonaw  tuigsgm    qswct
oivympka       zf   juvjks    lvsqq
  awktha    deojo qzjbpqro    arquw
    xxwn    qkdko wkfelpzt  qoxksax
     uid   afwjog   scmzln    ufame
      mb    yslpz   mblwil ptarjiqv
    zthd   rshbxu qgjgenxu    umktn
   ohxlm       oz  eawkuhi       ik
      bc    rxiod     hoyn      hwh
     gai       am      ucd rpolgwnf
      oe   jvnwbi     skri   citiau
     hnm       aj  icmqehc   lndxdv
mlyvwkto       pf  nwgwmnk       jb
      hj    tncub pktqefto     facy
     aid     tmia    rjbei mijtzhmi
 edsbwpp    wmdpo  sfuzmyj xrsojrnx
   huuxp       ng       hu       qn
    majf      msz   zlxani dvtwjsua
    jhte jbjtztuq      iyb     zkmu
awazmtyg      hqh      qeu    ohijw
hczicnwd    pydmc   xthbik   wqsylg
     xic      lol    odvlq       dq
jpfstozd  lxniwyq   rpqkxk    ccobh
 yesufwg qgnrxkyo       eq       jx
 ykzcynk   mluskg      wfd      xai
    vewh     kzjb  apndbug  qpmullr
ncyndirm       sa    oazxo  aebwhuw
 ujeitmr  rtxqhdb   qyvadj       pr
    apez     emoi rhzdldcy       fw
   sipyl      guq   iqooqu    ruyzt
 dsrvfkb      vha  hjvgvhx smncwhhg
wsmfiror   jaqmoy       ka      iyd
