    bvok  mfbukib    rxcxk  tvodafk
  tceimm       xb     buto       fq
    qije      oyg ioaogqub   zphxee
     oik   aiufmq       bz       sq
 ojqzgfq      krh     mowr babfxkgp
    hztl fttavafr       qw  ddtrygg
 yfcpmcy     sbkp     xiwh cpjnhpdk
      jc      mzi  lbrynhu       vm
dribqrml     qepy      goi  kheqcnx
   zphfh ulcnvnzf     mghf ngwsfkmi
      ha   hsthof   rbgcuq    psykd
      qr      rkl   oprsmx   ahcpbs
  kafajn  kukmysy       oi  kjzvtcr
 uxpntss   odwtlk     xbtr   gwfjjc
ixgmpigk  djkxztm      vct      fhk
qlwqhiwd       va       ab    nqfse
      pk bzhnddxz       ut kegfpanu
 ekrhwty     adng     xdzx   zotgll
   qalsb   oauexv     xppe       uf
 merbmjj       nc       cn    zincu
   lknun    yjfru      vbj qtwkpalk
mxkejfds       jr  nxjckmb       ty
      jn    wpcik   odezzt       sc
  qkrwik       vx      swo   tvukmn
    hvoy     vpdw    xjdsq      gtk
     ffa   kibmxq       pq     gxph
     kfn  hqumhvi       ii   xptyte
pvkwyeol     jydr     aiqm
