     aoo  aojnoil   jnhocw  ovkoxo
    iwwg     ywyd   ffvaif    eqqt
   fuiqu     zyyr msnifzqc    tycy
qnsmdznc ginwjghn     bsqr      ko
umbizdmm      xtk   xnytgr    jdib
      na    svqzk     uich jhypdqm
 zegeowj gednlufp   cixgoe rxnhvnb
      in nfkrmuxf     zzem   ewlro
 bmjcisi   ilsebn ttkveaty     krj
    unst       lo    ixxem  dxxiyt
 zpwgyzu       el   wxrlvp   hzuem
     rhg  eokqutf      wbx
