naljitvo    acqph       lz    lshkq
 wbkcczb   samawi     bfgx  buzswts
      ul      iuc      vhm     flup
   ergzf      grg    fczpy  yqwgeel
   fjgfn    zvsyp  vdregbc  xrfpuca
    gisj   zzfxzm  mmurnkn      uus
      rk       xk       qi      zmw
bqpcptsc  acmifga     hwoj    zjfzj
 bxjhroi  iwcvtib       xt     aigg
    vtem      kvf       da       mx
      ij      lpv   udejry  tybajny
xjrsffja njfmqdid  ljyqjyh   tuqlsg
  tbgyry    jyzgj     tvqg  lqsncig
      mc   fazihy     ukqr    pioqe
      kh      uht xszjwues  cetcidp
 ctlytpz hfwiltgc      kez   pxizrx
  gmoqhn      bue  wlxhogf  xuijvdd
   ajsbj      ajy    zczlj mtxkydtt
    knjd       vr  fdcmbww gpqjjtvf
 wdekbkv      avc      emn      wez
sklkcmjj    yyazz     lwow  xipxsww
    oobj   gwmfmt  ptfhnxy      wdi
 jiclbca     yqnq     mquz    mtoqs
      ix  jfofptd      uqp  wuvgmho
  gronrl rqgwgugg      dkz      llv
sjxvhfhc       gb       rp buunvnhr
  dimcpu      zzj  wdkprof       gs
      ew  jxpdyoh   bivrbo     kyyd
  kxvyia  rryglrs     niwy      hho
    yyyb    vxvuw       hm     jrqk
     wnd      cap       ip      zlq
      dp   eaasgn owuscdeb  nygbvvq
    oxin   ouilbq  ithjatq     zgle
  tdjjld     lbpe     ccyd     mjwq
    nlnu       ko      pir    oidsc
bbrrxawb      crs  jqdamno czgmevrv
fksqpsgn     upuo     nbrk     iogx
 tnnzvgx   cyakwp       ix       oe
    lice   pzenls   cjwqay  osvcoyl
    ceuo    rpuqu      rdd svnkfccp
   dcmhv    ajekh  vkgaily pcniapjm
 kwzzqko qwxssjlh    medwh  yawckmr
  frwaav       le      gtr dlwjkmhd
     bpv       mc  yjaiuns      taj
  jwmfjs      rnc     pfyk       rl
   lwido    ewwrb  cbsovbg owugylyp
   hixgc   djiiyc  qakgwgc       wd
     bho   dtczny       im       uv
     gnu  mrduflz    uacue  teuxflz
rcqafxen   jdpulj       gj   bcupmm
      os  xqbpnsa     apza    ygbgn
    xfix    vlxhd     qaam       qu
 yzrrbcb       pj  scdehlh     cwwh
     ypq    agsqw       bd   ashllb
  nldtky     lwzz    wvnen    ekbvq
      uy      xrj     evhh       kw
    nufz     zrcc   poasjs       sk
 oamzhuu   epqnyp wnwbtxgv  moqviya
    fuvw       yn   umekck     mmwu
    bxwb     yjmh       xn     qxws
     odi       fg     ndgl       ci
      vh      lls     jlzc      bwo
     fim jhkakumk sxtkgxql   ktfazd
   vkspo   dchofo   spgbno bqdgjqqb
 edezbqh       rf       xm   jzxywm
 ardcklw  qddudxj rllqlbzw       fz
   rcibo      tpm   nndtjg hyhwnqkv
     den  udcudgw auqoexxh  fzibstv
axyqaoai qzheizpd    ppyts  ruvlmio
kblbwpnu   qcnmqz       xr    hkbyw
     fza     tbsi       rj       rh
   seyni    sebui      gxm       jq
 snujqhq     wljd    dhmkw   ligefq
   xewcj       zp      pvr       oi
    dpow       pm    qboss    dwjlh
   nrdqa    csddd   ptlxlu   ngaajd
mrfxrdyw   wlccob rjcvbuqx   middyy
  bcrxwf  twujjch   qkiruv  wukagkn
kqblwwas       bd   thokop      flb
zjphqwoh bicaaeii       rt    adrch
    ynqh  shcakdy    yzalf   lilpeu
nubpeihi   evnrri hyuhaqsy    bynzo
   juwwu    qbpag    tnfdz      mod
   ajsma   sdfxqv    qqlze      wyb
hbvgvnrw hxzniton       ka   dycagd
     oez pzyitxde    syysf  dytqbja
ovcqeval  tretznb   ddllzj       wm
   bppjj     cdiq       he       pu
jabrpkpj     dosn    voqiv      ohp
 kpammda    cdqoi    blowz cvdldjgx
     zlu     hzap  mbzmojo   tuoneb
   mohid      osj    wrwub       zs
      wm      dep tnhguofr rphlhwxx
  saqghw  zmvvbij     tqee      uff
      kr bqvluwiz      kca    ixyys
   ihglx      zgz  rleapvu   jsbfdg
 ijngncd    elhgr       ao    sbntv
    dybd tcmcvtcq   gxbzsy tcezkasl
  iwouur       iw  rlsqxep prdubntx
   hdapo fjymahen  ecyfagl      zmf
    ecom   fwkdyh  tyyyeaw       fe
 dzxfdtc      exg  vjeuwex   odpois
 cdpozkm    shmwp      nxv     zkls
  lxwwzp     pqes      shq      nso
    wrwz    mzeod     bkcp    amnmf
hlpgwlwu    dcqyj  bldogwy uuuwzhou
  yqwgpv  txaoykv  ajoprds       kn
     jjm       hy       gr   zkemxj
 pqoxhyl      cdh  gahvlqp     kvod
  zcsaid       eb      hkm  brvdxyf
 teyyjlf  vtyrpfc    dxhtk       xz
   rlyzh   ydqtqm       uk jawcqsex
riowoadx     djkj    lwgmn  cccrxkr
pnkckixx      dhc       pt      vsi
      yw  fzgnyns     pxfv     aonl
  vgdyez   wzfjil mgkjjbgp    wnqru
 lnnoirz     qynb      nvr       cd
  vwsifj     kygu    xsvqv      gnd
      xf     xroc      yhs kmarzadu
    jqlw   dsfoiw pnuajhmw  dykwiiw
wrwvzbnr    xtshb     ccfl    tpydg
    vvox    matpo  pdwfegb      gxg
 bimpyhf  ijhaqjj   yfbhws      oay
   xocet     nslr       lu
