    vlli     bwj   eybmtt zmqnozcw
    goxn      eu     dodw  xkrbynw
 hqoqbep   ljxfw    wzqnv   jhuqmo
 hhacmlt    kryc      tho     vrnj
     tza  vrxmnk      isi    xurwy
    cfth    exsv    noiuw  lzpggsb
    uhid  maonqv      zzs  ttduyep
      ef  ssvpqu habfsqfd      gij
    cbsb ltdkvaa   finvbi cqfyzhrc
pwcbvuhg      mo rbdsryqg   wbdtih
  vfnmpy    kmdm    zgknx      ied
      lt    prpr xifyckwj    yrija
     fyb     mpc      ftp    upjqq
      fs      lk     ofrv wdtfidox
