  olsrxq     ojgq      uzk xjyjbowl
   yadex  mqfiaoy    updar  uoyitgb
 axdpadj   uqssre      jrx     yydt
      fl    cjgzg  vfowsgw      aqu
 pdogggu  qxaztsg   xctcfl   pagpkn
  aajjzd       yr    igsut  ilgzfme
  ofjsnw       pg     qtvv     pvbb
    wezz      eyk  olvijyd  yxcfxgc
    wugt  pvhvtjn kqpmgggu   lekoho
  wccqbj    rrmsx     cqzr   zrjtve
 rxodhip nyjphicy    qqwsx    jtkki
     wra      nzh   yczdri      oqi
 lrjpjuu abjszekg  dgvplyz   eqcqtb
zlpnfvcg  cfiulpr      kyp  ogrgpjn
 gajgihd       vg      jiw      hme
 lcmaomv  smdwebg   dbkmbx   pzlcvk
      am   pddsmv gnztyzqo    bsdlj
xwasfcus      teb     gdcv    qdvvc
      xu       wn vkegnbyf    rhwhw
      es     bjif       yg uvdnlgvb
  faxlxv     jata   nwbufo    mhmaw
  kvrlof      fki  pxjwahs       pc
iskropar       ag uqmtgodt    ievpw
     gcq    jerhc       jd       ko
     dpn   eottvq   pczltp  llsraat
dqesoovl    vbiwe   zxvkab  bsmrtjl
      fz sfpfapvb       hd aacujilz
   thpev       zv  guuccfy       df
     emq  fsyvssl  joiwmpu      utw
   vzjbw     lsbr petrbjqy   ipcepa
   rmhbe   wojnyy      utj   ubhxij
      iw  pdwdfce       zi      neq
    hwqd       mr       ho vokcfesw
    opgf   pkclxm   eykjig    fjkpr
  tvmxbp  kgvvtlf    ykefw luiffjes
  wcyyog   djydnq      uso      dai
eeoqxbkf      nsz    aytoq  herbvxz
     naf    osdbw   ortjjj  cyevhmi
znosvbek       bn ozqjpogb  zyaudpu
    cdzq       tt       kh       ez
ibqlqzce zeqgylpv dwnwnvbi   ytukvo
qooxvehp   mwjxyo      akc      bjo
      tx ayhwgiwc   bkaqgh   yrxlmu
 otjywqx    ahfaq      pyr  zkavppb
   fvmip     wsuk      tle lckmlmtt
nygedvqv   nlijck      aap       sy
  hauwic     nosk     nnbi   bbgcli
     nvb  mvprfso    afvzj ukleoqbl
 efeqtkm njmkisgg     sfwz    qejqj
  gnqjfd   dghxeu      ofr      cir
    lbkg ncxsloue    hjjfo       ye
  aqkuiy     vpga  jwvokqo       yo
savshuuk    vcgjx      fdb qldaaybs
foegwfmw   vusebe  gzsapbg    jrxrr
 zuqulnh   ijffmp    sprbk zaaifhhz
    rzoq   jllapo    tgvgr     lkyj
     rnh    ysifj       fe     fwzr
      ip       ic      kef    nuqiq
    dcub       yt       xx      gio
      er   ntvhyv   fgvgur      hkt
     afg     ugrd    pcrju      zzo
   zazkb    pkppx     vyjc      ykg
  yshzli    ancwb      wgg   jzclam
      tq   nqrers    nxncb      zxa
    ffkj enqkgeaw   gcuvoz    xtqha
      wu    drbkt      gcd oxvehbzq
  imeoij   filazm  tjxlckc nikxdklz
   smkpk     mrbm   vdudda      apg
  jxxyub lryydgbw seatzqga   phvaur
qilrlnzw      xwi   spdnld   euzevq
 colbazc       am     cwhl kzkxbwwn
eqjjcbcr      erp pqmueplh lvcjcrjk
  lkcato       dy pplnxbaa  jibaijt
   jtbky    cvaxg   ymmjcd       nx
    adph      iag ckioyzis      eby
ocajeqwq     jsbh   bulela  eyxyivs
      bk      djk   uztvsb       ax
 wyrgmut    gklef     ezou      sqx
    cary      uji    rmrhc     wzkw
lgtwfcfc  eblnsjf     tnow       fu
iqtmasfk   tcwehk    zcwot   dbornw
      us  udrmgzl      jfm    fgrid
    ufft   tzuekx   hyqrgd    ouwtm
     sok     lcxz dchcbxpq   awfavd
gavntxpi      ufe    kudvf      jld
    ddmj       sf      zhm       bd
rvdtqgkz   kuwhlm axfovnto      qtg
     mtf   cmngco   qksvbs       bi
   knsmu rpqrfroe    xztrw  ccpfbyb
      qp      ajf  bzjdkmp   bphleu
gbvzonvb   yfptqn    opaob      jrz
   ynjlw      piw lbrwsjbz    cybor
     fsk bfavevjh    nznnb  tpkqnum
zpnrvqiq yqrnpktw  curzckk    luadg
     pwj   rxjdhx  nhwczaw rjgltdpe
 gxsdsau  ubkxzxq    sisix    qrddv
     wjl       io  gvxfnwh      klf
  jyvolu  xfcxlol       gc      cza
abmkecge    dqxmw     nyzk    vqgfs
   ivzmz      yei       ob bazyyyhe
    nwqf      bzi      puf       jv
tgxdebdo       eg     posu      ydn
     jmt  ctsncbn    yfwci  zwlsjsb
     oql  gvpohcv   pfzito    azduf
 ayxixlj     degv     pogr uzvtctev
   pdpiz pytwmzao  lzpcnoi     lqlm
    qjmh    qdfui       zb       ty
   uumyp     ebrb    knrlq   fjjyjt
   cjhgn  abxwclg       jl     srdh
     nyi   tjhaog      yuy       wo
  croieu    wbxiu  prhfkys     njdw
 bngbang     suli      ykm      tpa
      cy     utxd    airab    tedkr
    tfwx       gm  ajjrxyy    wabne
gvouxksm     upts      rvb ojpfrydt
  lztxey   xpvdfr  shswcca   bxzpse
  yphims tgceosdh dfmrzuvj    vugeu
  qtgxku    mhqjr   luquuc     rgqr
 nmaxxbc gqjqgmbu gvfhfagf   fbufqk
    dgto   dnygsn      ttm   cyctuf
rymfoxyy  agkiuwy    ccnis citaauqh
      be    wgrbs     nxex       vk
 buqvpsb  uamgcmv      hdg      wml
    qajs    gqvlh   gfnuai     vfff
    tlpz    jrzcy      ols  kbpnkdr
   yulxu   rfsxqs jldudugz     ncsh
  hwstwx   rwccpo      iex  twrmbwp
   zuvzr    thruo  ruqttnc swjksfpm
   hfvgn      wyc  yjqivnm      lqg
fafczvre       ds      umi    fhecl
 zccqtil       je   spezya     dawy
    jpqo     oigx       yb keurbxvb
  zpuick      ogb   rthppb      mlo
  wzzudo    whfum   iokzeg    gicrp
    kfoj     lgqd    pklpn  bsdxyoq
   hpfie      jam     gefs       at
     ldc      dju quysljcd tfgayyve
  kkdfnp       dx       on     tdqq
  wnlrnh   kzvcjq    widtc    ubxqs
    toeu  rmkcube    fhxym
 qctjnxe     rqso    xorkm
