     fjx    cznzm akdjndyb      zew
rlgogtty idqecojb  fuirmrq    zqvsj
   msvof    nctzp   vxjkny  anogyop
  vytxln klhdgfzz    emdli    sngjv
   xehfh   vutkzi       gg    hutgq
   xkxgv     txhn  oyhtddf  eqxuudg
  vujfuf      mgi  wdsqddy     gxaw
  ornajs    cvczu       sq bnvhvvbf
 xpnahsg    clxuo  iekclvv  bhpuarf
    ymiq mhljcjmr  xojrkvn   jtwirx
   atbuw kqrvjvpm     vcdn bzuqeind
      kr       qi    kowrl  dxsszle
 uyaitxo   dbdhrp  faofrkg       po
  rompyn       lp gxwjjwqf    szven
    bxpx      oom      vxd axkezvse
 gatldmh  wocztrr   jabnku       oj
  ojnwww khsnwsil      gpp   hdnpqy
 cqxviia       nb       if     dpym
     esl      lzh      iep zanwadim
   dlhyz  modpype  knibudx      yzw
  tqevhd  fxvvpfp     undy       se
  vvwnsp    rwgsw     lbij    jdkfc
     tod      aks sexgihaa    ffxwq
      fm   csjrfm      utm  qnomcyo
lqnkuvyf     lrhl     plse  vupnpns
  dcsayx   pysgqj    dfcxq    hrytu
      tu   lkgqrr      pat    avddr
 wftyskv     erml      fwr  jwcmjqz
     brn       ts    keley   bjbyds
  typoqe lnfirkdv    rdrbt jkunkeat
  gbnubi   zmkhjm      bhw   wscjub
    ofse      rmw   kczpsb   chljwx
 jjgawja  hvccehe    scgek       ds
    cqth       gn     razq    letlz
     xbj      jdp     udfd       yg
     eky      ihr   cfoeac    snutd
      vq   uwilrz ayypjdmi   qxawuf
     kqy       bb   wgusxl hkekhbqh
   ygoqx     hkzh  meqhkjm     gmhg
   rgolr  rncbfak  ekbhglu  ontqzpm
  jbrmld gjslqpgt     nhvw    nmxcc
  piycjs      got    htpty tldewlpl
     hgm  uhkdrtd  pnqcyuw      irn
nzkizrgv jbpdniik   afnaey   znbwhu
 sudwjjg      cji      izm    wrhcq
     zme uwxouaer  ldkvnww   geefsd
    qpoa       nz       fv   oaztzi
    eijo       se mblizdrj   apwzla
    ulkp       zl  lkigmfz    ptdoa
 okctjtv kqhrlhcc qystvjbr   utpcza
wvkdpuog  pqkssvu uyoppmbo  kkegzco
    vqfg    wpvis    otzna     sabp
    iqwr  yvwdsha      sce     cwnn
  vcxglh   zqmyur       mk  qpixgez
      sh  zteprwe      dow      bca
      vc       oi    gdvtz      xcb
      zd     qyul   dswmtn  omehbkk
 wykuphy   hezxms     etvg  wkqopfo
    zxti      cau  zubviwa       dt
 yqawwtk     dqoj hbyyakjy txalnwww
     fvr    mmvda    sdtgd      xhf
  xsrrsl    iljln   fkvetm       vp
   awmwn eqcmhiob    jkabj   zjwbja
  cktuus  utwiorx  fdrnxxp     gexo
   hpkkm      xyz      yic  uqdmujw
      wy      jpx  ejfkriw    pstyw
ukmigkok      cel    frkci     kuko
  gdqeyk   hdquzw      elg       nj
  cgepbp   ynsnui      tfu    aoifr
 cfsdihs       yz   icwsfz     mzom
vkqsrwch     ljdh    exwtw   lytzxi
 akniqes  gscsmgm baaiajre  aanmjgz
      tm    xrpyj      rxj xnrovuwo
xsvjpczj     jlkk unuycohc   szfhgx
   mkbll     bhug      azx      vhx
  amfpwu      fya yluexdcb  fhftxpu
  vcmftz       cq     ivng    gxvkn
grmvjyqq      xih   zznpqe  docvnip
trecccku  qmholis lxusepjl  xcphqps
    lqvh     hyvr      pyc    waecw
robkcwwq       gz       db   pvpbhs
   wbbtj      bpx      zac   uqtmox
    svqn ppnqtcxi       ak      gea
 kgbkpgn     vmbt  eefxjgm       au
    eknd   zwypkb       hp  vqkwhcb
   kzdtm      ubb      lal     uqiq
    jpor      rug  viypoqp ztbphhdg
dwpwajbx    pawww       oq       kr
hxdxuhld     dlxz  lweqwgx   ceszfe
    vguu       iv   ogthpl   kkrogi
     dpi      mom   exmyex   lsrvwq
  sjwuzx ksklzwqe  czkecdb    otvwt
      mb   gbsxyl  thmgael voitcejc
    kazy     tjew    ytlkp  zlubvtl
nmvcjzow      yft  efmmpdg       ge
nxfxlihz      eri     rmtk qdmueplm
  ltpuof     iuyo  lizfkpc piftbqkw
  evwhwk     uvzv   vlypah  wgvvcpx
    lfkx zzbjudgn       wj   towder
   mbzew    yzpoy       ki    eklju
  lfyasz       qy       le hxbqgxeh
micozatr erfjacfn   qyztwj   tnuekn
      jb      qft    pnwyd
      wb     zwso       rx
   uoxou     kcqa  ckyjftj
