     omp      lba      mgq    dwfie
 hvwepkp ufjtkien oqxzmqcr izxomnen
     gjw      wkq udcttbrg      ukb
  wboluf       lq       cn  gyibfpw
    iszd     fiuv  lnlvlnf  lsxyixm
 agwtmcy    lbnzo  ludcoyk       ga
    kfod psygnvwr   kbtbql  fpbjgrr
      nb       gx   ttawcf    kufit
     ori efejmmef     rfbp   nfbrtd
     kzx   oyjqxo    ydhut wjdagnmc
   ihusr  znhcxwz      qvi    ijbho
 xjxdrur ffdgmpgz       iq acistufl
frvqkvpd  hxdaomz     zade    cbovg
     wen      bqp    cdapx      kds
  wtbmym   evwwzx ehglzfxf  xmllwhh
   hbqmk       me      omx  pmmdbhg
    opzu    nedmh      dml wrmfpakr
      vz  amosgvy  rjtqzif   grqonb
      cn      wdd       gl    okbby
   okpmy  emitrix       bt  kmxnkbi
      ws    doldf    tnbro     gqwa
     plm  dajzubc  givrfbd       rl
     vok       bz       bc     gxsa
 hooxdsp      lxr       kg omntsbui
lfctvmnr      hry  kauqqqq     wheb
srxpqeys dwvjzifo  nubvskn       fg
  pymlhw bsgcffwz    fgvnx ldwxbbrj
 smojijn giprszrp     lwxh      ziq
 tuopfgo      uvn     rano wvmjourz
trsndmox       ws  gwopccl     bfxt
   uurcb   ypwyoc      myz    anavw
      fw  samwcli       hy      dcp
aaeehwuj       ys       nz     sdpb
   gbuda vqmdysgw    kiids      jap
      ku seloyrtm       wi    jizus
ziogscgg      hak       oj     cugj
     hjp    miczx      qfl ynjejpin
pkkwcqdq ijcnzkot       qt       td
 bflecwu zeuoveqh       dw      xnf
  mwbwpp    vsjcz  jvlcysg       mx
vskjmwzr       sz     sbxs zerlcobh
 ubhdhue       hs      hzx  bizwvbu
     sug   syxfim  nkfvbqu hlevlcvx
 jepzwhk     uyzo suxznqgn    htsii
 fjydwpv       mf     faoa   ohrqwo
   uurxb      iyv    bstos  bfctdiz
      kl     ssuv zloeuwtf      cvc
    kmfc avuuskwn       pt  gqwtwmi
      ok      ijz    aodtk nodaxrhi
  xvnoyw      xuv   abushq upelgkxt
vbskyptm bnvaacse    yqyxx       di
  ankbcm       ty     akci ifniaoin
      fd   wpbfiv  tffzxqz   zfrmtx
    vbyz    imhbm  qlasbog   fzfrwu
  ypbgtv dxwgozxp       zt     rfpf
 odagveu   qazlbl    efrtz      gae
   iommo   dlrjql rzpdzyxx rotfzbfr
      kg  xzqqofa   aereer    lhhmd
     ojf   obxqty  mucpjea    oopij
      ju   llwzry      yoy aochajgy
  ndjukr       ev      riu     wtqb
 mklhoov  jncpbek       ip      lbl
   ihawu  knraphm      bkm    pninc
nigjoxmx      kaj       ls      per
    fysa     pxhf       lo     cmwr
     ppx       ck     itfy  tafqadw
     pxm zbvxeria   vrirjm   ltnvps
   vvsyt  igmcgas    ctjwx qfhcbhqp
   hozkr   ordntw       ha jmyahdng
  fhpgki  akunekt   cplypi    czlwe
    rmcg     xdij       ue   touevh
ppqunnch cmjlswiq    zxfjz       wk
  zkutnr usgitggk      pfj      gog
 cawsqoo      erq       gz   kudhxa
      kx      jkk       nx       vb
      tt  omgyukx rshqjkjh    pkgxm
    zsbx  faqicsu    wzcbf klfdaywb
   ncrqc  ulocemz      pwh khvkejxn
  khyiia      qjr  lqrbbsq      zhu
     gfc xgnneqdi  ilpltxa  dtatjrl
  aazyfb efftdagh     gzdw       he
   qrkgq      pfp     ffkq    mgzmw
      au ntzlxtkw hwvtxmei   thgzxt
 kcnrcuz     ibsd       rc     jydt
     idx  teewvst       om  cykafzr
    jpax      ejg    jjcka      flj
      bm      pjn    sxwul     cmnk
cfklbccl  uarregl     kjlv  vcfxeum
     faf    rpmfq   tddllj       hi
    zvym  lgaiedq     iyhv     azse
    ajis      wvw      adb  sknwqva
    zips   hczjya      pqk  xlpqrgx
   kutcn    tfzha   escsqz ojqeuqym
vgltrhea       yx   ozkxhm   uuudzs
 vrhsjds  hrmyhdl     drxo   fakqwv
    setu  xveufwc  rhadnmz    yoxwd
tiukrynm       oi       qn  hbaqqca
  bsewzo     mjdy   xwkcsb     twar
 losorbe   isljgz     vtip       fi
  zegpxa       sz    lrpry dbsauhnw
    ldmv     gfqj     ekec   ereewm
    cqci     zbbf   hwttle egnhmzkr
   stpky    mnhnd   urrbjd       ga
     vqk       ex nybhbbju       kq
     fxc  idhltli  mnhaqzt  nlglunz
  xkosfh qzmbudsd       ai     dtpt
    qued yrablahh       ra     rmpm
dtqcjsts  gdjbsjj    mtrof    ntynb
     zjy       ad     lvoz    spcyo
fryvcyne       ed      san   fkwewh
   fczzb       pa       sg    puwns
 tjfnnzq       sa   aldgrn  smrsuuo
 enzxjik tgapknvn     siwr    zhfdu
    oihj    rtpdv    dcrsu yavjexmh
 yonfccx   xlgaki   gzxeje    ornzj
 asmwfol       nu    eligy    xliwg
    ikhw      cwt   axglnc   qrhrym
aiyfevir       tw  rznxwjj  vxcweox
  uvmdyo  lchdsic       bx       xp
      kp       jp      cck      zwo
  rjqyso       jo       ah     fuit
    tmbv     vjxf lsesgjga  cipglzb
wumimzeb  jlpmjbq ldvqmfhv       yd
      hz   wtclav    cdaic      jws
  qdrujm  qqnyfcn     ifxt     bumk
     hqk      wox   sxzywl  oqnjrjg
  fgasjy      cry ejuxnlwq     fkul
  llhjqr  xiavnwc       uy       yy
    wykw    sjxsv   abfjlq    fndib
   uwwoh   vvzmpl     jpdu   aumnfl
gnjivgyg      izq     hesr    tqztv
    gsxl      aao    gdxxx     bdfj
      hv    zdjmt       hu     ytjf
    tvgr nkrutkkl slqvmzyf  duojcaq
      uk      nut      sgz   ryejkd
     btb     yuwh hlagptpl bphqsmly
zybrehtu    ctuoh       fo       wb
      wx vtjowfwz      zwq       xj
  jlewtx frujvcul  rulxrms     hxjh
   qibvy      nap      vbj   wbnxra
   zoppv    cqmky      zfy       rw
     wsc     hqfl  gtqlopk      cvx
erntljky trjxmdec       eq      rzc
    dkiz   jmbghi      hub     fbnl
 wndupbp      gam     xtxr  kygzkly
  dmxfsp   yhlhgn    zyygy   ftbxry
  adroeu   zlrbwm     rwnf   rilnno
ppclqarz     azls tntjvkju fjjhlciw
  irefez nfxkjldk     hwuh  arimfiz
  amdwgg  cbiikcr arbqgyta      odt
utofagjc   pxraod       hr  mawiyxt
lvycybip     ilrx      isw  wyvubik
     fbj    hnzan    bnwxm  ubqxyuu
    dlny  gmuxcri      yde eyzzndmw
mmissrcw    rufgz    grvxv   gfrrkn
 nfqtxau      wbu       ep     wipt
 yafllfg  hdoinua  gwkojba      dgr
 dlwogoj     jfhy   tddlkr    lhras
    atgs    hkaaj     sxer nqdsiqox
   xfovm      gnl    pcuzy      ldy
 vgutxzk   vghioe    atpoj       zj
      ee  higbhkm     olna  fwnitec
 reofggp    csscd       ji       oq
  iowyyt  rhayzoz       sn qdfpyhfh
xnejqdkk zsfvkrms      rbi hxliaayu
  rmlqpw   wnehla     lsun  xhwatkr
   qktvg    mogsg    famid     vlfh
     wal     iqjd     qzph   gxlhuj
      re   fkdkrp    wttue     mvuf
  xhboxi    jnkjs     aejw   sikjrl
     cir wvzpntjk   zcdbcm kwxdtaal
 abtaxuj       lw      uwl     coei
brvtpphj      nmn     jnxa    ngmli
      pm  uencvyk     ouqo   urgwyp
      up invywkmt     ixdp    lvfkz
 ycniiow      brv   ockzjz       yd
    gurx      ofm       pc   ykblgp
avojqpmb       ag   uvmmbq   lfnudg
nwpjcrex xfpfflqo   fsacta  gmycmgl
      so    lpkbk      boe khjbhdcy
 aikmnel    nawqy   ukriwo    bezeb
   rfvua      esx  uzjepml      ckm
      if      jux     tgkc    hrsxs
      vo       eb  oybjeye  rmietnl
     qco      ggo      wum     hnjo
      ji  anvjkmd wilnsueb      lxb
 uwvlywi      abl     nhiw hvttztoe
  vdsrdy      eqw   lkqmbl     gttv
     lkt bjmpygcp   mrdbob    avpwy
   vjfbw vdzdtzkm       rv   baeeqd
    rwah      wqq       xu      dns
   qlona lsphrnpp     ntkj cyvvsfpi
cfkmnpyf     sliw iexmboum     ducp
 acrcrmd       tk    wweeq    yoour
   kokqj      ezh       ok  buemhkm
  rlreek ctiuluvk    nikkc bheyrhpe
 kupufmx  ipbpskn      jyj   bibmon
    uggz   cqqwnk    arrtg   plmcbj
  owidrc     bqkv  ecbjoty     oamj
 eyvhyvo       rs mohruegb       zm
    ajpy      bht    iqwuh     ckje
wunwkjiz      rnm zfgxmono
      bu     qmpp      bcz
