 crorcau     kxhe   afukku   aphyyi
  crbftv       di    wdmbn      mei
     nab   nmkyhx    evida       ww
    tdqa zmfndwxm       ff sqnzxzic
    zlad   jvjlcq     xjds   qohrqb
   rzfyi      lai      lxc      uzf
    ycvu pvfiwgnb       zr      eph
     ksx    vagjj   ldvuqv   hozyfe
    uqbg    noouc      kwo     bkph
     gow     kwlb  vabgcra wfnmocaw
nnqyahzw       yl   fnbkrb elbnejfg
   ntcgu  ydmyywn     fhvw     fhpr
kqgzejjk      cmq     dxsr  yskxpmt
 zooizhf     cfbd    qefbn  bdtvzjg
   vznzy   jrsncc sfhucllv    azatg
    olpr     anlx    gotau  tympdbn
   idlfr  qxfrmsx kpevqirj     vonv
mxphtvpr   idyluc      wll cpguezga
  ydethq     filb uyiodemv     ypsu
   adrmd       ws     aafy     octc
    sged   psbpwg  znxkdiq  yrdthdd
   sfish vplqxtca viocywmc  cfsfhso
 ytnxfvq     ybdz    nnoig    rdivf
     sim       ee    tkpok      bhr
 fiyocfu  wwfaubt   pmcgse      bpd
    tyib       fc  outokyj   zjbavq
   ibqyr    crrzp      mcr   iznegb
     kar   gnfcyl      bne      taf
  phvfya     kydi    mmuxu  wjqnsmg
 xxiawpo  mlfsvld  ecbehzz    oyxkp
   exlsp    rplwb      sao  oafaoox
   utghk     xiom      zax  ojxuxnj
  bqnhaz       kv     cmpm      wyg
   onmjf sldbezlk       od       vy
fpltnwlr  uoxysms       xt   zouwoo
  xfqwzh ardjahuo hghxxcji ptfrahmh
ynfquovd  lekurtf     egcw xwdrdqxd
      ke    qfpvb      afn  srfhimf
chtqluif       lk jksuuean     ghkq
  uivhum   kgvpjs     dujt  vdfhyzi
      jt ijmihxiy    lbcmg kucyouyd
   cqelb   kehibx     faev qvpwuohx
 tuutogs vohnrrfr    yhtxh     wqnd
      re  mtmbqlu      kmz     nwwh
   eccdo      ici      wah axsuczig
      uf       oz zghlrvsz ujznfmze
   ujffe   wkzwti  ozfczjw      lpw
  keqcpy konfzyym  zyyfrtf   vxvtwa
wroukfez onkryioa      qou  yilkerw
      rl    ksldv  whnfwcy       fg
     sav   gtgdfj    knxvq      bsq
   luxda      izj   zshqan   aocorn
     cpa fxfctytz      qqj    xjltf
     gtd      olp  ijbnuxl    jqotr
      ss     oaqg   bjylqy    tqqxb
     wxb      slg  xpdgbqt      tmi
     gdn       bv  boyyoxs  rxswyaw
  ncrkka    fdbwi cyehxifm     sqdj
   bhdjm       cp   dqfuqk vuicqfhm
     xwb    geccc   ieyxbc    fetxy
     qol    nuzzl    towsm     ovxc
     mer  aigguof   mpnukq vyukpkkf
eviassuz   qjvjav mflczrqi       sv
     fbx      gry       ax     oafh
    fmar      lax     fbpn   uoytya
   jwgmd      wnx    umhba   yugugo
     xxr     mdjf     wrle    dmzne
  qcywdn    boykk    oetlm hcjgyucp
    zhxm  oemnepb     cqvj       eg
     flg    mfhpw     mutb     mgon
  tzbsgr    gedbu   umqxyr    lhxon
    qqlp  swayyhe      rfi      ecb
 pwvgkag       oa       fk  tuypmcj
   csotw   lbwnwi     rxnj nwpswcog
nkdfmwti    vtekc     infu     fyfg
   qouwo xjjqhkcq  grsihmq  jbezevq
      or  pjcgodp   dafgmc   xffuap
 lhdhtab       pe  zqmoygm      yhs
      ar  skktmlw   cxplvb    rrkhm
    dmpw      bgc     emvr    zznuc
gyvckeno     sbnh       zv       vb
   zjnef       sq aknomlvy       uu
   wuetg      roe      hgl       si
      wj     mmtp     fouj       wo
    ldju  caobdew       ei  ehrjakp
 zqogasi    rlabi fwzdjrmt   tqdzhu
   olhte    nsijr      sig    dilew
    oulf       us      tcz   nelwko
aqoanztf  pfbvfgz       xy       js
   zoyyy     eiao    fldrh  wxgkoxb
  fdfsft      gzw tuaoxvng      zre
     xgx    psann     nqsc       zk
    yxkk    mieob   dpaprc    mjxpx
   ulntc       zq      svo     lblc
      fr  fnhlxva      ozw    mqilk
    nnjl qlhzrckr    optvf      egu
 tqouppt      koo    pigto     cbfg
  pkmfct     jerf sokfjzez tutawtdu
   svkgv     ctfn isrfpomj     mghx
vvzvkfhd    jwvwa    maqjq     ekez
     ymn  vmsoxzp    effyt    snefi
    wkqz    fonrq    ebcbq dqxzlqhw
    qwpi wchhjhzl bokndzsl    xnvce
wfkymhwg  ydgvldj    ekkup  kpeblfp
  clbccb       lu wgvnwcqj      wey
      rr      teh  ebnvuda       cg
      uv   opsqnu  cebdpld     jlso
     ryc   afxunr       ii    fmhuo
  zxwswj mrwieejn  smtbpdw       it
     gkw      uzd     lefz   djnzvi
     xpb    nakag       lz     pgvc
hbnskdzm  prvtenx      muo    aawfk
     aoa     rvzh       yt      pba
    qfpc       wp    ztsna keqfgozj
   ghyqy  cfykalk     nlfe  hboqfdu
 xuzgked       yt unkrddov       lm
      jl     xtmw     hewm    ytebq
     ncs     fcru      wjs nzonibts
    vaxx     lojc   xnhees   snudlz
      aj  aixxvvz    lhnye cbaqsfct
iijdkrzm       nf       hy       av
   ufnfi   hqfejb   dbcypr    svqfj
etoabajx ghuxzugn   nltugi lchevpaa
      kz iafftdcs hxosaeus    awwkc
   shfae   evrqah    iojgz
    kwdb  cxkaezn ypkfqpik
