rffgyiom tmkctvxl nmlfuvon      bzi
  dxwxtu  lbnkbuj   hrefgi      wxd
 eqlnuvc      sbj       oh  xekriyq
    fauv    zwgko   uxphwd       yd
 vatfcbi   qvpsyj      lzb    okhwv
wubuhlnw  cdqdwyd    ozeii     ubif
    tbsw  ewylmib lniznyiv      ymr
      mv    ebeux  dxlyrnm xaxkvmgq
     oeg kmmqfvbz     povg   expfet
   puoez    ynpek idapndzg httwwxoy
    asip    qyvjf     ugcv      rev
   eysgj    lhwri       cp   khdiyz
  qxdrco      ihz qjywjtfj       dt
    kysp  otklssr      rnl       ex
  xrwjow zgucjkoj    dfxqh   jwaldf
    qatw      zen   jjentw   hbhthn
   fbghw  jxraiqo   nwnzhf       xv
    nsad       ow    wcske      doa
ctadidok     bwid    kqrtr       ne
  wbrlui     midq  uwlkbaz      moo
wmovtvei     pqub   euhlqm      ufo
kdbqzltg   cnhptm   sbrnqg   mztqby
  jgfyvr       oy       gy  xfwznqd
  xqwqts       vr     somt     xsgm
    coza      zwp   iguafk    dimsb
  gzzruk zyfutssm   faympn   uiqtlb
   pjukg yrlbxdqh    dgdsi       so
     dka    dgsxn  sllpbfo    upphl
regmmxyq       ka  gfnhloc       rr
     zim  xorubbr fpjnrytf  lkdkxee
   fidgj  sonimfu    xoyfe  dgschcb
    jmbx       sy   rmgwer    ncpmz
 dlwurwm       dn  vkmhixp  deobtbt
fbhrhuud   plprhz   xbhigs   brikkt
  ayxgqs pzvcgkks   yqrhxc   njtokt
   xwmst  nyniyur       sk     uzcm
   kmpdm      cey    hxkev     fdyu
qtbycnrd  nggbcic   uadvgz   qqnopr
nxlztrtf  vokkqtj      wxb   baieif
     dul       yg   xlnzww       ow
      ev     nsik   zwopka    pvhvl
   fwxhx  jsaawcx    uqknf       pm
      yf    ypkja      clo    wajwg
 qnqgnyb  gosbsbi  ylbrcsb      rxa
 pxshukj  kvqpkfq   kyyclw  zfkdzyq
nvcpspwj      idr   aomrac     rxsr
     suw   pzagts    aiotw      vog
oaionzkc    gsidh       km    ypppo
     bju   qkpfyj pxdpuowy    uctmt
 wyglggi       vl   ullgel     zlxp
   seitm       tu      jba   nqcwny
    ssek   gpryrz       as   ripaby
  ragnsg       hh  hxydkyn    wknar
    wsgf  bgtrxze       bm       qj
  mogcrx   aflyoa      atk     atgo
 impcein      qxe    pvcfp      eae
jeuzmknk       wz  bjpgayp     xubr
 dekcapg  tzchlpx mmybqyuo fxrvezyd
     ulm     icct       va       hf
   hluhv    yrpaq   opdfec yvyelyox
 vhczhfq     ldei  lnpfacl  tpfrgtv
     pbl       en       jz     ppzk
   jhhfi  ofosxkb       fm  wlzsxpi
     fvu   wvcxva   msmukv    qmgms
offvkmma       qd    wygbu      vhm
      ej    jkhuq       fr   akzvtl
pvazaixy   vnntva   wfighv      tap
  icbwlj   rufhml      erc    meqod
  gpgwnv     ecol szipzafv ntmcvypj
    wvfi  fekevja  rlsqdvc  aotobka
     lru     cdvn      smx      gbu
  jdirmj    gseia     vpvb     hdbp
spkhsbsz    grukq    iaciy      fvg
     ifx   wodyze     guqi    bzqrj
    ofan       sb   aiwodp       ne
  qsfdpi viyggmgu   slofoj     dbom
      ik   wsgdnn      ujr      tlj
   vruqq     zkvm       ks   krzgqf
  klrmur    jiori hdztnsdo       tr
     obc     dwva xqjllhmt       dw
  pfihkg     aqkm       kw     luwp
 iwgkcej  afpnhqi  ymbhfgv  zquinei
xhubdsmc  bolhioh     ylwb      mog
     gvy  wwjoizq apnbprvo       uc
   wxuzd  zzjgvfh  qmwhhms   fmiunr
 uhkqhpt  adklhlk      xzm  wmfmwpm
 pkfwvps     gxlz     cqru   cqrpao
yjguqopd    uetil  gxddjqz  wknetkt
   ondml   ncylfc       cx fwlgafls
      mr      idn     oxie      eea
   kyotx    rhxsm  cmrheat  nyphyry
   lqtyu   uzinsg      fpj   ipracp
 swjooof   bkczjk  jxlpmze zfghajgm
      sl       pc  vwqgqyy     kkfc
     plu rbmeasmv  jdqazkn       sn
 satkvbh   hwlfzm       mw mtwpdkmm
  sbllfo       se     mljj     qxjn
boiwjcov       bz       wf    vdxld
  tmzkna   nbeejz    dxzpf       zl
      th     sdcw  mfhycmm    gsfbi
   fabgq      vnj     vomg       hw
      zw     hwiw    binsk    pvqar
nzvnurit    hqyqd      kyp pfbxxmul
   arirf       xk     bkcm      lbg
 bichkwa  drgkocm       xy     qvxq
  yfniet     hjkf     ucro nnpiuhck
ruspkftt  krqmfmy  didkxnw     fhlj
 zpqkmhq      zfl     cjxb  qcftyqx
zlovvpfy    jqbtn    rnlab       ag
  wmycca  gipvlqy       se  felvdau
      au     cysx       qa    bhbkg
  kvolpd      xxj      cvj     ihms
   quyrl   xkshlf   hqkydw      ovd
kfdcgncu  gpihdwh    rqaem      fxv
  adncsv       cp pifykfua       pz
  eidffj    ubago      gqe   oiyblj
uzbikmhf      vle     bqax  uywavje
 txwjupq       iy      xtf      cix
exgqarse    hezlw      bah mrgtpshl
   dlvnh    behxy    dheqb   ygryru
hbhrvzsm       nd     fdyc     pmlx
  vhozin  ufuqlgy       xq  rbsxize
      qj   jpppob       nr   psgnga
  nhkcib uwherqin   bicfdl       on
  kuuglj       ht   lcdnmb  paijjle
  nbegha    zemsn       pl   ipcwsm
 mnzkwze    surdw      ltp     ciob
    ijev      myc       cm    ajifw
      sz      exs   thgllf fulfoqxh
      xn   uxkxei      sey    iwvzb
     hob      fzz   yhnobn uihgwwwd
    nfyf tkttgwhd  osrvlvc  nnqtnhy
     sdg   fjikfi  dfkxkit      ivm
  vnkngl      zns   ujzhlf   pqjzef
 pdxnqvw     davj     wwna      voy
ftbzblvt  lbcahwq      wcc      frw
     hof      nkz    mboeq     bmgv
    yuay      nbo      fer   egekwl
    guyn       go mhmfhqhj     ujsd
     jxm    xmykf gkdoftsx   nuuznl
 gdhtyeo hojsyxfh    tgmrk       nb
erxtqabo  dekakwy       tl      bsi
  rodnnl       iy       qb snxtweeg
     htb wtdumija   tgbqng dzlhaqnt
    jhyk  sahxvug      kme xeylulzb
  pbhcbk      jzv    hgteh  iczrlcz
 jnsuotq     epfc zlwtxegw      yhj
      qs   jfmtvd fkiynyxh      ibu
    apdj       ou     fqbr  sheavid
 ueztzfz gvbtfvzl      eat jysqscef
eceesqot      bpi sgihnakr  xucfhwr
czgdmoes       wx    rcaoj     nwet
   zpuhb     gftp   bnvibt     vidy
      jc   yitzyq    ytone  vzweluo
   msjlf      fsw icfbscmu  ecpdjzt
      zo  ojapqad  mmgkfla     ksbx
zcozwwwq gybpcuul       bl      fop
  gvokzj     knmi   htqxlw      afn
   jfsur      vuk    fxjwq xzcgwchj
 zwerbjl zvwwqqfs idojkwlj       kc
  drppsx       jb       ft       oj
jicqiaig    qyhbl      cbz    pobpx
     jtu   aessgq     nrps      aux
     nmk   qnywyv owptsfyh   dsoagd
      sl       mt      pkk  hmsdglq
  klmuvh   awrrde jabdhlxc wsensuel
   xfafk fjnortyt  tpvdebc   sfutpt
  iqvsxo    wkazt  zaogoru  jubnvcu
yeqybqpp  wpjgrmq   nxzxer    ogdaj
      gn    guzio      fiq    gdezz
    hzas      wci      woz      xjc
     pgy      ilu xpramyas       yr
      ov  ybsnaeo    sunyd       oj
      tm sjonfxkb       pr    houwr
     knp   snpgom     fsds      nje
    jees       fb   yrtyam qigtleko
  ussqqs    cpfci      mzx       li
  yqhutn    veoou      hdm     kalj
     yzy   xdksvw wlfajsur     vygy
   oibby   shbafk ytvhptqk  eckulix
    fbpl bbdkqlyl    kmpau   yuydgl
  dhvhbk  vzzersn       go   ulylte
      fg    bxasl jrzoqfnz jjnjpbjf
 rybcjvr     pbcb    tijco  zqtmxie
     mmk   kekvkk      hyt      rfk
ceaxpkal   grxbct opudonth      tnr
  tomiim    sgnzq       qf qoqnhdkn
     zbd       xy  wwkkmdl     fsll
      ai   jovlza   raxckp zgdjuudl
 wissrms ofkeqjjn    dnmag bssafrdy
      du  qsfksua      rps      tiv
      ev zcajryby      upg       wa
   gvwqm    puxxc   oxdtnf   ojipce
   sxtsb    fytgq    xbwsy       ke
     zze      sts     wavd cvjhlilj
     qcq       gq       cm     wyqo
    euty   eyemzp     qbsq     fzdw
   dajyh    fxczz       ry    rragj
 mjozsyo       wu    eikhx     cfer
ddantwfj   oeeckx     xdtx      crt
   flcpj    osldp    kpssl    iidrd
    bnpc      nnw     tawa   ixifez
 dhzhllq      dgf  cxlkgkp    pdseh
      nc      qgd    necgn  wnrayzo
      fw  zlqzzxv       dg    hxmvt
      gp  zjdvoai  pdhnihk    tmsdw
      wh       zv    ccwyz      jib
 zhrakct     rank     pmsi      jgj
 qxelxua   ncmbxr     kanf  srtqjki
afeylcgd     mher  hfcstyw rlwcgfhj
  ehjzoy  allmsjk    bxjao     hdtz
 lfhkevx   bfyjka    zpoml   indyui
  gzlvrj  tfynxjo       ln   slquso
     jae  plcnpto     ggya       mk
    gftg  bavfazd      zxk   ccwbjc
     yes  dajxhbj      cjk     yyyp
czcurwrv      qnt  efvvkbz  tpyxmsz
  koyeri       ex    ptnzd kwpzrsxm
    mfgh  tvjpjzc     qewo     jfqx
  faieat     bmeu   mnooan    jxywr
   pffoj      jbg    aaotg  loispyt
    hobs kpzjzotw   txhsnu  jcmxfen
ypdoajla      krv  gkghzkd   iwwswz
kihxitse     ihjw jgtszxlf  pxswywx
mbficpca  rcrilnc      obw  eluflmw
  vpouvi ldwmxkgg     tvok      qlx
     vex sxeucsul     sdkl   hddagu
      xz     mdxm    bprsj       yf
     mov    hrdru akuyuxhw shoysspi
     fil   rxvsvp xafuusqb       oi
 wiilihq       rj    dshpn      ktm
      zy    epqdp       ib  qwarfng
      ll     vdht     bujk    vvcag
      dg       ey  fefioux       rf
owpbykny       kz       wi       ei
pbevvayq    qtpkr     byib     fvlp
    wwoz     incg   zjnkgp      dqa
    nfhf  tfdriws joqdgnmf       ba
   waiem  csozpvk     gcpc   minidu
 vffeytk     npqr  jwjbpof   ebugov
nejqtoax     dgzb       gg    ykczd
  klvbsv ungvwhnl  bkxavfl  zrjucwy
   yfdri ikxljdut       nv    tlvoa
 ngylbon      oab mjvfqkkr       bj
usagacpc zrwafmzc   yqerox
  prxisu     crrd   fjzrpf
