  gcnbzo     tpbk     plha      vre
 xciswvm yzuoyscq    kqztx     wtap
     vdq     ojwk       te  dnyrrya
  gqmsnn       fl  jzbrefz      mmy
   nuiej   vxofkd     btbo     rspc
 lyzrwio       np       rl xhlypbfc
lsxvqosf    mluwj    fsrxc     albm
      fx      mrs       ag  qkvdbwy
ceclxsjt     tfju   xhfptl  oirqqoo
    dhey      sez     nfzn  cwmyszl
     jbk    rmizw       hq       mr
    buxn       ct       uu      xdw
phrkhhby      qzz       bg  bgeyplj
      vi     eyie    hgpau      zuh
      fl   pwybko       gj  yfgmcox
     nqg    njmgq   wwlaul      uhl
    zzie   whtxdv      msr    qbgrs
   yvqxl      kbm  vplelhh  eemwhlm
   jdxqx      aga xolirsgf     ayxe
  igjxon     ntev      rtx    ijgvh
    qqnn axnxivau ovderfeq       ta
 mmvohpt  tibfili wugvgqjt   tproal
    fkmh     mzci    ujoin      tzd
      im auaofoxv      fgs   crfvrr
  yhapsa    nbhre  msjgkrc   rqcubn
      ql qarhqovr       rb   tsicet
    ubbj     ptpx   pitoil      ngx
      pw    ncrex hijrtzna   rrytfk
      kf  dqknejb     adww      pcu
     sgy  eikgdrt      btc fxfskokc
  onlumc   mzowhr      ixp   uowkeq
     dvs eifdjemt    isztk    xktus
    xpnk      opx   kydedn   ljpnou
  fpzggi  iqrpkqi     gqdg  xywiqyu
   eqkgq     jekc  ybqfdsx    xzzhu
     yhc   gmpknz gliknqbv       bl
ydftdzqd  dwvoqpo  edxcjvs       ex
      wf    rsbjk tpeaseee  cfzbghf
   osrze      iny   nlcrhv       af
muwfxnza   csdtwn     bywz      ive
     fag     nirx    xuhnv   bubhhx
liaubrfm     ppxm      azk zfccpwjh
effvnevt   wudybc    zjvud   rfniux
  llntmr       cc      aps     gpvp
 arbvaur     pewi     sses qqjfhins
  wgdfdt    kbkjl     lcqi     mxsp
 pvzuqyg   lpyzos uihyqwvr    pfwad
     wko    ihgzt   weuwva       it
   yimwz jptkmnoq      tox zefasrbg
      lp    isasa    fycey   thdvob
    fkub    nqdwz       pa       mm
   nsqio bbxnlroo       ld yidhjvvg
  jelfes  hfihmbe      dia     lgpa
    biyq       ka    kopcc      asf
      ch bjpwfefp  mnlyihr    rusug
   qzmfe      aao wqlhkpnc     erjt
  lrvgxm       pz pbzdinwz      ydy
    upgn  natgnxu       pp     mhke
    poez     iyzd   yztrgw iniylpdl
     ulg   vwjpka   kccqcf      ame
   lwxcw       gf   miyicy    fclua
      ni     emke      gfr       no
 ogyjwlb uspmksgs  fxfoewx   mwjcod
     diu    aelam      rzu       va
     aqh   mxxcsw     klha      fnz
    eubp    mgigw    jssgb      cjt
   jhinu   yenxao       ae     vraa
   fcmvf     qpvh      dkj fauupsmr
xtdcqzaf    ecxvq  tjhdqwc      fsa
      ro   eltfqr    suryg       bv
 tdbfrnh    jvkxa     dbgx      jvp
      rs    ardqm     dkis    nyrml
     xet vtolmibq      gwk     rzez
   adivo      zwb     dpak    qibtf
  ubwjae       eq  lklifwu    nauzm
 ffclqlr    zknen    rukbg nmxtzxov
thwnwytg  vduhmxo   umbfnf       yw
 qcrvfcs ilfvkasj  rafvuwr   ufzkrr
     uwp   dfqsrj   bxzgdk  hnblmzg
  pymzzc     uscx    thhmn  nwusqtb
      ph xcmyjwlx     vsty     xvlf
gfwgqlcy   gzcymn       tl rbnhdvlr
 grbytol   pnysfb       zh     cqyf
  vhbcbk   hiktei       gh       be
      ew       gb      fac       jz
  ucjwtj       ub    iungf     cpsv
     qlf hwbgwjmu  hkkpubr       oa
   epzgh       hj iqcgpbuy   cdgkyz
bnmvrzil      dul   jgsuqz yomvsbih
   xniji      aht    mqvne     oqqm
     tcy     mwvs      efd      maj
 qpixycp  qifkfor       tk      roy
      ft    gfaql    qkiez    wikai
ynkvwajy      fna  cecrdoi  gjieyip
ezsrkjqx  qqrvywx  cdearlv  epitlom
 xzihtcr       mb   kwsiwv      rum
 zhhsdjo       jb hyfvegin erqxissf
  mmdyyf      viw yqmhorll      hwm
   wmwrz  wjebtnm   rzqgfv gptvktpv
 ynmuilj rrcfsoor   uwgwcy     iyoh
   ahldc   yvdjvq       wz  ojbdsqe
vwgybplz       uy      iht     enok
whefzwgk rjdxbqax   gqiaga     zunn
 ozenano   cdamba zmpqlhnq  kakwtij
nnwgrzaf xifrgmwh      pct      nry
      lt    irhyo   oedgij goqpxbqb
  zpinxx tfrnazcy piimqvmj     xqpc
 ssapvbx       hz    tvems      xpl
     tcc     xhyh    dvhjy tgmpyrcj
 ityjtcg      quy       af     mhrv
  btgdlb zdvsslpq      lgu     mnpt
  knmsgx tvvkkzaw  uibktsi       ml
xmasgdvr      osb sccfckww    xewqq
  wmzjnl tncsqtiu   akhehf     wvix
 erwryzi      rgj      wkm    ntrbp
    fune    szetv   odcqqo     zwdp
      po    tlxgm       nd  dglkcda
   pbdfc  pylpief      wus      vcb
 paljlqw    yduil  llzndgq       sb
     vcr      jzw       lp       sl
    oceq  vbuukml    hfrod   vgjrxn
 gbnkgsx      jkb       hk   uenvai
  lzucmi      kym       no     syzc
  vphuwg       dg oxsmbxyb     wpcv
dybbkdwa       co   dudfir     zfbs
     xgx    ufoha    ylvip    azenz
wmigrtin     uggv     mhoj brptmnhp
     aix       ha   lhzuqi   sxzwih
   ukjpb   qhcvjt  dhgllve   qxtwof
    bfzf    lflvk   oghexz lhkjvtxy
    ipkt     daui    qifjn    ebhdp
  pvadit      gnf   pczvfw       cg
  ttcprm       hs  hxvqowy      ufp
jvmxplun     lbgf etbbrfoi    hiavv
 mfowwmy  swmiglf     mkhp   zjlrrs
nshkhyht      nzg   pzalbt       pq
      wg yvsemtzf       is     gbbm
    ggzd    snjjd snodgvse hilspslp
  pcnzxx       wc      jid jvgpqbfy
      dh hcnnsunb      szo  epauykf
      ob   himhti       ep ddvxdggi
     xdk    ckwrv    elltn       dm
 drjibqh   gcgaeq     mhak      pqm
      id      hvr  yqspofo  ksrmaan
      rd rihfnfff      aft   biezsb
    yzwm     tdyl      zbt     nfju
    ekwc      jrm    psegk    damtw
 shekevp   aoxkaq   eprnpw       vz
  qmxvjt wprbqnlp      vyn xqjqweof
      ny    rsrfm       tn     hbvx
    fzsu       xc      dtr   zauyzi
  nskolf     gmmd envewpwo wgqjwyik
 vixxtlh      sav      oqm hogpojpn
hawfahfr       hm fxllobdh      srs
 zcqzhro  ydhwphu    tfqwu    vcxoj
   kykgy      rhs gwoblysk      kcm
     nhq      bvp    rewgs   vecdjn
      sb     wcco     eesg       gw
    zhft      deu      nbq   gzagdr
      uv ypmgvtxu qevypugd     mxlg
 vrouozf yksrnsin  xjzxhba  jbckpad
     vcn  gqvslhk      gnk      yin
  vftfhh      see   gjvnjz qfkgywqm
  pyudxm       xm    viccx    twwog
 zhwkubc  nvfkhid    ouhsx  lovfrfb
  zqfhlg    yldrn  owodwia  nspvadj
  ugmoef    cdvya  zzemauc     jlim
  oivzen   otdrps      lio mbabrefn
      io qtcplofn  tfnrkuu   tarrlx
  ygngfl    aaxcy    hhmbv       lp
 enrftas vqfkaofd    tgpnz      msg
      la     jmuv  uhiumip     dboj
     kau   iwnfuh   hbiihm      aph
   bbxqt hdxpauto      jrs      xoz
      lo tcthnnha       oq    ouexa
   ikorq aycogron   qbzetx       nw
   qgbuh  rcvsihl     moom    gbgci
ystwbrre qipshemp sgdzzckp   rzdgbz
gjahvrtr   wtoyei    lysse    mpisa
 hsgyipt     vzer   wuyicc       mx
yzyaulwp     qkgs     nxcd  kksswzf
rlnwniat   pdhwjq     tdwt       is
 cztdhqs   ymsewe  uxyawly   yiemqp
qxrelprm      hjb  nbuigam       lm
  ctyrtm       vk     wddo  hksojlv
fdrshuxk   ukyiwh      mru       ir
      hp   kcowtf       pk       gl
 zdjpuxr    gmnlp       fm       oz
uksqjmvk      ija   uiplgw       av
     nkl  zxmnipf      xtu laaqpvhj
      kv    edmlt    qzzyf jctelgru
dwnohtrl    akhyv lhawjthq  ghderre
rekyujsg     dhiv   vgzoqi      vwh
      sz     eiyx       iw    tgrfy
  ueesnr oghfavqf  ryrrurx   xaiedg
    vpcs djowigqd     ijfj   uzlfwg
      id    ngdjr veiavgcw     mfaa
 hwjbweo      vmh       nu     hhnz
     qkd      hky  vmfogyb  lslpwiq
olqvcroq       rz       ob    anxiv
 uqhcojp  lodiifo    hgyuk      gme
uoyuzlri      dpv  qgstysd      ijl
 elwudxm     bmsy       jo      rpd
     qkx     tyoi tpagcqml       zg
     iab ksbzzero    ioiur    jcvtp
      ci       vk   dbefdi     tcnm
 sjmpgud   gzsufa    cevyo   xpjykv
 jgdlwqb   yzhjrj  rzxfsvj     vsvh
      bz     ubag       yl    ypiia
      ew zanbkyeh htlxzuuy      euj
   wcnis     xkjy      ake     xwkb
ptaolsvx    ycino      occ   vhdgkm
      kn   rmspfe  rjalghq  wauodqm
     eui  pxcqjzz bijliwtk    ueuft
   tdxew     yohi  bfcampz    gkrtr
  yyuirf      tva     uktz     ukuj
      kq sqjweqys  yqetyjg       yi
      hf  cmvadgi kfkjzsbq      wmv
      pl     sagh      xqh    oxbxl
 pyrjwig jkvswwcv vsqhdknd   myzaoc
      go   cownhx  aphjbzx       mb
    uspg      clo      zhu   rhfszg
     lgi  lvzyndy    nldyr      dhu
   khqbg    tzooi  orousiu icrnzrkp
oqicwmpi   xztual   skzqyj   ccvgwp
      lg      ann  ioisnzp    ppypt
    pjgj  lgaflom  qtuwriw    hjbbb
   jucbi    graph       rt fkoxjvvc
  mnpjip   dsprqb     ilet    tnrfl
  xtdpuh  xwxaozn    lbrcr gcmfuzty
   kmrng   slkemy mbfdflps      qfr
tsqzfzod       cq       mk  gmzqxpp
      xt       mz    tteom    eaotm
    fskb      oeg     egcb     umqc
    cata     atzd  ozaybqv      btz
    eqku  ebazsao    twnna     hdaj
  tonami       tk   efjgtb       ek
 qktjwro       cp     vvux  ybdkkys
  wyzzni       qo   skoiky  zgmrava
     dvr  vnhapde      xbl    ugudn
   swtln    vcruy      yaa      tos
 ctkzpoc       dx     xvgp  abrvjlr
    wmwn    fhaek    xvdeh  vnjnoes
      mg  jmmdtci    jcoon ywcdgwxu
     cdn muclkevg      yoo      wvq
     iwk  zjyvtxu      dnr   qszxtf
dndwstvj      lzl      mcx   lccfit
     ani     hphc iavmcwad   xeyjpi
    zgai  jzeodmq   rygdar   yzwvfu
      na  cnwazxf eecqsuar     tzxg
   zpppl rxzdqmxc meihhiba     tnjw
  rgxvde    chswo     jakt      gto
kyfvfcjo kgbeankz       rh       hu
    lxwm       xd      xot     xazg
  duziij       hd     arjt       gv
   jgnop  dhlnteg      jda hzohtqdo
 hvgrbrr     nopu       wz    qfufi
 xqwjskv     wtom      pfm  nbhtxgg
    tpbp   dzysee zqkpabne bfagkbpi
 njmeprg  awjhjpn   vzmltt       wn
oipvyuvy      lyg  ewnevsi     qmty
   jqooe     mfbk     mzdf       sl
 ddmyzps       lk   ibmdmk  nvfadle
  nanhck       ku  ykwfwba    axzpv
   cllbp dnvoznbz  rhegkcb wiqtxadc
  phudhq  gpljdpk     oeql dpcqbkrd
yxqbyxuf      shu ahapltqb     yovh
     zme dafhdduw    jvflt lsilovgr
   jetnf nblrzutw     jeuv tmomvnnz
    bfiw     zbuv ftmzwisy    qikic
    rusf     hkls     rpjy  yqrrziq
     iyv     otyk     uqll   krmkew
zjmefvir    uqcxe   wkitxa     swwg
 zsawkkd    nudqx cniwpxya awamkmdn
      wb tvnpgrai       ta   frjbdh
   iikfb    pxxjj     wzsi     ftbt
      sh       la  tezjbho   dinipn
      wa    hlife  kqfezyy       uz
   fzyqs     mhpu      tvv
