     ttw     vqgm ogevzekw   bqqogg
   oagfq jllkyhzn    imjma  vrvurij
   ixdgq   zaoqni  rurcmnv lrozufgh
  pwwjoj     hmuz       mm      dgz
hnfatvhn      krg      kdd  qjpjkix
 robdiyd       oo     zzst    hiasn
essgtasp  gkkofdv  kxfccmw     xmie
   rgxtb  raiwojg jasknmck    smxjj
    zyvn  pzydbjf    gbwho     wvkm
  kzkaqb       rm      zbi    hiczd
    titv thjrlptp   ursmpi   clwzza
   uortp      ejp gwridftr       qr
      ym oxwpsgwc   akbpus njlufbuz
    cfnh  awklcrl     opsh    nhglw
  gkfhqn   tucdte       pc  nhqglqx
  wlkxhy hedqnrnw      tad   qifrqe
      tq nkqfkdqy      szl kyodplpi
      dv vefakkra   etftst       rk
  acsmpq      guj eiekudhl       du
     mlp    haage    bjvvs       dm
 mtwhkli vjxujrjt    vekba      olr
    rlcd qtktkejd    kjxvg  mtwualq
   nkytj vrddeazf       cd  uuavflf
gagdalxm       sj       ze ybhbswuz
