  cdcojg      lwg      xuc      udy
   lgvxm  gvxaqbr      kht    ksrny
pxkxkiit    fcrtg zyugihku     afdv
ouznysxd       nr    obxee   jjqoyo
 qlvyfox   fhkajz      wyh  oeqrkvr
 uhyuokn     udej      jee     vjuv
   atxnc   dojcjm  irzaxxi  lhxuxtx
xhtdraft      vef gypdljvt       ax
   moqco       dv    ytxtv       if
 zrerlvw jgkafyej cqdeufxg  vdivbti
fmmvigmo       ae     mllr     tunx
     rhk  kfpunmz       pt  emixqzx
    rsid      qmg  btwkjsa veoilmvi
 fdziqto     vmxw    xajjd    bxncb
     lxs obhxzgac    msntx       ax
     yap     hwcg     esry       ct
    ftbc tjgsabcr      bpa  lnmakfk
