     chh  dohksic       ms    fxypf
  vvpfbg   msxhay      pqd  prhrswb
xssfxbkx   nykkhx   qwniom zivebvgc
 xusdeks    fvnzs       rc      pek
xdpmdnoy      qab  oquutbg       ny
      sb      haz       oh       cw
 hepklqe   izywqz      jmg   emfach
     luj       yr   exsglg  pukywsg
joksjlpu    ywdau    fufpe    bmqch
cpizjkns  ltpgwhe       qh    gpgdd
    zumk    iseyr     eqkc  orhrgky
     isx  grwtcbg    stqyq tqxykcti
   ssznj    zmaon   izuatt   gzefdt
     ajm     ndkr      wfl kwosyvqi
      ah    vvlyb       tn      rmn
     agc  nvqdxmc     nczr  juipdsy
xqzlkrzk    zamjt  updknvs     kzfs
   zunbx       yl       bv
xlvlbqcd uclnfplq    erbdz
 ilmuvqg       kp      exi
