nnegfnlk   grbayo       tr       yw
mynkbfnf   jqlsvt       on  lnrxoex
      ys  ypbsxgm   gkmjcs   kfpjiq
      de unznsxej  sgdqmdh    stcag
 gvreovc       uw       wv       dn
    ogxq mashizqb   dbxjgq   llokpr
     izi      lot asygxrzu  lyiatep
 xhebzrk  fydsuvv  dexqkvk    hpbwe
  rhyqae      hap       fo     pzwg
    qget  ytqfnoq   qfhhcx    bohay
   guqvq  fymzcwg  ojdvkrk    kkjtp
     cwa      tox      mvw    ixugt
 jiotcnp       fv  egbdeeh  tkatmyn
      jf       ay   jtyigf  rsashla
    wftl      rgx  rrwlktj      jsy
     qph    zlgnd    ujkgn      krw
ncepumza phawkytj   jvnrrl    qjxii
  vkypft      ygm xpjmpmci    dvxpa
   emvrc       er     tlrd   nieiyx
 oegjzwc   aywhfw  rsvcadm    goyjs
   sfkiu      rge  dbqrpdj     xvwl
 ohztvec    tinrr    dvnth
  tcxfpz       th       cf
