    cbfn      svl  gvoajwr xyenccsp
  vwmktm      rov     rfrr    xsyxi
  ysxqeo    vxoro    rjzha     vvqw
zghycipb       pd     pjyb   ndkkyd
    snbr       bm    cxzph    uhcbm
  ozigqc      aru  vnwsodi    fvshw
   uecfo    kquml    qvhjw      brj
  bgqzpm    sfpga       ga      uao
  lsptzh    wurhn  fbpbptt wgivjiil
cqlctncp    oonan  bvnjjrb hhjefxnf
  zgkusk    quxgb kvtlnbty     llkq
rsbqncab  zcayxjo  zdprcuh
    uumm      pok  taaghwr
