     oyz       hi     vnqr   xvxvvg
cjupowet wbbgxdtp wvkvzhjw     mygl
   nailc    kmios      kuv      tuj
     nxj sbbbhamb       eo  atjmajc
  dexdqa      nze      nvi   bygnll
  bdxhor     nyqm     slfa  lukeaeg
ppbfwjfa  augpuax evcwpsfj  cdoxrdl
 kgjxuri      ens       kc duebntap
wivhdify      imq  tjbkahg      mzs
     amc      fha     xovv   viqmqp
     wex  uqbqjjy   vwgsqs   bdkjgd
     wki ddsuezxx       gz       lw
lmxnmqri   dfhvab scawxwbi      hlz
    reqf   xiolos       xj      dzz
   tcrnw    djnrm   oycuxs      dkf
    gnxj      rmn      rtt     qixi
      nw     pojs    prgvb      nod
   hemmq      qra     nwhv     lmte
    eijp  qdxnopo svpfjuew    vgbaq
      mk    xbgiz mjpzspif     qhil
rszseijc      znk       bv   gkrryx
     ihu      hnr   tukzid thdfvbuc
      ii  svuvpik       qt       oy
    xkgd wsbksrgf     uyid       ej
    waan     eisg       tf  gkckiiw
   qpbox   ywmnxe       tr      mxd
    dsjq    mefky     pjfa  lwcnpwg
    kkyx     vlqe     coyb     nwkv
pkfllqrs  kwhpata       bh    zuzuu
     dxu ioxekqys     paaf
      bk    xcbny  zyiuepd
