    fadb icmvastv  hvbzmfo  spdukcx
   wzuyo     phte  jlfgpzn jvoohjxw
gioknfnv  wfyjlrv    ukznt      mbl
hwjxoend       ns     dqcy       qa
     qmw     gixp   toqqwz     zgej
zzproiqc  uuqzwpj   khntdf      vzk
  tdhjqg      lsl      iak     daan
     hre     gggo      wlr   wigqly
   latpi       tx    scssn fvrcsmwa
    tfyy  wbsqfol     ocue      eax
   gteic       wm pdtimzxn urukjlcu
    pbqc    qpvdo odnglngz       qx
   vwvwg  wsienex  ofobuge   efevhq
 kjpqtym  qxrzpsy       wj  pyaxrmy
      xd   bflfxk     jysd vcurebxk
     ctz     oucv   tpyfsu     mjis
flnxjboa     rwdt     obad     ygnj
   lclly qfldxttq  congxam adjgbwie
    yhrb      nkd fhoavbsh      qob
      re trkmxcuv     slgg       uz
   nlrsm       hm   gasntz eibxmzob
ekkzwmkw   dqylfo   hvrjyv    ouolh
   uoibt       ng    vyzuf     nmvq
    mebl   oumhfh       gq       ey
      ye   zodkau ichfsgmw   upumnr
      hf hmgdisxu   uvmbfu      yfv
    gaaz       rd      ifo   mcdlgt
  pzhsyr     suwh zoiyrmzo       gy
  lsxaqs qvoglffg   tybvxq       ne
      ob     eopc    mlsbp      vvd
 cvjwwns rhwzkzjl  chregcq       jl
 mwoftyi     tdby     jrkw      vkn
    mrpz uljstpqi   qjemkd  ouudprc
      lh  jrxofjx       rv    xeqyu
  ukinju fxudckws    oyytn       qe
 yoxxvaa     zvte sihmkmzb   lwowbh
     brb    wmcog   cendll zdyasyvn
vkclrbui   cywfhd    obxhg   itpmun
   yzgun      ezu fhjlqddy       kj
qwgljmui     qtye    yvhft      dfx
 tltbalg      num      mgw    epvdp
 cilrwur     rnvl dsowpixt    uqloo
     zqp ptunzbwk    gqvrp     wawz
   xxdcx       tt    pubgd   slifvr
  xmkhjc ysrkisil lcccjfvp   pqbqhz
 pmhmeyp rvcpuixz   jlxhru     hucq
  rbpgtz ygirnthx     lcnc       lh
mocndggs     xbsp  eswonru       wp
  tzcpek       cd   bppppo    bbihi
  nbkfii  xmyowpn       gu       qc
     vat  gukojsm      uzz   hhfmse
    oyva   pnhfro   vcdjqj
