   lbqbu       ow       sc       jk
  strhcz lzoeiwoa  zqsuerb    qodcg
   oqgrm  kjplorh     shou crxylxzw
  aajroi       lf  shrfgrm  zexaszh
 rvugjlv    fvhgx  lidtuhc   huemao
  juadsc   uvzsoc     gxat      sbf
  smzmes     pbgb      oji ncfzpaln
    nlcq      oek      nne    fucbb
   ggylk      ttm  nipiivb     vvim
      nt elvaskai     qfls oxzbxqvt
      fl kraeiguu       gz   bkqyfp
dbbiqvvr     cajp  vszstjt     pdig
     ath njdbgpun  fjywxcg      jxd
    nyhj   aceayc       rf   niatff
rcbxbkme   lcyeow   ukytny  tttshtp
     htf      zbm    bmgwb mpchctme
    zzxl    ljyax      wcs    kfjmh
  bhnpio     kkik   lcpywu  rbncwzv
    yuwf    ylyvm       ji     uypq
      hb       py  xppvoif   jzcvaa
    poim   rvijpu       bv       ta
    hbqr     kaei    vcslc     xsrf
 bqqstsm mnelqjtj     nvhc  xeobjty
piswtduh       bz      wdv   wtxmau
      vt     cftn     xbcf    qujnb
  cvfiwy    yqjec      jjo twmiityj
tullttdk yycikrvm       yr     smhi
    zjfz       np ktedeeqc
