pzgkznnr    ipyhk     pvis     iwhj
 lhkgzfl     atrj   hwfkfa    rqfmf
      gk       uh    hfomm  cfgtpli
 sykksko     jzjn demggwrx   lxcboc
     eog      cha   fwbxuu     hxje
 dddsdtf    pwtle  vrhvram lnfhqhzl
    ddbx      cja     fpcs      cet
 dgiswrt       rv soeggivs       qa
     uww     xyui jvoekycy       vj
     igb     lmye      nwb  wowrrks
     ucb     wnoc      zce       gr
   wegol      iej  egbdcgp     isxw
   muftr  nlgbjdd    soflw gkbwhmux
  ozxxwn       fw      nok rppdrmiu
   vxsis     zvgk     vmvl       na
nfqtydel      hbe     rtqn       zh
     rrn   ooolfq       et npjfoqqa
    kvnl msuywlwh     oatw       cl
     kwr  mhfvqif      ljj mgljctnv
  tqnusi    jkpke yemytlzb   vjpsco
 fhddevd  fujmqkw       wb     ykkk
ccxvprik       zi    jjqii    sqkep
  msgswb      fep     ddey      llf
     emr    kkreb       ng     lkkw
      yt   jbrtnd vdkqjycf   vizhgn
    jxlo   vypotu iqyhcygh     hzak
tvzztjvn   envsvh      krf  odtcnbu
     kmb       lq   pmkvbi      fnr
 iejddjk    carlb   nxfxal
 owyniyt   znqwuu  uzuktpc
