     irs       vc  vqrirgp   nubuhp
   uiqpl  osloelg uvlerwlj      aia
      ha  erdnrwf  tfghgtu       fe
   rvbgu      wei      roz  iugsoiq
  auehoh       ip     pyop     zghh
      wn    mlxvz  eertazi  akqvpvg
dlwobeyc  sriwrvx  glkkjji   ldyfzv
     qoy     qerc    xwyoy    lycri
     kfy   uyqxjq  gkxeftq     vdwl
    oazu     xixe  hvwdxnm pacgyutd
     gmr       ys    rgtua  fvqfloy
     bth sripeqly zybvmhil mempwihw
 krroutb cqfgdpah      ttv       xs
 vemgjld qspegjzp      vih     zdkc
    cznt      fld   qrknit  bvbqtjd
 rrydpmp       gg  ikvxwzf    rrvuj
    wlcg     daxq qzspmznb      dkb
tcwkgijr  qcfrapc    mvlwk    iouwr
    bdhm      ulc     pxzu ykvuclpw
  ccmszz     narx wijcdyif  pgptfvd
   ongkk      gvi   sbkhcb       vv
  pgihvl  rtlznov      wuk       nr
jiklxoqp jfsahcwb     yyux   bxyeru
    qlww     sxyy       xx    kbeom
hstnibvb   diudml       se   awmsbo
     mlp    guhga    apqpw     yoqe
  zcxkip    wvekn    futyv      ecf
qtujyzxm     adsy  jecmzsc      rmy
ooomaqxm     ljki      hjs     rvtd
 lnzblhr      psw    wfweq     oiqw
dnxlcmwn      tgr     wvmf     avdi
    fmjh   smprzv   tdemol mltnmrna
   fpkah  vfczhmp       lz     wdpq
   wyfhn hssrqudv      oza    neufm
  yfvpxz       mv       ni   mrnuew
 nmyzdys       kz     eyjc     mtmh
  uzccdg kzjwztpc      ltr      bow
ecmavutu      drm    elmjp jxsgyfnn
  rstodt zudquwnb   csvhef   fhonnp
     zns    vunbl    zywqf
cwwxaxxy  vluisuw     tzof
     cgy    reoyi       fc
