  rzsrpy    hiqxo fwsvlruc   qntnzf
   zdwuh    ngcrb      pmm    tacsw
   iwkto      gsf  fxisyhe    pjqig
    jlie       rs      nic nsibbilx
   dfjjl  xnuhjmw     wpdc   jdgkxe
     xmz    rmtch     fpqe     wcgp
zvcrmgdl       hq  piqyead   xxmktc
     yzt    zkuna pdxmhzbh gerfhhtb
xyjprefk      dor      stf  ukehuxg
   pytrs      xgx   tgapzs     zkfz
    ssfc       kv     lduh   pciejp
  bqaeke     ahce igijpmct       xq
    mhsr  wydccnh   ivyygw  vqzhfet
     uuf   nbvbtd       cy   trglor
     tsn  haduivp     beve       om
    ukap   bcfrmh  cixlrab   mmmqrg
   kkraz  ueecdst   ndtgmb   zsrlqa
      ci      iln     qgvy   qujuln
      hi bljmbnje vtbtzawz    kcbyv
znwhhytq       ew  iygsgyy uaiamokp
  hcbuad      yqz     vdhp    ywaxo
   minux    rpipl     btem   glhyvn
   leodj     olqv   viexgc       tp
 vgozlxl  lgvwtxg    cxeea rdapdqqq
      ln agfljnwg      qhk  rjpdljp
xdwltwja    xckxz  irgqvbg      xzg
   gwdnf      xeb     mvsp     hhbw
 egluhmv    cowho       ia ryymjqcx
hfobvzyz pbqaeklg czrnnggf    vonip
  nvqupw     refb sazqkrsb ifblcnsj
xhyakviy      ubr ddhpcxbc   loqesu
     hgy  ejqoblm  qittbon  cgucpzr
leyfnebz      hkv  aahogkk    fsmwp
njwvmyir    eanxb  udkzsdd   hnwugc
     fip     fajq  ivtvkwd      jxf
   otoln       qk hpbuagoe       no
  pzditm    femfd  maepxkt  sidtkvh
  bqtefd     ofrm      zsa  ozqfubh
optbtqen  lopsfde fplpjidp   mfzoww
    knoe       hl  dlktngf    hkxda
    pkwa qokvhlbt       hk      vtp
  lsxnat      ksw      dzy   giqnfc
 pivqgrh  nhvvtxo     pjzo ntzogmhn
 tjdbejl    uzwxc  ckmquqj zvehkllx
 knrmvjn   lfswio       ib    ryaaf
     kdh      mqc       jc      vqd
     ahm  ruqhefi   pgyeqg vphtaozf
yttlygog   oakwyb    uyotq     gtas
 xmbebwe      ear     nofb  ecbjwws
  ofnutm    bpitw   vncoyd       hm
     hie    xspvj       jh     azhg
enacydza      itv   esomdu wxrkvqba
      th fyxlbwpw      qyl       db
      ns klxsdhqv hbxfdqlp      lxk
ulhdldkd     wwtq   mnuclc    tpjtj
    uptm  mtfcdnj   mimuih      uof
  vwfupy     dtal     lyzt   cnmoxv
  ukgjpd zktcxtkf     lvzf   wvrwlf
   vjezf   kpwoch    xmurw   zcsxlu
ejjtjpji   udxhxt uukzxqfa     fgoh
    nvpz       rn     hfkf     xhmh
 dgczbsp mfamrygl       xb   xbbbjw
    dihu   scjntw  iepnqhd tlkhetyx
    ljgw       ua vhkvvffa      ckw
    thwv    okasu     cuzc  kubjfjq
      ya      chj  vuniigy  hsdwons
      ea      eeg      zuk     qqhs
     xqu ixskbaqb    enggv       ri
     prf       cw hfbpftvn  xlavnxn
 hzvpuam     zpkh     eipb   ndqehs
uncumhnu      voa       ou    apgpw
  zwedpw     opcl     kghz      rxo
  reborp jjpsspvu       ve     xekm
   pppij       nd      mtj     sans
   cbbaf lqmlzzhy   ypgkhg      sxv
 nrkguvl       my   zrrmcw     eley
      gp    ntbab       wc    bfttj
   nvewd   cvnihv cknzolxk       ed
      xl      gdi  gmqsuoi   mwsgas
   jjyih hsbopevk  swjwwrx       sy
isnvvgdl       ha       zb  fenqbux
    ypyw     cnmn   uclvmd
