  xffqef   lkkypg       to   szplfu
   xdiab     yxfq    davfg      vfx
  fddxgt oskdufmb      wzq   rdhlxa
    zlim   rtyyyy      fya      ndg
   eskrp       lq     hzgz      uii
 xjpgrey  hwfvdwm     fkni  noehsfn
    xahx   ewmrny  bjkodkj    fkeba
 noainqr       mr   gjzdjm  nfkxmbs
     cqr     pdao  gbotxsv     yfqr
 euikiru   ilyuof tskllwon  cqmoyjz
      lc   ivnmdt rzrdkutr       nl
     wgl       us       vs trposmvc
njubqhcb    fjspl  bwtiugj   xbrtaw
      od    xjzvo uybtbsbu   pawwsq
 vosaoxm  wuhqfjd   upsahc     pknn
 chrqnpt  uvclssv    zggcu eackkdyz
     upu  nqgmbun teqqahwv      bjn
    dsgd       hg      mzu       rh
   owlkr      bbl  msmlbui   myuimn
   etvzw       ek      opd     uldj
     shz asqppdbn   nlcvvd    iojfc
      nw      zaq sruhaijx     gefg
eriorfxq     vniz     tdhl    kftto
 pzhbyic      kbc ruratppo    tzwql
bnpvmuen      xjb irjpyloh yiovojkk
  pjaylb ilgeomdn      ezq     groy
    llwd    zmmfy     sdjy    uijvo
 eianalk    vuati     rfmi      gls
     fhg   ffgtwi      gxy     oaex
iyujdtuy     wiaq    cvwkw  hykoytx
  gwlipr    upstt   ayguzz     jymx
   qhsln qbfwkvoq       wd  xnnmtar
     feh    ljtjo      nvv ptljduvb
     rfi   xgclbp vaptfffg  pvbvzul
    aqyk      xrg iatraqvi  kmenyba
rgcqgxxp cpyworgt      pjj   yvwqgr
     ecz igvfpvjg     fjqp     byhq
  dfoduu     fnco     pssw  tjqqryn
asdrutxv       dm      ocs       ql
     ndl       ye     rfis      nih
     yur  glgqzkn       bf  wtowror
     bbl   gxbhop     phom  ectokkc
    nkts     fqrr  uzocmru       vb
      ah  akfulll   uslvmh oyzpoxhc
  epsrut     czdl  gtfwdkk      duy
goojsjdh  rkguwdp     qiqh       ie
 mymuicq      ztp      vlz nnoskvcy
  vxrtwf       ir  ynmknpt csxnflhb
    zyto      avd   wwcgzx      zbl
     tqc   qaepsc  ioofvmq       lk
pvnckmcq      zna     qrbh ogvjnjin
      hn    nqkyb  hupraeq       dw
  fyhtsx  yavcyog   uidbmy afnrufhh
fjfahghr   idqlwx   mtzpso     yipg
      fv   reptdv   bqtnua    lmxbd
      db kspcatzf       rn oxetxamx
      dc sgdfkyjq adskkebe ihzveriq
jhxglpni      qmr sltgiuwz   bkppmp
 jhctigc ninkstof     vgnn  snsfseb
     val   yysuko    xzbdg oaxcxzgh
 ahvisuo iqxtjbvn       ry   lwzvbe
 gtwqttl  cbdjdds      cwf      fjw
 jvwhyuc    bfmea    szgqw  usmbxum
  uurwul zaidsvlm     eaic   wfjkna
 rnocbkl       kq     xogl oqlrshhg
    sclx   cpwvld    yarjv       kg
     yjj    zgqtx     lqqq     vrma
 krbuoiz       yq     xrzy       dd
   arqda       cy       bv     tskn
     uoi   mxjeih  uqjyxyr     exug
   rrqjc xabexmbi amhrzlkr  anwburl
 dlyigul  tpehbzf       nn aoczuwvo
   zhyug     jcos    eegnr pihtgxrr
xdygqkra     pnnz fbdyrbel    hrqir
     kuh       ot   sahrzz   vqrcpf
     ytl   almfjj      quy uwwrslyt
mrpeohhn       ii    rzesf mbqwgzsi
    lgvu    aedth       jh     nzmf
   mhdze      qnn   eepyip  gvrfgsm
 zbphuzf ippgljry     kfkp  sraczoy
     mmd    szyfx     hhdl      fah
ehnwnrzv       rc  fwwnuys sjmwvigw
    dhzn       cz      gzi lqptufoi
      sb       xi zaejqddr   pxthel
   zfbmm   edwawn  znlfrqe  qfaajkv
   mbams  nuyddxy    tuanv   efgwku
   ptsrz     vpwg nrmtkrep     ywmf
    prho      uky       ka      plq
    bsrh     zttu scbawjki       cx
  skchcc mjrovwlz   lezhxo       df
     aob       fo     bdly   rpouyb
     xpz       rf   gpkaoi  lincmvv
     ypq  ztqkrdz       px       lt
     ifw      jgt   vllgiu    jxrrh
qbcidxxy       bp scaqdnfs      ndo
uchmddza  izfffou     dtql     gyel
      pj     ople    eoidk cdltbmdx
  rvqkvb    hllew     tbvn  fytijuw
     cjo    pwtbc       hh   demsgv
   bifqh    fwuyx      hrh   bqnbzp
 djkmvrs     vqxt    pmnwz     sysf
  xemvmm   relyei    ovmob
    tibi       jm      zpv
