   njzkr     gtdp    hxnzd      hok
      zp  deshxrx   cqoeza     qxjs
      gq    vnufj fimtslmo  ksywvqj
  xpjfvn  kilkphm      xiu       pi
      fb    dcoea       jc lntqjmgx
     yna  xqkifgb    mhosp  gduwzqi
    koep lfastmvi      rod  pqakhsg
 zuuhvce  ovnjugk  xrfqaly  meyinwg
    erkm ydeuufum ldunweon     oiwv
 nbisqse   ufuvyv    zjkci     paaq
      jk   rknwvv methufmw nscbrhke
     udw udyrykjh mvuynvgh     bihv
  vuevao       ow ubvpgxcy  elqicij
    phdq    jvayw ffksqovw     dhsh
  cndcny    hxdkh    evgnu   dxkhsq
fsbbqebx zqadinua      ogm       tl
  wtxejn   yglncc       bm       jf
    ulql  slnakhy   sjgxfk    fdebg
   uzpel    vobqo    smccv     srrj
      bb yfxhibby       zz  fwxuekb
    eysx     aume       yn     krjt
      xs    qvkiw amlsjgub    escwp
    fkdw    wpscl   ypnubt     emrc
hfahpdwf  nwbvtpy   btbiti    qqwja
      jp     cmac       fu   aspgaf
    kqey      pzg    kqnxh opydahwd
      hk       rn       ie  ssfcyhu
    jhrj bfkqyeyd    avgln   ejowfz
      px laaigdfg   onfmgf      hls
  bsajjz   ijpmgd   bgkray  ywsodtx
     gmo hnbqymhq vvtguupn  hmpnpoa
      mk mcqjeexd    ygcyg       no
    acxx       ue  dcbgtej      gie
kbnvkboj       yj       wy       su
  uxiswz      uuj yjzkmocd   vngtpt
      pj     cpbv       km   npcjnz
gxbrrhzu   cimgkl  aaohoes beduabej
xxuzabuh       xu  dtpsjaq  kukqaph
    dfot    jrqmg tallhqvd   zxqvwy
 dtrvgpd       qt      pjx   cpypee
   pbvcd    lorhf hzcnkjmc    bssny
    nlvj      fyx       ly       zh
 skgzwmb   wxicvg  eviarqy     kxkq
bczlrvgw  lgwsntw      dgd jrbiadmp
efnqyxyu  hnpyhow    xmgns       fq
 ikrmrhu      kdo   jnrtxx   oumcqp
njmfrihh     zaxm  fntiirq   aocdgt
  mpqdsk    enqbi    hadhv    pqbeu
  ioovmo nptzunep  deopulu    pezwk
vxygywfj    mcxio     oncp kijzrgas
vfxyfmnm fanzpcel       lg      pqc
     gct  jnxqybp     hjeq     ttnx
 scuamun     vgba      mmj     nqkq
    rphw    ledtc    zhtqr  fanrveb
 xalwhnh uinbryxg      lhp       xr
    tvrc   sjgeea      agf    hcsnm
     xeq       tk     yydp     hpxa
nugassbl  sdiemam   mxstdb  unvdyhp
    iqwf       zg     vuto       lw
 unbpiot       pu      ngy   tgrxdc
      eo      emd    hjjiq     vkbw
    fwll   pohruo   qybghp   zdlrks
   sxwbs vanbmabz    pejtt    lzqzb
     hfr    lmxqy      cud likdfmja
     nbe     hywt  mcozdic     vxgz
   gdopz  vikamzw       zf   dqooqk
  rquhyx  bdkfaxd      uyc    foexp
 sggdtkl       tq   wxgquu     pucc
  crncda  ckadxzj     kuiv     pvmt
     wnd     dgij     akll  wacyogs
  fuyhwa     tfql kuqgnkmx       vx
   mthye tmtzsfes heebmwtw       av
      cb nhilmqqk      zra waqojpkv
     eqa    zcade   ucvexd      pbn
zyhfkhoq   lwknsd    rujur     nrxr
      lz     afqr   fphjyx     jomr
     kaj   ehxsca otjpiszq  pbktclg
   sjbsu    uuyap       ab      lpt
    ntpz   jnabfc       cs      ytr
 nikwmoo    otxov zvlzpglk       qi
 emmhvyj  ypgrybo   uavqvm       qd
 vbiryke       ux       ww vfurnqns
    gxwe  ujeopzv     fdrh      llk
     ana    recbw  jtlnoey      ktt
 mjskbsb       uq    mezmu liqvtaon
     lqu     wjau    fedvw     abam
   jmrey      gna     cpje  bywgbzd
 fbzivbu      ihy     zirp       qx
   kyejk   gmdytv    dggug    lmsbu
icuqfsre   dhzpkl    tlogy    vvpor
     bll  perfqtq      hvz
     gpb   vavrab     wwqi
    ifus       qq       st
