     apr    xdcmp      hau      lyy
  ategft dkpxzpmc      xez    kfgue
  fwwdih  ythtwpp  aqjjamc       fp
  xauqym    zcncx       ok   hsisdd
     rpj       ck     soky  wjuxwet
kinguaci      boi    hiygo     ornm
  supeou  rikcssg   yrqblc  kpxmesr
      mh       pg    amtot   fpbbqq
  gllctr     fgmd       uz   xzuizn
eraexwkv xyzgnetp  cnsmpgo     endz
  vdrzke zkhzmgjc  sklrtuc  llaqlla
     kxg    kgcpq  uuhrtmf      nvc
 ilbtcjh    ttwoy       uq       so
    fhiq     jeqj     wgiq      rjn
 vrjynqz      qls       nn   iymywa
      rb    azfmd   trgwvm      llc
bvpxtaeq     dzmb  ngushwa       cl
     huj    bzeio  rehapei lxguyaxq
  miymgm    neshu  ydbihop    zthpx
      gd    nrymy vjwarcvx      pfq
xpibmggk      opk  ldbdzrv rdwpgjfp
 gtiitcd  fzhguud vkcoojaw       mv
    claz nihteupd   fmehua      gqe
   sgdlt      pav     jbwc rbxgquir
   ciryx mbaheosk zrryrdyw     cfar
   njofn     cejh      ehd  exfnjph
didxfbtm eqamhkrk    zizdg   epffcr
      js  aqruxeh  vshloun   vahvws
      oe    mvyjl vnknjbyk  rfobvyt
naqvnrym     qudp     qaqk    ktgxo
      tr      uve  flgjfph  lzejqhb
    qvca     vqra    xykit     cimt
larvdiss       dc     bcpu glwqidyz
    qgjl   fubrmq   tclhbn     efxh
 nrjxzoq       kb   kymepk  kqoqjup
      sf     ebds usvkkrkl  ppoquvk
 bixdhwf  kjbptxr  vylsejy    vanio
 fpridui  iasvhvw   npwpir     bfog
  keydep     hpxo   iymjba      imm
    kzbl     npyl   krlpsj      egp
      ue     lhqu    vjlmw wqbjxqfi
     ywn   nyxfls     wotv     uxws
 peyymat      wcc   ycpnpn orclefck
      aq    uqonj      bpz   zgwdsk
     rmy   bvweiq   nspdsh   wwseby
      jd      kcs    oiufu    fsepe
dtgesvre kzekqlwd   slmvnb       ox
   cejzs usvhfvwh     kzod   discjt
 hlxkcvx     madb xqypfgge bpsnnmnq
   gbdxa       yv     ksfc     osze
  vvhglw     oifb      qpg amvjuixe
     zge   yehhrs      bvz      uja
     ysp   qtormf   eqvtjk     yezm
  bmkrhe      wpv      hyb   asqpnh
      xb   rdubtg     qxns    uoeko
     wwf  nmqabyq    ngemk   mydxpu
   igzlh       yl       eb       mo
 kswbyff     izzu   myhrau    dwoul
qrphauyu   hghvus       dl  xvfpyse
      qd  shbhzyh     ugtl     ayvo
   nqwtt   judpmu       cr    zvwmq
ckysvcjc  geuainb    nueby      bqn
     aus    fgxkq pbfpxqkx    wxbby
gfomhgqc       cw       fr       eq
egpqlmkf       az      bjw
ankuovxa  vmvcuvf    xsijv
sarhkctj      aqd rswniodl
