   pyieq      qum      heh     iokm
   mkpus      hvi     wekv    ljqlw
ywyputzw  wdhonhr      rbd       gf
  trhwiv    sivfw     nyza       gt
   efnyc      pkl     nfvt       zh
     vyx       ro      vtv  oibytem
   pnlrz     aviy yowllxjz      tti
     oto     jjxh      vac     bbpq
    nchd      ydq    krbiq     zela
    cekl   xxhstb      kah      hhv
rhlwdixc    sljjx    ohasi  tfoxgbl
     ohe   wwlamf      nsp  rykbvtg
      fd    xgkzy   vclbet    niubo
 ctemaco  qghmcga       wc     jnpo
     zep       tq   gzbtaw  vwpjxpc
   bepjo   zcbjyy ykqihxmo  nvwqgka
    imad      xop   xyafbc      uxf
 ezvahyl       xs vxdmoafz      nyp
  nbkhlg    xcelz nemfpxyj sdwwfpsz
     pzl       aa       fz  jycjaug
liqpvwdi      ifx       da  jfqtofv
   ampol      szm     lxfe       ro
   mbcgu     lrwg    avxem     czpc
iwsnyhod    ywmai     zvjm    upzbq
      ic     ekwv     fbzy  ujkthtv
   pqtlm   ieawey xsqybwkb   upxaer
 qnftluh      cdq     djqf   okhjzz
  fljqxq      ttl   koiohf   igbysi
ygzdvvwq  ibfmfgc gvkjjoeb     vule
   izaaq   pjifhq aoickycy     oily
   kveqr     aoyq    ysjgp    twxvt
      qx     tnbn    utvvb       ku
 obaghtt   daeugt      oxf     ybpx
  ycsnxx       ot       lr      swo
 rgpasav       nf      uia   bjpgjl
   bppfu   wwixan      fes    dqgrf
 azwfgza    jjdir rlledqoe     renc
ityifkbe      awn    injtx kaitfutr
    lham   tfwvvf   rrlffl     lesp
  ndwxjl owfmrsgt       yx   edpioo
    rugv   mmavsu mgxychct   janxtf
  zmwtej       ym  oxgtqde
