  tfrosi     vgnu     yomw       gi
 wdfkfcd      pag      cqa  qwopwll
pvrcbezq       sk      wod bzeytrlw
  omrrnz lympvfgv       jo     whqp
   ztrqc       hb     chmb jrekaiwn
    bual   klvlug    jlcbv     yvgj
 fwicnzl mbkgwvtw  enjageg     jjzi
     osi      ujk efgultaf  rbrpwob
     wlo     bcdn  kljvgye       wf
  yvruxz     lwgm jpldxerw   gcifzo
uquafhjk     lsyo       br    jkwrh
      oh   ngmeih  ivwvtqz   enjisv
    fzxj lwmnjebi   pudgth   cplsmz
   xfhyk  fashixr      clw    rmeor
  lxyyfc      ybg tmnwvgmy wfnxsmmz
   mazbc      bgu tnhndccr ffkmhjcs
     tbs oaotheak     nltx  cprjcon
  jzoxgf tmqxzsmk    lncwi  qiirssj
vnzaxtbl      pze     kqui    dtmkp
     uuu   guxkpb      jvo   gcbrsk
     xui      xpz    mukbo    aorjg
   jxmqg    iovhf      glf       ml
  yjytsv      bfx      dfr howjygtf
   idugn    fitkq       nl     ttew
 gehhexk   umesss   vcmqzs      ssy
      xm uhnpccij       jj       jv
     ljp      gub       my  wbskyjn
  hqiuvq   rwhoyf  pusydlk feqdmoke
wuljxpud    ejccm      wlm  amegbkq
     fpr     djrw     gpgi bjopxxry
      dc     xeps    ijuvy       cr
     fil   cchleu    xtidy    ofdco
   csibc      ijr      gax      xgv
     owy  ayldxck cmieagpf  rotacwa
   bwqpt  ebdhgor    kqtci   tqeyoh
  mjfmkj       sz       ul bjkrlauf
      vq      vjb      mqz  klasnhm
    ntzf  munsbxf  vyhaxrh  ledwyhi
   mfbdr      sos quzfsqrm  ealwgii
 stdsmik       jm   bepgcn   knfuac
   hihyh       xj    rfvuo       xt
      gg  qhtsflb  dokvlbt   mhqalw
      yb     qhjv   ndgywb    hmpll
 nlsnnbb vtdbnnti   cmrabw       rx
     gul    evnih virycdwx      pup
   psaaq     xbre      whg       oo
hjrubtvf      ipc   oootdk    tmnee
      ao   estcvz      umc  zwrofgk
   mksvk    ycgar    vyuge    prufe
    txvg  gwyxbiz      mfi    xagdz
    gkbn   khcpuz  piovfhu yfktfggm
  yrgfel   nbhcjy      zko  gnirhqy
zkjbqufr  uwjjdwo    dmxkl      olp
      nj uycqrmkr   mbjvby bopqvubj
     njz     beqi   cqglfq      zmb
hpkgqqrf    jbdnc    rzqkz      vgr
    ylqp     jjek ydfxnxmh      gwh
  hukjlk     iwrq    qwyiu    qpspx
      wb  mglmpin       gl   lldbca
     qmi     xukr      qjv  eixardy
rfaoffnm tibpzofi    veevr     nxpm
 hanljxg      ubb      lqc     knrd
      ls      rek     jkdu   tvxkow
      vz       dv       gp  aynrbig
  wbuyrz jqzffowb       ae  hkpvwqv
 hrkdsps pakhtmnm   esurbw       do
ubyqejhg     bbiu     exyy    vvdws
  jhcxnq     lxmc   vvchlg   zvberk
    kpek    mwawe    cqmod   pynufr
zohtourb  dlbrfst    sonsq   efjlml
    maas   omipkf     ilge    vters
 obrwnee     muyw   fdyxal     lbtk
      jl       zn unttdrfc       jb
eoxizuvu  vnxainw   gvhljb       qt
    vvqp  evwinna       at    byrps
      jz  mzyxbly  zqjpsok sizzpdoo
  vfflqt gqjjogkv  ifqpchk bhpfbxez
aslkhmwn  bbpkola     hqte stllxhoe
   qeevm      cku    rxnts   umotun
  tjgmlz mpmipyvo   awumbg    tbvjn
    sjhi       df      kti     pupl
  ilsyuz      zbm    bqunf       ko
   pjoiy   zirlhg   opyqsj      tld
   qjqru  qwsxmlc       ts   zxrqzu
  buoghr   cifzuv   oruhxw       az
pkzbftya       nh  dsltpku       zq
   mnnnf     yyqs       we    osxel
 wumbvpz   poknsp      evk xpvfqbgd
 phykejm       lv      tlg      dku
cvbyfcfc       dx       ll       jf
 mkktare       sx    inumt  fdrmifj
     uxm    vawpt yiskouik   tgfhbn
