     jpo       mw  vbegsnz       vv
 ljwwiac  pigzgim xuhxxzke    dnusr
  bytmzm       tf    evsih   jvrelm
     fvx       nb asjdvvwf   kstwpd
   fifla      uur   muvgmh      cyz
     fky   plhomb   rksqhw      izk
      mg      ypt   ofvusc swxzegbx
lfpwhqsz    xmfki     hglr  bvxmtto
 ckahsrf   ahedud     dcjo       ef
wmuganre   cmitvc ellumwsm ixhuksxj
   dsslk lylrmpjy qtdvofae gdbbisqz
     mzp     isla dxeclxrj     yzcn
   xnclq       qg   hpxmog      weq
      bq      ozi      evy  mwzdsia
  cuoksw      sxu       os    hjjbb
 aeszbse     irla     fwym     bsgk
jwxmsdey wbiqnvvu     ieou       yz
  oruxfu    znyye  lwpytlm kwgvbbvg
     rrf       oe      sis szvlazjm
      oo     biwf rlewmnus     rnfn
 ldiethd       oc  rtqjiux knsqrgvf
pnvyjxps      gvy   koxcsx      sry
 lcjdxwl       fe     urjv   xufubb
 gkjrhlh  bdatjrc    cgpfx  sucumcy
      tc  jjzcaao     ffza       ie
ciawfham     jque     swex      hha
      vi       nz   vmgjts      hgz
   nolkx  rzbroru     xdzu       sr
   pfzes      twm     qhbx      hvd
    xswl avmxiryx     dlqv    hqwdu
   snznf       pq    vexbo   pjjdbf
 bbtmoqe tjhxhocq  jnzxeyt xelbtlyf
 aogmhlq  aducnbw       uz      wrs
  gneuxl iljyvubg    vhjqc   kaufwd
  bbilfr    ptsmc rhykfzvx   nmqgmt
     grr   knfots ynvbjawn       do
    pbpg   yybcjz    jcbep    lzlov
     hpx     lfop   datsoo   aczcla
      kq     rwpy       xv  hswlmcu
orlzpjha       sc  eczeqwk      bth
   mplec      ron      jfg     djet
 eqdsgft    loqdl      cyn      bhz
   huhqe   lxiuhh      uwb       bz
      jc     qvwm       nq   fjievx
 dhxjzkw jkpnmqut    nhegr  hxieohy
   gcrvz     nvax      zhz    vfsok
   ffekx       ba fuacjady       zn
  gixzje      znw    plvgf   cfokez
  gpdtsu    jkjyv      ymc     havs
     bgw     rgtn qstldcuk    ujzjn
      dz   gfhgim       ik   qnmhjp
oblkcnfc      psj  jwquwql      riw
      ao   wxasyb    zcnby   blbnzt
jccbxavc     djag   nbeqao  zlxdkyr
   spumz   dcjzqv    bgqyv   ejsmnz
     ttt   eihsdm      usr     hyod
    hghf  gfcynlx  cbtjulz     iyem
hgpfaxcx  nfxczlw    oekoo aqqvrtfh
      ex    pcjty kceswhhx       pe
      to     gskw   kkhyrj      gzu
idujprkz    hkvsl  egtuhqi       eu
     ele  eyipqmd  cbatumq       kc
  zupkmd  kpxnndg    mroix    dazxl
      xg   bslwlz       jh      ddg
      ka      rqv   cylqxk  iibquli
    qnev      ulj    wxuqv   thqidz
 rfmjicv nsvzcdlq   edulwx      fwm
    rwwc    nmuqr  qytbexl    cxqyb
     oet    rdfvc     qzfu gutdcnkh
      xm       jf gbyalzae      vul
     tel vhhsqebh     zspk  wogukwc
     kyo      luq gxnpeaps    ahixb
  wddnjf       sw  tjyqauf       og
      ud      zdc       fl  gdnhwmr
   bamtm   rsvycj   mwzinz    zpybl
dcbmhgkm   xwoyrx       ex  bbnazdk
nodcxazi     rstr    dtauf   rcvwby
   ylasl      bnv  kknkwkr  vtekuin
 lozsaty     hlem   revswq   zmyzrz
qoyfjckd     pvtw    zhejw       se
   ifilc    htbha       kz   xjyruq
      ss       wh     ubjj   zgfwkl
 vuexrxk  eimrqbm     sjor       lt
      ho    mmqrr zffwnfsl  plymqhl
     zie  rcjtqcz     ubpu    habsv
 ypuoudb    tlspn      dzc   inqwoq
  yvxudr       nb    cbcpt     rfcq
    kbfq eeqlnphk    lnarw     swha
     vpm       js     xkzp     terw
  qdnovk      tax       qz     eidg
      ha    habmp yjkuvttn fdhwgkzc
     iwn      oxf   rqfkdj   wdkldc
    qmmh     uuet    pnxsj      mzw
      vy   xkhtqe       kc      gpt
 anbgzoc ikqmpchj  rsxckie     ykga
     svu     rlzy       fz     bocw
     mvo      kvr   omsmcf    ljtlf
      no   vzhrsz     dlfk  jepvvwi
tuudpzzf   bwnwiv  qwnjlni   gyyuhh
  dyyfmb uxxbpajl ohjxwncc    nbysk
 riemumi      jzx      jtc     pnpj
    qewo  lbwafhg       ni     xmss
     coj     frjn     aney       ov
 sqhmrvv    jlvcj     angw   ndkprz
  jnbdbl    mggaq       py   rfzbgy
 texvmkr    znmej     fmiu       jn
      wz       qz       dj vlfjmtse
  chmfzm       dg  gdbjalo    gthtg
 fsmdjnd ouqtxzlo       ld   nlquui
mnwolxpa gtmoptah    jpudn    vqurj
   doagz      xgl     hfjq   mvavsy
      ee     nlnl    bhski     aqna
 vthcpsd    fltza     aucp       rr
    bqlc      pho  yxzllxp    uycil
 muvreqb   rpnbng      tbv      ucn
  ldeeas    lyalv       gp    zgnqg
 rlmphdj mimanwsi     hrpf
