    bcre    ptugq       je    igdzg
     jav       jq      ckw     mssg
    tesa       bn  kfmrcyy toplmmhv
uhjeihku       nx   nrbqvl      kkc
   ahebm qqaknoab   kgejri     kmvb
      br    dmidt       gj     rrpe
  rsnbxx  jrcquzh  fyvfrdk     wyyt
    dlwq    adhgg     fntb       nd
cszjkhbl     fllt     ncuv   difqjj
    yqmi       hp  vvjernp     geie
     czu xanbuwlt     wgfj  ckdufuk
   ciqci uxyplkpj       qo       xm
   eqapj nvbpmtnz wpnznwkm  nrvwvrm
rbkbkggd      fio eubzmknr      kab
    panx       qx naphqtmg       qe
 bhreutw     okve       kg    evkpw
  kkzegz    cxpza      qlr  aqgkjcc
 wvwtclq    dexkf     mpsp    qkdkh
    rtrh hhnagloh       ls  jxweaye
   svaia     bzxn    tgyid   gewnrp
    xngd   qimexy  kahvkmj      brh
  ftuean  mzeodfp      cxs     gilu
zutxdxyr       py   mxbfbk  xardzxp
  gbauhq   ummhsf    powpv   fbxbze
  njsnif  rvbhacp     zifj       bl
      uw       uv  paptbkn   dhmwjd
      go       lk     ldfi       ao
 rauzzgp      ssu jhyobxse  wohmyvg
     cqo     pots   xxcngf     xebi
    uilj  pngtzuc jfhigmmc     tves
      ow       jh       cg       qi
      az     luif      vyh   dpwxeu
     tum       eq      fye       ev
      wb stukmjtr   xwlegl     ebtr
    vdvn ttfqbwor    aldmw   gmfwbe
   hgomu       ea       ro    xcwrn
    dplg      nih    yqyjc  ddlrndr
      gu      wlr     ilho  cweomjp
    kkgv     qshg qzrpscfn    idwii
      hl  lrikjvy bnwggnas xfguynve
    nqiy      vka      cle    lmwek
rupkhfsy   jtksgc       qw       qz
    feoj      kvb     otyv  dtlsawg
      ki    vhwnu     tlxq       xv
vdipjtln     fgqf  dhouocb mmvkvcfa
zncvkziv    dkfaz       lm     wukc
      zw  rzikivl     dyqg    esfuj
  pnlqtt   fybbyy       iu  quzbouo
 safbnib qturykag     fgye  miyokbj
bggobumx   sxljte kppigqsk   cttivu
  puwfep       mh   kurdpm  ggdakcp
 giuvdeu      cgp       ly  sushnja
   jaakq    naoxl      gxh       bq
ylzqcyhq      ywm  fxzlxwv    wsgyh
    zcbq      bwo lskszvnu    nfqyi
fsuwyxgb     tgri      vyg     rmpz
innorwer  snesgpj zpizdrso       fi
 kwixiph   eyozgc   ecipld     kfjb
   ymbfq   xizpgz      slc   xstpal
    ymdt  hpmqpqo     ygsk      jij
kqocaydm qsindsbi   zfrpzs   mkbqlx
    yzfd      kkk     kcvh wsuzkbbe
   qhqzk   iziemd       ew      khu
    sjqo nrfzsziz  aglvdvg       cx
      ol       sq    ilyzo yuydjqhi
      lq    gmysk     rcks   vbnljt
  siwwhl     vkbt      dbj       pv
      py  bfxsykh     ykbg    cwdew
upwhrcug fbgmresv  agmvppl       zo
  vaqtmm      cad   xljoqs   rauier
    bdsu   okjudp       vp  vwjhroz
  socwwm   outjts   xxqfcv ebryqtff
      bx     itmj     qafo uogbydqg
    vxwg yqmakhwj       rm       mb
wqipgxsx  trddzwi      imx      pdo
   lmkoq ktffuphr      ier      swg
 ltgdvhf     ssng      hbj    sunlo
  sjyvpz   lepbug      zfi     ccoz
     mef       db yxmgdgyc     okha
 lfpxsec finrqgou      gju  lbfdmgn
  cnewzy     bpdz   waigil   xhkjce
     hze wssbecys      sfy fzjokfvt
      fb     aede oolkbjdo mmgphgba
 npisqir xsgowgxq      nsg   wrtpxd
    xyhm      war  tjablly   wlpxez
rsdnwhih     euve     qzfw     jjhp
qiqpbexb     biix  idtkhlk       ck
    udec    jeslw tskqrxda    worqz
  senawl    lzbpe      ehr      ejq
oaybmgrz     wyim     gshr       qm
     vgd gvghmech  pqrbjet     orpp
 sdchrts kjdwebul   vlzwun lqsxjsyw
    igbj     parx   bkfcuw  qdykkup
   hunfq      wsi      xgl aruonyyw
    nupq       ym   yctyvo      ypq
    cwdg       vy uwaxdied    abgbi
 zvmftcv   lkdngw    titje  xtlpijh
   vegje etesqnxl   yvnxdg    eclru
     nsk     xqdw   inoxdl cpuprodx
