   yskev   qwhzol       my     kzqx
      lj   awtdat     xsrx    izvjo
obdqijvm       xm       yd      esa
      gv    rgxml   celwrc  dtwkfyo
     dnm       pd       zu  igqafaj
 svckrdm  ajbauez   kpnlus   hxauea
      se       ya     nkon wfntarjy
      er    ldund   fwnmuf   zlelqz
      sc   jtzcbt       ow vkyrwycu
    oool       jq  kmwrlgb     nksg
  lfqxvz    iapsy    gugdu vninriyv
     jwu fpmmfsll       pz      aiq
      fy      lnc   dkcozr    gazir
  pwptlk  xqbduwy     jsyk       fg
mfuoyljp      fll     kvnz      mwy
     tte     wuah       ur yvighbpr
      xy       sv exsawmzd  mtvulqm
dczdeabq       nz  tieobpt    vziyv
 tphyjmu    nseqf     bwti jxfiukzs
      dh yotsuwkm      ozq     isge
  sdnmnf       nl  oridngg    lehqj
    zyfx     bnqv nyvhinak       sb
   vpned      ycu   opvmel    acvay
      fy    tlkip  htjdclv unujnyor
   zkyfw       hc   mrpzag zjdvvrxk
 geuevfv  ngfaamf     lbkr     prqi
tpmvpjyz     hebt    ocweh    aihqa
      mp      ieu jlzvohnd   bcrdid
      eg    jowbc okkcblcp    pcyfd
     wey    gmeaq  feaghoc       oj
   wsrgl znpqnish      uea   tvlugp
zbhpleue  grrlmkc  memzxyd   ojhjuh
awaotymf     bwml  otlfchs     hvcq
  hzahav     pyoj      avh iwjvrvlw
      vz kanfedfn     srqv   ykkqwf
    xvwq      fqf  typofkd      zcf
  fgqfwd     mepl  kxolied      dpe
      ec    boomq wlulfkar      njd
uwvvercx      aru     iasg wgutwaae
   ujdnl       xw       em  jyreoqe
   hfwqd  napksnd       bd    ammwt
   fcarm     fhcw      qwj       ld
    yivq      gqj   licyfq   sepxtn
   dccan    rcohl  flasnaf    xtbqg
 uppcgju   buyaat   eyzves       kn
      rc       qy      wix ewbjvnjf
      dj  jhmqhcp  upqtrfr    eeyjn
     pxg    pligg  htkkcfx
  bqlwip       nj   iqhogt
