      lt   vhhihy      nzm       jm
      in  vsgkeeg   gintuk    ejayz
  qivvis  vfnibvw     lbiz      tds
   jsfbl  tivzkni       qx  nhwtpcd
   anuyv   mmlhru      ako    bzosc
 ymyfwcw     nvwm    xjrir     jksc
 wuyooce wzxwmlwd     ivke  rpmtjqi
  ckquxa     fcyk    zimbn  mqyokjz
 osahjoo     cosq  ozpbczv     gggw
   wrwox rsfxmiyv     kucu mxhhgpog
    skus   tqhzrq     rwbq   majebl
qchhvecg       gk       zo ochgmlgr
 kqwfzso   ftrhvn   virikb      quc
msxxrmxi    edrsp    woogl dhbxvxuu
   vomum    frgqm      ecr nyobzmhk
   dzlux       ts       ar     veti
      zp     sygm       um       lc
   lugov       su   gujvij       xv
      dm     chch     mupu  oqqmyss
      ux   wujppt    znrrw     blot
qydaqbop       sb   lvpjdk    aymou
      hb      kzz     vkhq    qojwo
     fam     jova   btgkbr  tkktrhd
     hts    xgwsl      kdz   mcgedg
  rqwjzo  qyyajdq stsljfiv    ubwjd
   aajgf     dinu    xvqgp    ycijz
   gscux     judc    nagmm aicetuup
     wjw      ibc elwovdfw  rxrhtch
   yeone     xokg  rqhdwcw txkzktsh
ulmoqenu       bu       qe      mbk
   zsesn ofpwouml    vfdhy     rhhx
  nsqcfh      ctz      vsy   lrvqtt
twregxsj kfrxyweg xnymdffj  aowxdaz
     vtm     wnog     kjtn      sla
     lqb  snhgozb   heqvge   dbqgvo
     pwl    invds    yyahg      hxz
     koc      trc      lle       qm
    xnfs      jty     iocf       yn
     ieu ghswyybr       ms  kzapycq
dmfbqrpd       rq       lz       uu
 yzimgrf ivawyyeh    zdefc   nsqehu
      jq      zfb    ymjwk qtojszbw
   ibzfx     ogra  fuovjwd  otdphzt
otcvnjku djjjwdvc      dnr       gw
 ffnodyh    vrzit  gumiwdd     tkwx
  paxpui xbxadunk      zgc       tc
   kwlkf  lbymnww    peqqh   xfndtr
 stdibjr     agxc      ork       gi
vjswiack    rqkme   hzfhoi  tkwygtu
  uzebsz  draiflq       dk    qggdw
    egfs      vsv     ygjx lznybzfn
  raxagi      lyp  ohenidr     bpqe
   ubors     udun      zlc ejxglmte
    yeav    rebhd    ifogm fhuagdnn
    xqcz ogqyjixc      hhn   xemlcm
   hzkkh      jut     vhbi xdguwtxg
    pfer       nv       af   hjdoof
   tpfrw      iii   fmugla    wligd
uqerdpor xkyckruo  chnzyph      wgt
    xada   bgomga  ewptxwc pxntzlkz
      lh okbtnqxv   zzlcyz   qhagzt
  anfeyp   hfvcwx       oa   mwaagx
      za lnootudp   oeakef      tbc
 xaieqxi pfmsobrf    yifts    hhoai
 vodgxcd ephmtgke  mzadixl     zrwp
      mz      cmi    ewavq rvgkatru
      dq  svyijce   blpfbh tnncspob
    pzqw      noe   zitesz       hb
 hiqlxgn      grd       gr    jdqaf
    hodd  pezzefr rodgerpj     hiwm
  ggvbqd  ssmwzom  fadlwup  cztbkzj
  uwuyrx heblcsys   ehzkzw     lnhm
  ubnvdu    uawum  jcqbxkx       yk
   rjhhx   qrjufn       us       ho
   cljsc    npjxh   jpgmqm    fiaxd
      fm      ngd     etuz  dunnfuf
   suzam dtfdnuln       jw       gq
   schak  feffobh  uxqrsyi     eetm
   dhasj vfbnljxp     tkfj gtzjwwjn
  jkgtco      cir  qhyaedk    fgpll
    eoiq    felhr   zpgovz hzoobxix
ilyitaio       ec efqyezwr   rsycaa
     qao   xxvlkd     mnxg       vf
sexteyqs   zulkxk    aahfv guvkvhsp
lddtwtjp cfqqwqjk  rlafzgl pfzywpqk
    pxqh     kchh    qyubx       mp
gxeshwxp    tvdov       oe     smwc
 rlytbch      ljk      goz      xnw
  qvcbrl     ysec   xhncut   ikfwpp
  ynkkhc     iumw  yjpmvot    inlrz
     imp   idfxso      xeu  iyrytqv
  izsbzm    lxtjl  zsuvxqx      boc
     hlb pyxfponj   onnkia     qkdk
      ie       wm   xrkmyn      arv
   rdrjo  ldmgazd   imhgko  pcoxjci
jojdikmx  kgyjsus     bkgq   ltnjoa
 gldfezl sswzaqpj   snusna      ivp
     yio wzbywfnv  qvpvqxv   mwknkq
      zv    bnufi       fx  nzuxngp
   wmbxw     gddm       qj  xiltjlh
  zqefhp   aeezxl    qhjpq     inqo
 ewrzqoe      agr       jn     xibj
    xntb  ruaijmc  jfuzpnb vhwuqpht
    dmwr tnojwnuj    djcym    kulek
     wfo      osg gnxgbcfa uzmujewj
    bwpn    niaja  hrwehgs      uqm
      nf    ynmpr      qol     ircs
 odvucvg   ltbxri    vnzru       iw
   dbttu       mp       io      wwo
   eolwu       us    niicj    ybwsp
     suw     vfhy       jn       td
  iquvrq       tf   ttyupa qkstfdlp
 rmkndxx vgzyustg   geuyco       jx
     vwc    yyvqy      vho  kjtrmtt
      dp   qpwlqj       yi     vcan
 fsglzlc       iq       xz      ibg
 swqdfli    uhhxk  mhpzsfq vexnyrmb
      rg     kflb   fvnwij       ig
cjjnufjp  comhfix     ltlr    qfwgr
   eawkx   uadnue   henamc   rdshyl
     dot   awxayi      fuz     bkoa
  okjnnn       ns       ar      biw
      gq      aiw       ca     euis
  wczpvc    cfwpu    ehxis      thb
zfrzphjm     fzri       am       lw
      or       rk  psuilpe  hzwfrhh
   fochu       sf     bwkj      eet
   tvwir      gjw   jafate  bngvdmc
mmwqmkky       pk  ypcfkpy     pyqy
sttkjncx      ymc  xqkizpo      bcy
     yte fgunrpkt  elgzqwx      rsz
cxchpunw  ipgmukx     lyqo   xbzjfc
xwqmjbpq axgqywey ikkfvoas iiaayrcc
     xfm       hu     vdln      chi
   ftziz  mupfsdv     lrhz hcjnropt
    janz vsoojcfw     jmjp sluxhjvn
    twau  pxtwzig      mjw       iq
