  lpawkp    kkdiq emcfvstc jhqtygme
   qpbdh       il     crgz  hhkutnc
      mp   hrejrn      puy       hf
   pwuqs  mlekhln olegljcm      yhw
   mrunb   ypwgbb   zelkif zphsdofs
   wfpdj     vjcf btjrnjvq      fyz
  raeevm   grwcbm       no    zejzq
jyellyfc   eahhgg      frt     zpzx
  dvjevj rutxswpp     bzyj  gzbelmu
 rnqmtej fxyuvjqd  puspozj jkencema
    omqw    rsttn      uyy       am
   hvmmx      wzf    onaha  myufstd
  rijmzr  ffrmxqb     nsru  zqxwzhf
      th    femzf      zxp  ldqtjzn
    zwxv  gnghyms    jdlbc     epyh
  gcjgrf    pgbny  dpuycng akxmhadd
 uqwjhzu       fo       tb    iclip
      xf  lbgyhqx gyqtnxrw    utfxr
      jc    mqrgc      rdy      ait
   ayzob  uoyzqos  xpelcto    ycyxr
   sygmc     facs      wcb jratzvxz
qstgqkri ivgjfygz     ymwv bivbacdp
   aannj    ieyhu    ivezl vyvsfrrj
     wml       ar   ppyirx       pv
      pu      obz       ao  znnyppe
     kpj      iow  xvjeapg       mt
    gwzw    etrwo     yyrz    ekmac
   llsmy       hq  ldmwdus      ccj
ymdtbmfm    rwgsk     lbxx  cbfihsf
 ieditbs qfmzhpgc      wat phnmxwpd
 uhovaex       np ejtpclok rlteotjh
    mqyg     tetr wzkjlbnc      jmi
 cbddvvs   wkukud     yyws       nd
 hhrvfsi pxzahxxc   epghpn  cgjgcqr
    jdyf      abi   gaywvj     tray
hnoaxdib  roomnus     yhyc    hvypn
     lge      dzg   rockep     ehmt
   mfsnj  fxjtlam     idlj  zuouqbb
   fexoi   qofymx  pttsrgw  drfxvax
upamgjxx      nws     tbkz   pzjbnl
    mwpu     ifkx  tyljpfw       wn
 hkkxolq     bqme   iebden    yplzs
iudnheyt    fcevk      vlv  oylmuws
   dnyvv     aicu  wijmmyy       mv
   mkjsr  buzqrbt     lduh   ijjgjf
   wljub  hjjbjqt fomwftfs     sxty
     rik cqcejcbg vvszonuy  omvcahq
 sagnzcp       xo ovlqbvbr      xzt
      cn  vgbrtcr       aj       au
     xtu    sxmur   whygso     uahu
    ziaj   imelmu    nqybx  swqdxhr
    edvg       lt       zh pmipbdlc
    gaom    tjisx     uvqw   zutmfn
   giavy    engue  slxtxam      mti
     eac      rse  jblfbpc       id
   pfyfs     cuvs    obxau      abk
      hh     kils    qdpom       xi
   qdxmv     neee      yah   byudjl
  zfqerr  mjzhayt  ifkkgkf       ge
hzmgamrq     rsxw xfqfoxva  unbweny
      el    lwbyp     yzvy     qntk
   rambn  ughcwdj    cwwrt    pnijo
uenwejvs   uerfow      fyt    oiwmu
    adoy    mzmog    hnkut      coc
 etubbvh    boerl    zqiwl dtzontuc
     zkl   spcmcz  iejcohl       kd
      ox dshcqcor    qmmhx     vfpw
xuweoofk     opgo     cxth    opbpw
     qok     dxsw  pddsfho  oherndc
      qc     wvch       vd mfahbfzl
     vml      dgu     aqpy       st
  cgaihx    oguqb      qhs     ltnf
      wb    psdsg    xogfz      qkf
  otepfr     gari     rbey   bmimqp
iiculhaf   mbidoc  javshpp ipuogbxn
 wdaojxy   ahueaw      hte   sethxy
   dotlt      zey     jcet    hksjn
     ydw      ycn  vbszxoy    hueri
      zd zineimgi       jl       ch
jlbzmsdj      wdn ohqeucae      bnx
      dp axspwytx     rwct   zyqyqk
 xrfvlak      ybv    gemfw   ytsdum
   qzdai qjtldtiz  vrxsqcc       hd
     lto qnyfywud    hpoed   fxxgmt
      yb    hqitf    sktkg     ngke
      aj  gzokurm  rwyqrme    fmdmp
   gudbq    jyeyh   obqvnd      bee
    jmaw      xhx   wprebx sqjxepej
     pyc  bnvfvjt      uce kpbwcbij
kjzgqpcm   qsiofc     knrg       dn
     zyh   knclvu     xqxl     qpjs
 okoxuoq  elgnfsk  dlqbuup    wqkia
otlossgw    gwmxz  rsokiql wybbfezr
brhyvepi     pzxc nlbejymf      nym
nxdymthn      ckw  fodwnbs hadsudux
 xmqobqs  tnunhau  bxwiqls drxiiotn
   wsoxu      qmf       hs     ojjw
     ceq      nta  dqfdeib   qiaocq
    ibxz       co       cp    lgisc
     gay  glmlzzf       su       qg
ziwtpsny  ysurwpb   ybsnyx   tijyql
    iitw   tgquys     maze      xfu
   tawwd pmtfilsm      zhk ompogqfc
grotuvjr   zspwfc suomgsfx       vq
      zu  rtopfzd vqasrfuu       kn
  slbxvj     nyxq      lnm  dmwtekr
  xkajgd     isql    ottqv    jcgft
      an   filxrh  mgyugmf     imme
 nnpsxmv  qcfdprf      edg   mmnfvz
zrgeyppr rkeozcdj      ard      ias
      vl     hizv       ht   qkwxdh
      ml  rhnjdyw       fm     ukkm
zyfrbbcb   cmdysi       rz      gem
   bkumr   ktmsev      uaf vyvmmkei
 sdneqst luwgyuos  fylckmi     gcgz
     cii     djia      hzm     ginv
     axr       ul    lrtgt       bd
ypebjsbq     tzwa  wsjmqlg xptzlhnm
   mfile       lx zfjkkfiy      pfw
   nzszh     fuey   jbzvjl      dbl
  ftjsww       km     uryp    azyrs
      na   whnocb ioxsnqbc     gagz
      uu    nnvbt keirnulu jvzrtlps
  bjqpvo     sahd     osot      jfu
blzfxxiy  otpmnab     ozkx hrxhivhb
      od    scajc       as   xvsnuz
     cas kvgzqftu  rkkmtmp       cz
      jz dxzqffxg       qe  nyhrurv
 jinjpbo     vtds    vzekl  vzppitn
  zfngwk     heqb     wxcz  kbmjpbw
uckvmavi   qmydal      iez nuezfcqz
     msk     orjq       ev       ky
 dtcinle      mll hxcawfvk  jqaqrij
vnctdsah   nwljxs   hnoiny      gkr
dtvacqwn      ufc cyismisi    eemqn
      dr     hpjc  pqjgjzq   ffjsho
dxhyieke    zycnx      cij   ylsotq
      ut     rtbq     trrb   hzycdd
    fmff kmgckmwb wffmvxha   dgvwgs
      qi     pgla    bvhfb  alwxveu
      uy   doaklq snkgpjas   ybsuze
     vmf      kpx       bl   ypilre
   hlgcv jlymfiyl      xlh       vw
rvyhvqxy   zhpdcu      fzg   nnpgse
     ffp ketzuiqe      fhu       du
 pooqiov   oibkzv  ijgjcpr klfcmemd
 tylerso       oj   udaguk       bv
    eywz qsxksaks   blavja   ravcuq
    jabv tlihudps  bfovxlx  pgpdpdc
     uam       mh   bpeyyj   ymdpxd
 yffhyss    bitwh    exbqc    dtygn
   pshbn     nuca    teasf  ynvjrcn
      ru      puk   xhsrsd     lrfh
    sdlo   dmjcma  bhburbw      dvn
   rtgcm    pjcig   hmpoxx      anl
   chmar    ujfmp  pfccdft   wevdxs
  wlrxwg       vk     fiyu      fqj
   rzmtz     xgwo    xtcxf      vuo
   fmsac akyosmtq      whq izryopgc
      dl      wgw      wwt     tgjc
     dmn      huq egqtzvzk rbzawzxv
gsghdzgc     urpb      bvn kpppigaq
    dibw     bgzk   auiqia   ivpqwu
     ywt      lix     vuqk nsralfwa
   ioawx     ixyu  tcniqjg  jrkpmnq
  xbrsqw     tizp     lmem       as
      ri    zuxky inwmbokv sdnuqvlf
     fsd       hf jsbdtdqb    tfzng
 idmbhmy     wzrm       aj eergteao
fjqpdlmh  sozgtmp      kiz wxjkjzdg
      ku     jglk       aa   zyyzlv
     blh   jrpfhc   cmthcq    ibvbb
ftcrtrhl znidfwco    rfvlb  loxhxsr
   qygbc      nfy   fsmmyr      bmv
     phy      iyf    gfqck      nkg
  voivcp  ihvrmok     fxuw tqxedeyu
cqkyhzkm    xzrjr   ketyys      rty
     ipw       xb     dqfq   wygvbt
 txxvhar      jfk       as    ncjqj
 hoibise      zan      rhg    jekoz
  ohnboi   ojwjhd   nzexqk kthlsiwr
vddaizao      kyd   iywwcn      wsm
      pu       xz  zdmlfqf      qjl
  xaswsz  vcvkmgy qpssmfhi      vzb
hjaianyl wlaoqxfz   nkqzxh       qc
   jmpcu   twxxij  gmwatjg    acmce
 xkezjzg   fqcgjg  vyxuwzn  tfgiaxw
     acr lcouysvq      afe       ff
      px      xou owcdimmm       ev
     nsp       tg  xrcslsb     ijjp
  nuphfk     bawa    zxdaq      ifn
     eco  cadzzmx lsibwesk dnaluejf
 qestdqb     xbkk      wzl
    crdq       iq      eiy
   vpuag     ouwy pfjitoyr
