kiitoeef       bq    dencw wtdtxvkp
 vqfpvzk       by   zxuqhy ztrtzhoa
hzcobjni sjixxmvt    shqtf       ox
    nbja       tm      bmg       sa
    razx   licdar    cecrt   xzyicx
zwehyton    txhmc   zohsbb uodbhupt
 sevgkre  dbnxnre     yhzy   xyqmwj
     syy       qd   wyzfst     rxmq
      uu frwxlsxe rgtfzaaw   whtymd
  yoycbe       le     jwpw    cmwdi
   cdvse   rrkbxg      rgu      qbs
    kezg  yskmkdn    blesn  afrmkya
      nn       ne      qcg       qw
    caum aikkomue     tghx   mdscac
 iehpqxg qoiyhvbd       af    xjjgc
 yieikcw     zahh   uuwkof smewjyjo
mdjpgftc       bm  rktwlbo     qoag
 bgmzxaf      hpp   cxqhum tllozxjk
   yxmap      zhz odefxkda      ajz
 rgqbwiq   slprjf uhazprje       kw
     xpv    yaepj  nlpfygl       az
    sgoc oogemrxf ppzsfivk      sfb
      fj      wni    qyvvd  gadtrqk
    fqow      qdt  ajatcqg   tszkfw
   rtwsc   rsfqbu   pgsndb  gyyysuz
 xeqgfpg     cdgq     orqe      ndu
plvsgesi       yb   bsptxo    pyzve
    ylog  rkhqkvh  wflhwey     bzim
      ro   zzthku   ytpniz    ckfxf
     lvo uyerckcl   ocroms    tbequ
    yaon   xactct   hkhemp  orqvegr
 huknfqo     fjcz       ik    pgegh
    vijb    khtqm   eusorr  sacaopu
 aktxkof    gvrpx      jjo   yzvspq
      ye     wjbw  znovwwk     gjle
  oslbup     jeca hzyaroud       jz
      kg       mh      oii       cx
  tmpvhk       ya   ltimjz  whguszm
   wjxjg     kypj       fb       zk
vpxrpvyd       ng   ayxdky    zavpj
    xhmy   enafun trwgpuxv      ioh
    dygb  yhzlbss     yrpu    wkseo
hdkvjgzb     znnx       sl  tjkvaag
      gz ivhgyije   oqvhmc    sacad
      yx      nem      xty      szw
  roghgc      fbv    pqnin      pne
     ddd ggeuzeeh  objjlib    ahqap
erjkappx nmxcoysm    spbli      car
crlsclam      sxf phavzgsq     gvtp
     zjw     kueq ndbpyjol       na
    udwv cexyiuqt  siockdb dnozfasv
     ylv  wvcmscg      tox lwgguakq
     brk  ohxwrky     dwtd  rcyvlql
  uwvhyn nysfcgqg    gvexh metkljqc
      cv   fyuvqx   kxjerx jixiukec
   bptad     gtej    vjcak yushgdlu
      ia   kqanzn   gnsuby   klwuzk
  hkwmzt ckifuydu     bssw  vnfsqjm
 lydrbyz     gbky     kiae      azj
 zfjvohu    pospx       sm  iwpeica
budqmrei       qm  hnpciev       cy
   hhjig       bc jswikgdv   kwpcuj
  mopsvo    krdgh   gatwvm      atc
    ljst      fqc  qwciqbb     wfty
  cqzmzy khhvrgoo       te   ntcujz
      xi      ymn      txe       ko
    gqfs       nj   xcdptm     lvlg
     ynn      ozt       kp  ayyzxoe
wczmjvkz    vkqoi       mw    pcdei
    gslb    pvdms     wcla hxapispl
qovtvkiz     ejqy  wgmttld     gove
     cjv       od qhbfiekt   zbbywt
   vybep xkdgslvq    okwac    dcrgs
      aq   dcinuf    dlepn   jyxtgv
sfhfxtzx       fn      lim ludkfvjy
   jidxl    gblzp      aaf dnfdeuan
    vytv   wwvmok  apjrnwn     ktyb
   lxnjx  fazyijf      mtl      phz
   iastf   rmudfb     namh     qmeq
eqihddva teaytfce  bkjzcvu uybmtfqv
 yeinjlj     erkw    oyxpn   gwgdfw
  wykvrb     azgq     eccv     abdg
    jzjw  vcepraw   ehzogu   vtqohm
 eiuzswf myfqkjtz    iupcq  dyxtbxe
 eszuaez      zgt    fgpez  lscpbho
sxsqengl    ssswv   vmxhsq    djpqi
sjfsiomm   cbpdxd   wfaszs      ckl
  iiqmca  kbonsxm mqfbnxma     rehv
wzrlacyd    kvbyb    nyjib    nqnib
     tti   atolyb    usmsr   uhczqx
avlfwezr     vhhk   yvmtrz   evodqw
     fsa      ciy      cde     vscd
      vb  qioelve    eoggi     jdnj
    ygbs   qxfroz    ngclk       ye
jtauilyl  jenopxd    glqlb yydddtxa
  qrrrtt       vy  wprlcaf     ramd
      nx       io    bavds     ofxd
 vpplwjw     rwvq      zwv  udbtbcv
   kkgfd   vdzzft  dbdglax gkksvinp
txkwghpr       ea iubeaqqg      xup
     gxn  stgjcql   kthzdr   dvhaax
    nccq      mwb      wjd jsxhpjso
   yoynr      uzh     sfnr  npswhpn
     rda      hmo      jwn     pegi
 hvdngxh wouqowjw     wmyu       sk
      wg       sm    rysah     jdxr
   lzpsn  lopulof    bodsp    wlgqb
    sgyh  ucyfugw   hkeoae   yuixuf
 ijtrngk  locyhwq xupjzmzp zwfwfjzj
xheomrsx     mfcg    cewht       au
      ay       ho    drblp    odhku
fnxkgysw    delqx lpngrzdv       ss
  pxtdum nlfderqq    yavpt     tltg
    xgyk rjdmcshe  bbyjnok  feltztw
   dqeht      uqm kagkflue       gr
  bqryoh      puq     xded     njoa
 nyjztju       cv jetunzcw    jihau
    znmc      lfx      mpp       nm
fkqmejpj     mcdm     btwg  sxvhfqg
qkaarblb   xskgmq mecjxuxa    jcivy
lmuyruzy      llf   qbdklj    wkxck
      jg   sazpdc  utbweaf      ijf
      bd       at   wqsetk   sfqjhe
    bbas       hp  ewzqtcz   pkvdqy
nxrwrvwc   uwmfgb      bmt    yeehd
 ymxzzxv   nftvvb   lqdjes    wzahi
    rore    lrayg   usczcx   izpjoc
qvuprhpq rmuwtpyw jakovedx       ee
      rj    folog       sk obocxgeh
      rq  vndecib   xpcqjy      app
 lemouwv    ceurw    ylcki  llrcggb
  oycbhu ffljxxsu wdyuhkxc wiykjelz
      sj       uw   zddesr    lccqf
      lc    xvigw      uzj     ebpy
      yy   xuypyd szklptlr  xhypylw
   cprsk    mqzqa       cc  hnnnrzu
      lu    zwcxn       hc       et
ycrccfwx       zn       je      dld
      ak      obb     jsvh  imxldfz
      sg gbyivnbc    ofoxd  sajffaa
    mljt       ag      jpo      jga
 vxpbsts     vnfa   xtywmr    qnjtm
     njb  hsugtkx     cqua  mkokvjf
vpdogjvr    qqwmz      wkj     shis
    auld       kt    edmmj    tvzfe
    sabz    qbodi obgkjmcc    yotwc
      of    mxqfk       bg       nm
     cyb       yz     omwb    trprr
   vzfvs  aioaehq       as   ncdclf
 dvbqbnw       pp     ltaq  xdwwxve
 fuxwxfu  nndgmqa  aqcxede xxqzzrgj
hqsfxfvu       df     qrui       rl
  bubckg      dll divingny vrsacegm
    spla   czbdyc  uwajblm     jjcs
  pnpumo       zj    xwaab       mn
vexrwvab  nqlaadd   ojxajt   ueeukh
 amfmhae    ggvha fvysjbov    ycbow
     nue       ga  sqyyzcq     lami
     bhx       ja      msc sbvwicfr
   jbplc    egyyf     yjyv  rfflzqn
tzwpygvv      mqu     niyu  yfgkeii
   jvzeb suiipscd     nmfr   zwxyvk
  dkszpo  xslfkpj  hysnrbo   kbhpec
      nk  aztycjc  kngkhqr     kybn
  muxhdl      yco  eqwjxdh    niglv
tkavwpib    haaiv pbhnnjdd       ek
      qi wugmyzae     faex      xhq
nweeoton       ej   rcezyz      ghu
   jgahi    joffy    dzplf   qmcezl
      uy zxiqyjks    ihaog       or
 rfuofdg     bssl       mp      qwv
    bepl    snqca  xzhhfeu    pmwyx
 hbvwaot      qho zdnyoslf xsifexqy
     kss   egoiaf     qxjz rhtdfjrx
  zsfvme    kqrxj  jrgkaju    hyvnz
      mr  zmgsvmn      wpo      nfa
     dbc   mjlrqd      jog       jk
   azfpv    gassl   xduazs nctmabqr
      vj mzsgecvo       ze  yeiyycc
    sder   zbihrw       on      plb
      wb      fco  mbhsekl     ohmt
     omw      ixn      nie
      ih       oq yfvejygr
dfdbmunz  vfntofc    brgug
