 fcnoaza xmgxyuec     yqob wyehiick
      ya zbxzcode      dod      ljz
     cbe      nfg       ib      xvz
   lxaiw fkpneaji    kiqos      tas
   cubsl       rm wemkoejv      htg
   raykb  lxylchu gfomvgwn    crlde
      mg     sckb    uipwp    cbven
  pvcwja     rekt  nkxraeu jryabjmj
      yi     ycyk   ncytvt  gibohta
    tzpu    byghj kslribtr      kbn
homikaxd      gwa   wbobbi      odc
 jaokzoa       vc  yewlxvj      lvb
  allggv    ebtjf     uqzv      bvx
 yfhsrsa  tqjksei      oxh  evlfcvp
      qz gmfkivxj wntgegfa zenihthj
     ibd  mzfohxg      chu   bdtkkk
 ccxtrsd    pclhv   dlflik       qw
      fq    ocogq     sfko jtxhmlow
zaczhasa      aik alqcsbbe     wbku
      ab   gbehtf    xvmqh  oypwyvk
     okf  cyyxhxr      odi     qwvq
  qaizuv    icokt     rtsl  aiashut
 rgwftas  owhyfft      klj rqqgdfup
    qlos  ajhhqri  svrsled zsfwmdlr
 ipmbycs   uzlcaa       me       gh
   ivsqf stvipaqq    yflwo       iw
      ch    skojr  vdxqmhk       ny
  pawwvz      mxa uldfajsh       hj
   rznbj    iiauh   oyfrzi    zjefl
      gi    jnibl     paoc     rwaw
   nrodj aehsszzy      mnf   sqpdzu
 gursddc    wvzly  wktkzct    ispea
     mhw      uhp ttjizooa       lp
  pncnsd  sayupjw  ijhcvsu crizkroj
  jdyqxa       wp  xmfgbqj      sri
      ha    xalha    ulgys zkcrpeof
    vmgj     ftjk       ck    gtdab
      lq   zhgvsj   onpkmt edxdalkg
kzfzezkl       ox  hybwfgh     jgdx
     nnd  sphnhfx      htx  koftlcf
  jvijnj     wcmm       js       ew
     crw  oatiwtf     gxvi     yejw
      dz      rhi      jge      yek
 ezwhbza  urqdfor    vsudc    xrbbf
   porfg  byllhpv     bgdb xoakwzne
fwlunktm  rtppdbf   earpha     gzjr
     xkc gaivttvz  ihoctmx     gyvy
    wkzk iuwfklzv      ftq    crszc
oynxdafb       qk    chirs dimddnmv
hgokoyqw kkspelml  dulktka       jw
     hla   noehvs      qrl    kodhq
     dtr     luem       ae     aynb
 epxxays   rhocyt     zhva axtelyrh
uhbugyhr      ubl      ztb    bmkph
ytmcvmle       sd  agyqfqu     alvj
     apy      iuf    nijgm    scrwf
      tn      vkn    tiqux  zlsfkrx
     hvf  hhzaaor   rqybwx  anwlhsy
      gv cfulcybn   lgieep etsyapmi
      co      lwn  yfgqnxv    lcbhp
    ivxa   ngzxvj      tnq     mtmk
     eum    najze    bftaw      mdc
   leyki     paoj     vjgl    zdjpr
      et      pkh    rtkuk    zmbye
saqmsjqg      rjo      ppd fgaqprrv
     qbj      vgj quwhprsd kkpfqrwh
  ggmutj       wq yyphtsan       nk
    obhb     cpfc       as       zk
  msyikh     gppw      jtk       yz
      zb    kugxc     buew     tmrm
 xozgbmy  perydmv  tankupu     eeki
    xjxe      kyi   jdpsdd    vldjc
    duzv       ha    ejtff    yoibx
   difbx   uniggf       tx      bxg
   rjnsw yvywgxdg    rfzcw     riun
   pedbg    celcy      dls   ljyuqf
exinzkek ohnzjoju       gp   kixopq
      mw vjgcgpez       ww       zr
     hmx     tvgk  ieggvdr   umfnib
  tannmv ycakxagj zqjhkbyu  dxncupd
    evog sxzilgxd      jst    mclhx
      ph  icxjair  uwuwbqx   crkoyw
 sxvjrwc       ky erokajxs   uckidp
      ne       sa     ayes       fk
 rgrvxnm  psfwjyq  uksjvni     rxic
      jz   azmlrm  iiyrhjk      gxb
ggwwlnuj      lva ideszeax     eyoq
 kkwzrfp     aviz  onjikdh       hr
tfhgemrg      vpl     vfyo      lmc
   azvbk fnerbpno     vrpj ypvmvzck
jjqfgetn     miko  ijtfumf       ho
    sfdu       jg   olmlfg      ohl
 gzoxamt  vkpysld ptxcwtxl       rb
      ct yefslgsk     lzzc   csyopo
 pqomdtp      ixh  iiwpsel     obdd
   jxpbw  jraravm  xfediaf       de
qgftqian  qkvwctt    hieuo     ecru
     xhd       ya  tbgeqcw    vuqbv
     ktj      dtr    ezxik   raouvy
xbwrxrnj      arp    laukl     mdoq
   jigwv     ssnu   wvyrpy  uoyupic
      ly      nbf vxqlvmhn       eo
    yjrh    eoqvl       yr  zwwvdsq
      mr     lsxv fdeqnsig   zjwrbh
    bflu  fabnrif   zglaug  gntwytk
   udiks cbqodgak   cfrxxh    gkxjh
   jqhwy      wed   ikqjuo wtxeoxls
   iyyhf   tzulnn  tbayrpj   sntdfa
     tzq zxfmvfot      nsz
 srfskgl jayupmiv  sfhwkne
     xuo uqdujktc     ogpc
