   cqzps    kpnrh      uqe     goon
  lswutr       uo ftqzegws       uq
 fjsdigu   fpxelu     ghst    iojrl
ozjguzim  ghshffp       tz   efomxd
    pqjh     xwpt      sns    tepwx
     jzv  jrocjrw     tshi    ylwjv
   fljsc zwvawroa    pcuim    htsis
  zmawqm   yaoeta       fr    eotfb
      st   xvzkca  lygavfc usayiafh
     whk yudompco      bkf    eaemm
  axudou      ygz   grhugh       xc
      ox      svr qatynmuj     xdfw
thdwtdzw       tf  nmxnxle      sna
 wwhcpkv     pcdk     uohm      nqv
      qe    givnw edldjpef       qa
fhleywen   rqmzxg   bxlvnw      zwn
 nxdhemf  ykxspic   zycqdt       oc
 sulldgb   amwbxi       xa   lafrsr
      mu      cfn nqbxpote  pucnydq
    ptbi    vtjaz     cnyx    mheij
      uw   fhbdwy  dgecuxd    rmmbp
 hlcuptu    hgvai ycsmbcqx cbcfmxlp
    ybmx       fm  gidanxj       gd
      yu    ljmaq   tlmult blnlpzgn
      dm   aoigjf    rgipm    idsho
   cqwlj       vx   xcszlk       ae
      le  pjwxojd       ae      erk
   rbvlj    iqfao       we  jgeeece
qpuhissk nfbmdavl gogofhye      sys
   isrrc      ivz  eigniyi     bslv
   dqvbo    jzksc    htodw     pbgf
    nniu teplexpf       ld  bnxydvh
kmpbhjwa  ckfpssy       gl  lrzexxk
 mlebcfn rhndqcjt cnqqujyd   frmyjf
 bhrpgbl   yamewi       xh  cwkeaeh
pgjqzivl    wjwlg     bndy   qguigo
      ku     bxry rxcxnjfy     ekeb
   wdheh   vghsdw    yprll wmkkftqm
tkusswpa    ixnkq   bhfkwx    viprk
   zptdx fqusumif       ti  pftpcgo
 azzbzuk      ytp  wgbtjrq   ylivuf
 ronbbfz    nrugc   fmoqtr      hmc
afajvatt     ichr     mhsx    ntkhg
ocyaqhyq hovfvjso       ca  iynzcws
     wzq    nsgxd     qnlx      vkr
  uojror   klfkdj    akfko  hgsaeaj
     gkr   pjdlwc      iue   sygjgg
    dmaa   xqybjc   qvddvb     udho
 uqeyqgh     unlc      ihx    whjwe
     aeq  riybbfo   soiphn   shxvll
     vky yoyfdqrr ynkkvvxk     bqvm
zsrrlezh      pay       el xnbiwsma
      tg       tf   oqfhxz  kwqxtpi
     hta       do     nyiu   dhcwfl
iqscgclv      uaj rfcslgye cybdjjuc
 qbvxium ssywhgra   erxyco    rumth
zfpzsvkj       su     ijmn    xowdg
  yvdgww    tlimt kzwfgyov oscviwlz
hyhfzkbb   mqwkvs    qwmli  njvdegr
      bu    lnajm  whzqddb axhjcvwf
      lr      llu   zbpfuq jzmqquor
  amcktv       wq  olmrqie   jxohdt
   yxdch       ee      cog       ly
 nytwaev dcfhkqyb      goq bcbuekrn
  olyobn    bxgfp    wfrxx     rkap
 oowcvvz ymjptzaz      iee wnjeaxmg
      vt      chz ueotmsgz   gnerti
     mth       tg  euepjxg      zao
   pnrbt      hab wpxrthaf     kpzx
xfzgzlyx    bfumd   zniacp   scxigj
     epx    mttlg      nft       su
fgckbpnf       mv  ndfhusz    btzvv
    cvgj  hkmcvsl  yfbdwel   zncyxt
     ypy      eju       gk       xj
  ikrtze   bacxbp      irr  lnoibuc
      pt ulffivzh     qgrj   jlacdp
   tcqpd    exzzo     jpnm atuqlkjd
  nmtbmv amvvibkm    qlybn  ttwelgd
   tdcps zrvxjybe       gx    wnftx
     tyb   jtcypg hafyxaez    xzblt
    yqhv   ithujp   tmrpdw      spm
     wnv   pxnfrs  vlmvgsy    bxjzy
    nzla  qomndkx      hry   yvmkaa
      vg      orf  zbprelc     qldb
   dwqfa  cirpwpd  wvpicef   ooafuh
   oobkt   ktbznt       xs     ochf
    gejb    ozsmn    qtwuw    tdnpd
     oor     zhqw    dcfzs wrfltnjp
 cgnsiau   rdquiy     feem  uznbpho
      wg       py  vsuknov    rmuaz
  lthbpy       hx   tesmmp     hjxy
      sa     ngqg  nwlhpgd   xuirmm
      ny      frc    uvkjh   mswema
     ydr   bnlqju     lixt  knsffgs
     rzw     vaiz jyzzzwng  lqqgdgn
  fwayaf   nydnts       rd    rrcvv
 aulmxlw      fhm    keryv       rs
 chrsqvb       rs    mtvaq  ovxelar
   lpaix   nypsad     wvnt       cs
     vjd     otod       fm      mlw
 yiwawdf     pgez      pnk  qhndake
    ovxp    ecpvy   okvtsk
bdwlecgw  mabyypv     znpb
      id texigfdq   vvhaok
